Component: ARM Compiler 5.05 update 1 (build 106) Tool: armlink [4d0efa]

==============================================================================

Section Cross References

    main.o(.text) refers to misc.o(.text) for NVIC_PriorityGroupConfig
    main.o(.text) refers to sys.o(.text) for Stm32_Clock_Init
    main.o(.text) refers to usart.o(.text) for uart_init
    main.o(.text) refers to delay.o(.text) for delay_init
    main.o(.text) refers to led.o(.text) for LED_Init
    main.o(.text) refers to mpu6050.o(.text) for MPU_Init
    main.o(.text) refers to inv_mpu.o(.text) for mpu_dmp_init
    main.o(.text) refers to timer.o(.text) for TIM3_Int_Init
    main.o(.text) refers to stm32f4xx_tim.o(.text) for TIM_GetITStatus
    main.o(.text) refers to imu.o(.text) for Angle_Calcu
    main.o(.text) refers to stm32f4xx_gpio.o(.text) for GPIO_ResetBits
    main.o(.text) refers to pos_mach.o(.text) for usart1_report_imu
    main.o(.text) refers to main.o(.data) for aacz
    main.o(.text) refers to imu.o(.data) for staticflag
    system_stm32f4xx.o(.text) refers to system_stm32f4xx.o(.data) for SystemCoreClock
    startup_stm32f40_41xxx.o(STACK) refers (Special) to heapauxi.o(.text) for __use_two_region_memory
    startup_stm32f40_41xxx.o(HEAP) refers (Special) to heapauxi.o(.text) for __use_two_region_memory
    startup_stm32f40_41xxx.o(RESET) refers (Special) to heapauxi.o(.text) for __use_two_region_memory
    startup_stm32f40_41xxx.o(RESET) refers to startup_stm32f40_41xxx.o(STACK) for __initial_sp
    startup_stm32f40_41xxx.o(RESET) refers to startup_stm32f40_41xxx.o(.text) for Reset_Handler
    startup_stm32f40_41xxx.o(RESET) refers to stm32f4xx_it.o(.text) for NMI_Handler
    startup_stm32f40_41xxx.o(RESET) refers to main.o(.text) for TIM3_IRQHandler
    startup_stm32f40_41xxx.o(RESET) refers to usart.o(.text) for USART1_IRQHandler
    startup_stm32f40_41xxx.o(.text) refers (Special) to heapauxi.o(.text) for __use_two_region_memory
    startup_stm32f40_41xxx.o(.text) refers to system_stm32f4xx.o(.text) for SystemInit
    startup_stm32f40_41xxx.o(.text) refers to __main.o(!!!main) for __main
    startup_stm32f40_41xxx.o(.text) refers to startup_stm32f40_41xxx.o(HEAP) for Heap_Mem
    startup_stm32f40_41xxx.o(.text) refers to startup_stm32f40_41xxx.o(STACK) for Stack_Mem
    stm32f4xx_adc.o(.text) refers to stm32f4xx_rcc.o(.text) for RCC_APB2PeriphResetCmd
    stm32f4xx_can.o(.text) refers to stm32f4xx_rcc.o(.text) for RCC_APB1PeriphResetCmd
    stm32f4xx_cryp.o(.text) refers to stm32f4xx_rcc.o(.text) for RCC_AHB2PeriphResetCmd
    stm32f4xx_cryp_aes.o(.text) refers to stm32f4xx_cryp.o(.text) for CRYP_KeyStructInit
    stm32f4xx_cryp_des.o(.text) refers to stm32f4xx_cryp.o(.text) for CRYP_KeyStructInit
    stm32f4xx_cryp_tdes.o(.text) refers to stm32f4xx_cryp.o(.text) for CRYP_KeyStructInit
    stm32f4xx_dac.o(.text) refers to stm32f4xx_rcc.o(.text) for RCC_APB1PeriphResetCmd
    stm32f4xx_dma2d.o(.text) refers to stm32f4xx_rcc.o(.text) for RCC_AHB1PeriphResetCmd
    stm32f4xx_fsmc.o(.text) refers to stm32f4xx_fsmc.o(.constdata) for FSMC_DefaultTimingStruct
    stm32f4xx_gpio.o(.text) refers to stm32f4xx_rcc.o(.text) for RCC_AHB1PeriphResetCmd
    stm32f4xx_hash.o(.text) refers to stm32f4xx_rcc.o(.text) for RCC_AHB2PeriphResetCmd
    stm32f4xx_hash_md5.o(.text) refers to stm32f4xx_hash.o(.text) for HASH_DeInit
    stm32f4xx_hash_sha1.o(.text) refers to stm32f4xx_hash.o(.text) for HASH_DeInit
    stm32f4xx_i2c.o(.text) refers to stm32f4xx_rcc.o(.text) for RCC_APB1PeriphResetCmd
    stm32f4xx_ltdc.o(.text) refers to stm32f4xx_rcc.o(.text) for RCC_APB2PeriphResetCmd
    stm32f4xx_pwr.o(.text) refers to stm32f4xx_rcc.o(.text) for RCC_APB1PeriphResetCmd
    stm32f4xx_rcc.o(.text) refers to stm32f4xx_rcc.o(.data) for APBAHBPrescTable
    stm32f4xx_rng.o(.text) refers to stm32f4xx_rcc.o(.text) for RCC_AHB2PeriphResetCmd
    stm32f4xx_sai.o(.text) refers to stm32f4xx_rcc.o(.text) for RCC_APB2PeriphResetCmd
    stm32f4xx_sdio.o(.text) refers to stm32f4xx_rcc.o(.text) for RCC_APB2PeriphResetCmd
    stm32f4xx_spi.o(.text) refers to stm32f4xx_rcc.o(.text) for RCC_APB2PeriphResetCmd
    stm32f4xx_syscfg.o(.text) refers to stm32f4xx_rcc.o(.text) for RCC_APB2PeriphResetCmd
    stm32f4xx_tim.o(.text) refers to stm32f4xx_rcc.o(.text) for RCC_APB2PeriphResetCmd
    stm32f4xx_usart.o(.text) refers to stm32f4xx_rcc.o(.text) for RCC_APB2PeriphResetCmd
    stm32f4xx_wwdg.o(.text) refers to stm32f4xx_rcc.o(.text) for RCC_APB1PeriphResetCmd
    delay.o(.text) refers to misc.o(.text) for SysTick_CLKSourceConfig
    delay.o(.text) refers to delay.o(.data) for fac_us
    usart.o(.rev16_text) refers (Special) to use_no_semi_2.o(.text) for __use_no_semihosting
    usart.o(.revsh_text) refers (Special) to use_no_semi_2.o(.text) for __use_no_semihosting
    usart.o(.text) refers (Special) to use_no_semi_2.o(.text) for __use_no_semihosting
    usart.o(.text) refers to stm32f4xx_rcc.o(.text) for RCC_AHB1PeriphClockCmd
[...]
    qS                                       0x08009f68   Data          32  asin.o(.constdata)
    .constdata                               0x08009f88   Section      152  atan.o(.constdata)
    atanhi                                   0x08009f88   Data          32  atan.o(.constdata)
    atanlo                                   0x08009fa8   Data          32  atan.o(.constdata)
    aTodd                                    0x08009fc8   Data          40  atan.o(.constdata)
    aTeven                                   0x08009ff0   Data          48  atan.o(.constdata)
    .constdata                               0x0800a020   Section        8  qnan.o(.constdata)
    .conststring                             0x0800a028   Section       77  inv_mpu.o(.conststring)
    .data                                    0x20000000   Section       24  main.o(.data)
    .data                                    0x20000018   Section       20  system_stm32f4xx.o(.data)
    .data                                    0x2000002c   Section       16  stm32f4xx_rcc.o(.data)
    APBAHBPrescTable                         0x2000002c   Data          16  stm32f4xx_rcc.o(.data)
    .data                                    0x2000003c   Section        4  delay.o(.data)
    fac_us                                   0x2000003c   Data           1  delay.o(.data)
    fac_ms                                   0x2000003e   Data           2  delay.o(.data)
    .data                                    0x20000040   Section        6  usart.o(.data)
    .data                                    0x20000048   Section      240  imu.o(.data)
    x_last                                   0x20000128   Data           8  imu.o(.data)
    p_last                                   0x20000130   Data           8  imu.o(.data)
    .data                                    0x20000138   Section       53  inv_mpu.o(.data)
    st                                       0x20000138   Data          44  inv_mpu.o(.data)
    gyro_orientation                         0x20000164   Data           9  inv_mpu.o(.data)
    .bss                                     0x20000170   Section      200  usart.o(.bss)
    .bss                                     0x20000238   Section       16  imu.o(.bss)
    .bss                                     0x20000248   Section       16  inv_mpu_dmp_motion_driver.o(.bss)
    dmp                                      0x20000248   Data          16  inv_mpu_dmp_motion_driver.o(.bss)
    .bss                                     0x20000258   Section       96  libspace.o(.bss)
    HEAP                                     0x200002b8   Section      512  startup_stm32f40_41xxx.o(HEAP)
    Heap_Mem                                 0x200002b8   Data         512  startup_stm32f40_41xxx.o(HEAP)
    STACK                                    0x200004b8   Section     1024  startup_stm32f40_41xxx.o(STACK)
    Stack_Mem                                0x200004b8   Data        1024  startup_stm32f40_41xxx.o(STACK)
    __initial_sp                             0x200008b8   Data           0  startup_stm32f40_41xxx.o(STACK)

    Global Symbols

    Symbol Name                              Value     Ov Type        Size  Object(Section)

    BuildAttributes$$THM_ISAv4$E$P$D$K$B$S$7EM$VFPi3$EXTD16$VFPS$VFMA$PE$A:L22UL41UL21$X:L11$S22US41US21$IEEE1$IW$USESV6$~STKCKD$USESV7$~SHL$OTIME$ROPI$IEEEX$EBA8$UX$STANDARDLIB$REQ8$PRES8$EABIv2 0x00000000   Number         0  anon$$obj.o ABSOLUTE
    __ARM_use_no_argv                        0x00000000   Number         0  main.o ABSOLUTE
    _printf_flags                            0x00000000   Number         0  printf_stubs.o ABSOLUTE
    _printf_return_value                     0x00000000   Number         0  printf_stubs.o ABSOLUTE
    _printf_sizespec                         0x00000000   Number         0  printf_stubs.o ABSOLUTE
    _printf_widthprec                        0x00000000   Number         0  printf_stubs.o ABSOLUTE
    __ARM_exceptions_init                     - Undefined Weak Reference
    __alloca_initialize                       - Undefined Weak Reference
    __arm_preinit_                            - Undefined Weak Reference
    __cpp_initialize__aeabi_                  - Undefined Weak Reference
    __cxa_finalize                            - Undefined Weak Reference
    __rt_locale                               - Undefined Weak Reference
    __sigvec_lookup                           - Undefined Weak Reference
    _atexit_init                              - Undefined Weak Reference
    _call_atexit_fns                          - Undefined Weak Reference
    _clock_init                               - Undefined Weak Reference
    _fp_trap_init                             - Undefined Weak Reference
    _fp_trap_shutdown                         - Undefined Weak Reference
    _get_lc_collate                           - Undefined Weak Reference
    _get_lc_ctype                             - Undefined Weak Reference
    _get_lc_monetary                          - Undefined Weak Reference
    _get_lc_numeric                           - Undefined Weak Reference
    _get_lc_time                              - Undefined Weak Reference
    _getenv_init                              - Undefined Weak Reference
    _handle_redirection                       - Undefined Weak Reference
    _init_alloc                               - Undefined Weak Reference
    _init_user_alloc                          - Undefined Weak Reference
    _initio                                   - Undefined Weak Reference
    _mutex_acquire                            - Undefined Weak Reference
    _mutex_release                            - Undefined Weak Reference
    _printf_truncate_signed                   - Undefined Weak Reference
    _printf_truncate_unsigned                 - Undefined Weak Reference
    _rand_init                                - Undefined Weak Reference
    _signal_finish                            - Undefined Weak Reference
    _signal_init                              - Undefined Weak Reference
    _terminate_alloc                          - Undefined Weak Reference
    _terminate_user_alloc                     - Undefined Weak Reference
    _terminateio                              - Undefined Weak Reference
    __Vectors_Size                           0x00000188   Number         0  startup_stm32f40_41xxx.o ABSOLUTE
    __Vectors                                0x08000000   Data           4  startup_stm32f40_41xxx.o(RESET)
    __Vectors_End                            0x08000188   Data           0  startup_stm32f40_41xxx.o(RESET)
    __main                                   0x08000189   Thumb Code     8  __main.o(!!!main)
    __scatterload                            0x08000191   Thumb Code     0  __scatter.o(!!!scatter)
    __scatterload_rt2                        0x08000191   Thumb Code    44  __scatter.o(!!!scatter)
    __scatterload_rt2_thumb_only             0x08000191   Thumb Code     0  __scatter.o(!!!scatter)
    __scatterload_null                       0x0800019f   Thumb Code     0  __scatter.o(!!!scatter)
    __decompress                             0x080001c5   Thumb Code    90  __dczerorl2.o(!!dczerorl2)
    __decompress1                            0x080001c5   Thumb Code     0  __dczerorl2.o(!!dczerorl2)
    __scatterload_zeroinit                   0x08000221   Thumb Code    28  __scatter_zi.o(!!handler_zi)
    _printf_d                                0x0800023d   Thumb Code     0  _printf_d.o(.ARM.Collect$$_printf_percent$$00000009)
    _printf_percent                          0x0800023d   Thumb Code     0  _printf_percent.o(.ARM.Collect$$_printf_percent$$00000000)
    _printf_x                                0x08000243   Thumb Code     0  _printf_x.o(.ARM.Collect$$_printf_percent$$0000000C)
    _printf_percent_end                      0x08000249   Thumb Code     0  _printf_percent_end.o(.ARM.Collect$$_printf_percent$$00000017)
    __rt_lib_init                            0x0800024d   Thumb Code     0  libinit.o(.ARM.Collect$$libinit$$00000000)
    __rt_lib_init_fp_1                       0x0800024f   Thumb Code     0  libinit2.o(.ARM.Collect$$libinit$$00000001)
    __rt_lib_init_alloca_1                   0x08000253   Thumb Code     0  libinit2.o(.ARM.Collect$$libinit$$0000002E)
    __rt_lib_init_argv_1                     0x08000253   Thumb Code     0  libinit2.o(.ARM.Collect$$libinit$$0000002C)
    __rt_lib_init_atexit_1                   0x08000253   Thumb Code     0  libinit2.o(.ARM.Collect$$libinit$$0000001B)
    __rt_lib_init_clock_1                    0x08000253   Thumb Code     0  libinit2.o(.ARM.Collect$$libinit$$00000021)
    __rt_lib_init_cpp_1                      0x08000253   Thumb Code     0  libinit2.o(.ARM.Collect$$libinit$$00000032)
    __rt_lib_init_exceptions_1               0x08000253   Thumb Code     0  libinit2.o(.ARM.Collect$$libinit$$00000030)
    __rt_lib_init_fp_trap_1                  0x08000253   Thumb Code     0  libinit2.o(.ARM.Collect$$libinit$$0000001F)
    __rt_lib_init_getenv_1                   0x08000253   Thumb Code     0  libinit2.o(.ARM.Collect$$libinit$$00000023)
    __rt_lib_init_heap_1                     0x08000253   Thumb Code     0  libinit2.o(.ARM.Collect$$libinit$$0000000A)
    __rt_lib_init_lc_collate_1               0x08000253   Thumb Code     0  libinit2.o(.ARM.Collect$$libinit$$00000011)
    __rt_lib_init_lc_ctype_1                 0x08000253   Thumb Code     0  libinit2.o(.ARM.Collect$$libinit$$00000013)
    __rt_lib_init_lc_monetary_1              0x08000253   Thumb Code     0  libinit2.o(.ARM.Collect$$libinit$$00000015)
    __rt_lib_init_lc_numeric_1               0x08000253   Thumb Code     0  libinit2.o(.ARM.Collect$$libinit$$00000017)
    __rt_lib_init_lc_time_1                  0x08000253   Thumb Code     0  libinit2.o(.ARM.Collect$$libinit$$00000019)
    __rt_lib_init_preinit_1                  0x08000253   Thumb Code     0  libinit2.o(.ARM.Collect$$libinit$$00000004)
    __rt_lib_init_rand_1                     0x08000253   Thumb Code     0  libinit2.o(.ARM.Collect$$libinit$$0000000E)
    __rt_lib_init_return                     0x08000253   Thumb Code     0  libinit2.o(.ARM.Collect$$libinit$$00000033)
    __rt_lib_init_signal_1                   0x08000253   Thumb Code     0  libinit2.o(.ARM.Collect$$libinit$$0000001D)
    __rt_lib_init_stdio_1                    0x08000253   Thumb Code     0  libinit2.o(.ARM.Collect$$libinit$$00000025)
    __rt_lib_init_user_alloc_1               0x08000253   Thumb Code     0  libinit2.o(.ARM.Collect$$libinit$$0000000C)
    __rt_lib_shutdown                        0x08000255   Thumb Code     0  libshutdown.o(.ARM.Collect$$libshutdown$$00000000)
    __rt_lib_shutdown_fp_trap_1              0x08000257   Thumb Code     0  libshutdown2.o(.ARM.Collect$$libshutdown$$00000006)
    __rt_lib_shutdown_heap_1                 0x08000257   Thumb Code     0  libshutdown2.o(.ARM.Collect$$libshutdown$$0000000E)
    __rt_lib_shutdown_return                 0x08000257   Thumb Code     0  libshutdown2.o(.ARM.Collect$$libshutdown$$0000000F)
    __rt_lib_shutdown_signal_1               0x08000257   Thumb Code     0  libshutdown2.o(.ARM.Collect$$libshutdown$$00000009)
    __rt_lib_shutdown_stdio_1                0x08000257   Thumb Code     0  libshutdown2.o(.ARM.Collect$$libshutdown$$00000003)
    __rt_lib_shutdown_user_alloc_1           0x08000257   Thumb Code     0  libshutdown2.o(.ARM.Collect$$libshutdown$$0000000B)
    __rt_entry                               0x08000259   Thumb Code     0  __rtentry.o(.ARM.Collect$$rtentry$$00000000)
    __rt_entry_presh_1                       0x08000259   Thumb Code     0  __rtentry2.o(.ARM.Collect$$rtentry$$00000002)
    __rt_entry_sh                            0x08000259   Thumb Code     0  __rtentry4.o(.ARM.Collect$$rtentry$$00000004)
    __rt_entry_li                            0x0800025f   Thumb Code     0  __rtentry2.o(.ARM.Collect$$rtentry$$0000000A)
    __rt_entry_postsh_1                      0x0800025f   Thumb Code     0  __rtentry2.o(.ARM.Collect$$rtentry$$00000009)
    __rt_entry_main                          0x08000263   Thumb Code     0  __rtentry2.o(.ARM.Collect$$rtentry$$0000000D)
    __rt_entry_postli_1                      0x08000263   Thumb Code     0  __rtentry2.o(.ARM.Collect$$rtentry$$0000000C)
    __rt_exit                                0x0800026b   Thumb Code     0  rtexit.o(.ARM.Collect$$rtexit$$00000000)
    __rt_exit_ls                             0x0800026d   Thumb Code     0  rtexit2.o(.ARM.Collect$$rtexit$$00000003)
    __rt_exit_prels_1                        0x0800026d   Thumb Code     0  rtexit2.o(.ARM.Collect$$rtexit$$00000002)
    __rt_exit_exit                           0x08000271   Thumb Code     0  rtexit2.o(.ARM.Collect$$rtexit$$00000004)
    All_init                                 0x08000279   Thumb Code    64  main.o(.text)
    main                                     0x080002b9   Thumb Code     8  main.o(.text)
    TIM3_IRQHandler                          0x080002c1   Thumb Code   144  main.o(.text)
    NMI_Handler                              0x08000385   Thumb Code     2  stm32f4xx_it.o(.text)
    HardFault_Handler                        0x08000387   Thumb Code     4  stm32f4xx_it.o(.text)
    MemManage_Handler                        0x0800038b   Thumb Code     4  stm32f4xx_it.o(.text)
    BusFault_Handler                         0x0800038f   Thumb Code     4  stm32f4xx_it.o(.text)
    UsageFault_Handler                       0x08000393   Thumb Code     4  stm32f4xx_it.o(.text)
    SVC_Handler                              0x08000397   Thumb Code     2  stm32f4xx_it.o(.text)
    DebugMon_Handler                         0x08000399   Thumb Code     2  stm32f4xx_it.o(.text)
    PendSV_Handler                           0x0800039b   Thumb Code     2  stm32f4xx_it.o(.text)
    SysTick_Handler                          0x0800039d   Thumb Code     2  stm32f4xx_it.o(.text)
    SystemInit                               0x0800047d   Thumb Code    88  system_stm32f4xx.o(.text)
    SystemCoreClockUpdate                    0x080004d5   Thumb Code   174  system_stm32f4xx.o(.text)
    Reset_Handler                            0x080005b1   Thumb Code     8  startup_stm32f40_41xxx.o(.text)
    ADC_IRQHandler                           0x080005cb   Thumb Code     0  startup_stm32f40_41xxx.o(.text)
    CAN1_RX0_IRQHandler                      0x080005cb   Thumb Code     0  startup_stm32f40_41xxx.o(.text)
    CAN1_RX1_IRQHandler                      0x080005cb   Thumb Code     0  startup_stm32f40_41xxx.o(.text)
    CAN1_SCE_IRQHandler                      0x080005cb   Thumb Code     0  startup_stm32f40_41xxx.o(.text)
    CAN1_TX_IRQHandler                       0x080005cb   Thumb Code     0  startup_stm32f40_41xxx.o(.text)
    CAN2_RX0_IRQHandler                      0x080005cb   Thumb Code     0  startup_stm32f40_41xxx.o(.text)
    CAN2_RX1_IRQHandler                      0x080005cb   Thumb Code     0  startup_stm32f40_41xxx.o(.text)
    CAN2_SCE_IRQHandler                      0x080005cb   Thumb Code     0  startup_stm32f40_41xxx.o(.text)
    CAN2_TX_IRQHandler                       0x080005cb   Thumb Code     0  startup_stm32f40_41xxx.o(.text)
    CRYP_IRQHandler                          0x080005cb   Thumb Code     0  startup_stm32f40_41xxx.o(.text)
    DCMI_IRQHandler                          0x080005cb   Thumb Code     0  startup_stm32f40_41xxx.o(.text)
    DMA1_Stream0_IRQHandler                  0x080005cb   Thumb Code     0  startup_stm32f40_41xxx.o(.text)
    DMA1_Stream1_IRQHandler                  0x080005cb   Thumb Code     0  startup_stm32f40_41xxx.o(.text)
    DMA1_Stream2_IRQHandler                  0x080005cb   Thumb Code     0  startup_stm32f40_41xxx.o(.text)
    DMA1_Stream3_IRQHandler                  0x080005cb   Thumb Code     0  startup_stm32f40_41xxx.o(.text)
    DMA1_Stream4_IRQHandler                  0x080005cb   Thumb Code     0  startup_stm32f40_41xxx.o(.text)
    DMA1_Stream5_IRQHandler                  0x080005cb   Thumb Code     0  startup_stm32f40_41xxx.o(.text)
    DMA1_Stream6_IRQHandler                  0x080005cb   Thumb Code     0  startup_stm32f40_41xxx.o(.text)
    DMA1_Stream7_IRQHandler                  0x080005cb   Thumb Code     0  startup_stm32f40_41xxx.o(.text)
    DMA2_Stream0_IRQHandler                  0x080005cb   Thumb Code     0  startup_stm32f40_41xxx.o(.text)
    DMA2_Stream1_IRQHandler                  0x080005cb   Thumb Code     0  startup_stm32f40_41xxx.o(.text)
    DMA2_Stream2_IRQHandler                  0x080005cb   Thumb Code     0  startup_stm32f40_41xxx.o(.text)
    DMA2_Stream3_IRQHandler                  0x080005cb   Thumb Code     0  startup_stm32f40_41xxx.o(.text)
    DMA2_Stream4_IRQHandler                  0x080005cb   Thumb Code     0  startup_stm32f40_41xxx.o(.text)
    DMA2_Stream5_IRQHandler                  0x080005cb   Thumb Code     0  startup_stm32f40_41xxx.o(.text)
    DMA2_Stream6_IRQHandler                  0x080005cb   Thumb Code     0  startup_stm32f40_41xxx.o(.text)
    DMA2_Stream7_IRQHandler                  0x080005cb   Thumb Code     0  startup_stm32f40_41xxx.o(.text)
    ETH_IRQHandler                           0x080005cb   Thumb Code     0  startup_stm32f40_41xxx.o(.text)
    ETH_WKUP_IRQHandler                      0x080005cb   Thumb Code     0  startup_stm32f40_41xxx.o(.text)
    EXTI0_IRQHandler                         0x080005cb   Thumb Code     0  startup_stm32f40_41xxx.o(.text)
    EXTI15_10_IRQHandler                     0x080005cb   Thumb Code     0  startup_stm32f40_41xxx.o(.text)
    EXTI1_IRQHandler                         0x080005cb   Thumb Code     0  startup_stm32f40_41xxx.o(.text)
    EXTI2_IRQHandler                         0x080005cb   Thumb Code     0  startup_stm32f40_41xxx.o(.text)
    EXTI3_IRQHandler                         0x080005cb   Thumb Code     0  startup_stm32f40_41xxx.o(.text)
    EXTI4_IRQHandler                         0x080005cb   Thumb Code     0  startup_stm32f40_41xxx.o(.text)
    EXTI9_5_IRQHandler                       0x080005cb   Thumb Code     0  startup_stm32f40_41xxx.o(.text)
    FLASH_IRQHandler                         0x080005cb   Thumb Code     0  startup_stm32f40_41xxx.o(.text)
    FPU_IRQHandler                           0x080005cb   Thumb Code     0  startup_stm32f40_41xxx.o(.text)
    FSMC_IRQHandler                          0x080005cb   Thumb Code     0  startup_stm32f40_41xxx.o(.text)
    HASH_RNG_IRQHandler                      0x080005cb   Thumb Code     0  startup_stm32f40_41xxx.o(.text)
    I2C1_ER_IRQHandler                       0x080005cb   Thumb Code     0  startup_stm32f40_41xxx.o(.text)
    I2C1_EV_IRQHandler                       0x080005cb   Thumb Code     0  startup_stm32f40_41xxx.o(.text)
    I2C2_ER_IRQHandler                       0x080005cb   Thumb Code     0  startup_stm32f40_41xxx.o(.text)
    I2C2_EV_IRQHandler                       0x080005cb   Thumb Code     0  startup_stm32f40_41xxx.o(.text)
    I2C3_ER_IRQHandler                       0x080005cb   Thumb Code     0  startup_stm32f40_41xxx.o(.text)
    I2C3_EV_IRQHandler                       0x080005cb   Thumb Code     0  startup_stm32f40_41xxx.o(.text)
    OTG_FS_IRQHandler                        0x080005cb   Thumb Code     0  startup_stm32f40_41xxx.o(.text)
    OTG_FS_WKUP_IRQHandler                   0x080005cb   Thumb Code     0  startup_stm32f40_41xxx.o(.text)
    OTG_HS_EP1_IN_IRQHandler                 0x080005cb   Thumb Code     0  startup_stm32f40_41xxx.o(.text)
    OTG_HS_EP1_OUT_IRQHandler                0x080005cb   Thumb Code     0  startup_stm32f40_41xxx.o(.text)
    OTG_HS_IRQHandler                        0x080005cb   Thumb Code     0  startup_stm32f40_41xxx.o(.text)
    OTG_HS_WKUP_IRQHandler                   0x080005cb   Thumb Code     0  startup_stm32f40_41xxx.o(.text)
    PVD_IRQHandler                           0x080005cb   Thumb Code     0  startup_stm32f40_41xxx.o(.text)
    RCC_IRQHandler                           0x080005cb   Thumb Code     0  startup_stm32f40_41xxx.o(.text)
    RTC_Alarm_IRQHandler                     0x080005cb   Thumb Code     0  startup_stm32f40_41xxx.o(.text)
    RTC_WKUP_IRQHandler                      0x080005cb   Thumb Code     0  startup_stm32f40_41xxx.o(.text)
    SDIO_IRQHandler                          0x080005cb   Thumb Code     0  startup_stm32f40_41xxx.o(.text)
    SPI1_IRQHandler                          0x080005cb   Thumb Code     0  startup_stm32f40_41xxx.o(.text)
    SPI2_IRQHandler                          0x080005cb   Thumb Code     0  startup_stm32f40_41xxx.o(.text)
    SPI3_IRQHandler                          0x080005cb   Thumb Code     0  startup_stm32f40_41xxx.o(.text)
    TAMP_STAMP_IRQHandler                    0x080005cb   Thumb Code     0  startup_stm32f40_41xxx.o(.text)
    TIM1_BRK_TIM9_IRQHandler                 0x080005cb   Thumb Code     0  startup_stm32f40_41xxx.o(.text)
    TIM1_CC_IRQHandler                       0x080005cb   Thumb Code     0  startup_stm32f40_41xxx.o(.text)
    TIM1_TRG_COM_TIM11_IRQHandler            0x080005cb   Thumb Code     0  startup_stm32f40_41xxx.o(.text)
    TIM1_UP_TIM10_IRQHandler                 0x080005cb   Thumb Code     0  startup_stm32f40_41xxx.o(.text)
    TIM2_IRQHandler                          0x080005cb   Thumb Code     0  startup_stm32f40_41xxx.o(.text)
    TIM4_IRQHandler                          0x080005cb   Thumb Code     0  startup_stm32f40_41xxx.o(.text)
    TIM5_IRQHandler                          0x080005cb   Thumb Code     0  startup_stm32f40_41xxx.o(.text)
    TIM6_DAC_IRQHandler                      0x080005cb   Thumb Code     0  startup_stm32f40_41xxx.o(.text)
    TIM7_IRQHandler                          0x080005cb   Thumb Code     0  startup_stm32f40_41xxx.o(.text)
    TIM8_BRK_TIM12_IRQHandler                0x080005cb   Thumb Code     0  startup_stm32f40_41xxx.o(.text)
    TIM8_CC_IRQHandler                       0x080005cb   Thumb Code     0  startup_stm32f40_41xxx.o(.text)
    TIM8_TRG_COM_TIM14_IRQHandler            0x080005cb   Thumb Code     0  startup_stm32f40_41xxx.o(.text)
    TIM8_UP_TIM13_IRQHandler                 0x080005cb   Thumb Code     0  startup_stm32f40_41xxx.o(.text)
    UART4_IRQHandler                         0x080005cb   Thumb Code     0  startup_stm32f40_41xxx.o(.text)
    UART5_IRQHandler                         0x080005cb   Thumb Code     0  startup_stm32f40_41xxx.o(.text)
    USART2_IRQHandler                        0x080005cb   Thumb Code     0  startup_stm32f40_41xxx.o(.text)
    USART3_IRQHandler                        0x080005cb   Thumb Code     0  startup_stm32f40_41xxx.o(.text)
    USART6_IRQHandler                        0x080005cb   Thumb Code     0  startup_stm32f40_41xxx.o(.text)
    WWDG_IRQHandler                          0x080005cb   Thumb Code     0  startup_stm32f40_41xxx.o(.text)
    __user_initial_stackheap                 0x080005cd   Thumb Code     0  startup_stm32f40_41xxx.o(.text)
    NVIC_PriorityGroupConfig                 0x080005f1   Thumb Code    10  misc.o(.text)
    NVIC_Init                                0x080005fb   Thumb Code   106  misc.o(.text)
    NVIC_SetVectorTable                      0x08000665   Thumb Code    14  misc.o(.text)
    NVIC_SystemLPConfig                      0x08000673   Thumb Code    34  misc.o(.text)
    SysTick_CLKSourceConfig                  0x08000695   Thumb Code    40  misc.o(.text)
    GPIO_DeInit                              0x080006d1   Thumb Code   268  stm32f4xx_gpio.o(.text)
    GPIO_Init                                0x080007dd   Thumb Code   144  stm32f4xx_gpio.o(.text)
    GPIO_StructInit                          0x0800086d   Thumb Code    18  stm32f4xx_gpio.o(.text)
    GPIO_PinLockConfig                       0x0800087f   Thumb Code    34  stm32f4xx_gpio.o(.text)
    GPIO_ReadInputDataBit                    0x080008a1   Thumb Code    18  stm32f4xx_gpio.o(.text)
    GPIO_ReadInputData                       0x080008b3   Thumb Code     8  stm32f4xx_gpio.o(.text)
    GPIO_ReadOutputDataBit                   0x080008bb   Thumb Code    18  stm32f4xx_gpio.o(.text)
    GPIO_ReadOutputData                      0x080008cd   Thumb Code     8  stm32f4xx_gpio.o(.text)
    GPIO_SetBits                             0x080008d5   Thumb Code     4  stm32f4xx_gpio.o(.text)
    GPIO_ResetBits                           0x080008d9   Thumb Code     4  stm32f4xx_gpio.o(.text)
    GPIO_WriteBit                            0x080008dd   Thumb Code    10  stm32f4xx_gpio.o(.text)
    GPIO_Write                               0x080008e7   Thumb Code     4  stm32f4xx_gpio.o(.text)
    GPIO_ToggleBits                          0x080008eb   Thumb Code     8  stm32f4xx_gpio.o(.text)
    GPIO_PinAFConfig                         0x080008f3   Thumb Code    70  stm32f4xx_gpio.o(.text)
    RCC_DeInit                               0x08000965   Thumb Code    82  stm32f4xx_rcc.o(.text)
    RCC_HSEConfig                            0x080009b7   Thumb Code    14  stm32f4xx_rcc.o(.text)
    RCC_GetFlagStatus                        0x080009c5   Thumb Code    60  stm32f4xx_rcc.o(.text)
    RCC_WaitForHSEStartUp                    0x08000a01   Thumb Code    56  stm32f4xx_rcc.o(.text)
    RCC_AdjustHSICalibrationValue            0x08000a39   Thumb Code    20  stm32f4xx_rcc.o(.text)
    RCC_HSICmd                               0x08000a4d   Thumb Code     6  stm32f4xx_rcc.o(.text)
    RCC_LSEConfig                            0x08000a53   Thumb Code    46  stm32f4xx_rcc.o(.text)
    RCC_LSICmd                               0x08000a81   Thumb Code     6  stm32f4xx_rcc.o(.text)
    RCC_PLLConfig                            0x08000a87   Thumb Code    32  stm32f4xx_rcc.o(.text)
    RCC_PLLCmd                               0x08000aa7   Thumb Code     6  stm32f4xx_rcc.o(.text)
    RCC_PLLI2SConfig                         0x08000aad   Thumb Code    14  stm32f4xx_rcc.o(.text)
    RCC_PLLI2SCmd                            0x08000abb   Thumb Code     6  stm32f4xx_rcc.o(.text)
    RCC_PLLSAIConfig                         0x08000ac1   Thumb Code    20  stm32f4xx_rcc.o(.text)
    RCC_PLLSAICmd                            0x08000ad5   Thumb Code     6  stm32f4xx_rcc.o(.text)
    RCC_ClockSecuritySystemCmd               0x08000adb   Thumb Code     6  stm32f4xx_rcc.o(.text)
    RCC_MCO1Config                           0x08000ae1   Thumb Code    28  stm32f4xx_rcc.o(.text)
    RCC_MCO2Config                           0x08000afd   Thumb Code    28  stm32f4xx_rcc.o(.text)
    RCC_SYSCLKConfig                         0x08000b19   Thumb Code    20  stm32f4xx_rcc.o(.text)
    RCC_GetSYSCLKSource                      0x08000b2d   Thumb Code    12  stm32f4xx_rcc.o(.text)
    RCC_HCLKConfig                           0x08000b39   Thumb Code    20  stm32f4xx_rcc.o(.text)
    RCC_PCLK1Config                          0x08000b4d   Thumb Code    20  stm32f4xx_rcc.o(.text)
    RCC_PCLK2Config                          0x08000b61   Thumb Code    22  stm32f4xx_rcc.o(.text)
    RCC_GetClocksFreq                        0x08000b77   Thumb Code   222  stm32f4xx_rcc.o(.text)
    RCC_RTCCLKConfig                         0x08000c55   Thumb Code    54  stm32f4xx_rcc.o(.text)
    RCC_RTCCLKCmd                            0x08000c8b   Thumb Code     8  stm32f4xx_rcc.o(.text)
    RCC_BackupResetCmd                       0x08000c93   Thumb Code     8  stm32f4xx_rcc.o(.text)
    RCC_I2SCLKConfig                         0x08000c9b   Thumb Code     6  stm32f4xx_rcc.o(.text)
    RCC_SAIPLLI2SClkDivConfig                0x08000ca1   Thumb Code    26  stm32f4xx_rcc.o(.text)
    RCC_SAIPLLSAIClkDivConfig                0x08000cbb   Thumb Code    28  stm32f4xx_rcc.o(.text)
    RCC_SAIBlockACLKConfig                   0x08000cd7   Thumb Code    20  stm32f4xx_rcc.o(.text)
    RCC_SAIBlockBCLKConfig                   0x08000ceb   Thumb Code    20  stm32f4xx_rcc.o(.text)
    RCC_LTDCCLKDivConfig                     0x08000cff   Thumb Code    20  stm32f4xx_rcc.o(.text)
    RCC_TIMCLKPresConfig                     0x08000d13   Thumb Code     6  stm32f4xx_rcc.o(.text)
    RCC_AHB1PeriphClockCmd                   0x08000d19   Thumb Code    34  stm32f4xx_rcc.o(.text)
    RCC_AHB2PeriphClockCmd                   0x08000d3b   Thumb Code    78  stm32f4xx_rcc.o(.text)
    RCC_AHB3PeriphClockCmd                   0x08000d89   Thumb Code    34  stm32f4xx_rcc.o(.text)
    RCC_APB1PeriphClockCmd                   0x08000dab   Thumb Code    34  stm32f4xx_rcc.o(.text)
    RCC_APB2PeriphClockCmd                   0x08000dcd   Thumb Code    34  stm32f4xx_rcc.o(.text)
    RCC_AHB1PeriphResetCmd                   0x08000def   Thumb Code    34  stm32f4xx_rcc.o(.text)
    RCC_AHB2PeriphResetCmd                   0x08000e11   Thumb Code    34  stm32f4xx_rcc.o(.text)
    RCC_AHB3PeriphResetCmd                   0x08000e33   Thumb Code    34  stm32f4xx_rcc.o(.text)
    RCC_APB1PeriphResetCmd                   0x08000e55   Thumb Code    34  stm32f4xx_rcc.o(.text)
    RCC_APB2PeriphResetCmd                   0x08000e77   Thumb Code    34  stm32f4xx_rcc.o(.text)
    RCC_AHB1PeriphClockLPModeCmd             0x08000e99   Thumb Code    34  stm32f4xx_rcc.o(.text)
    RCC_AHB2PeriphClockLPModeCmd             0x08000ebb   Thumb Code    34  stm32f4xx_rcc.o(.text)
    RCC_AHB3PeriphClockLPModeCmd             0x08000edd   Thumb Code    34  stm32f4xx_rcc.o(.text)
    RCC_APB1PeriphClockLPModeCmd             0x08000eff   Thumb Code    34  stm32f4xx_rcc.o(.text)
    RCC_APB2PeriphClockLPModeCmd             0x08000f21   Thumb Code    34  stm32f4xx_rcc.o(.text)
    RCC_LSEModeConfig                        0x08000f43   Thumb Code    40  stm32f4xx_rcc.o(.text)
    RCC_ITConfig                             0x08000f6b   Thumb Code    34  stm32f4xx_rcc.o(.text)
    RCC_ClearFlag                            0x08000f8d   Thumb Code    18  stm32f4xx_rcc.o(.text)
    RCC_GetITStatus                          0x08000f9f   Thumb Code    22  stm32f4xx_rcc.o(.text)
    RCC_ClearITPendingBit                    0x08000fb5   Thumb Code     8  stm32f4xx_rcc.o(.text)
    TIM_DeInit                               0x08000fc1   Thumb Code   346  stm32f4xx_tim.o(.text)
    TIM_TimeBaseInit                         0x0800111b   Thumb Code   104  stm32f4xx_tim.o(.text)
    TIM_TimeBaseStructInit                   0x08001183   Thumb Code    18  stm32f4xx_tim.o(.text)
    TIM_PrescalerConfig                      0x08001195   Thumb Code     6  stm32f4xx_tim.o(.text)
    TIM_CounterModeConfig                    0x0800119b   Thumb Code    18  stm32f4xx_tim.o(.text)
    TIM_SetCounter                           0x080011ad   Thumb Code     4  stm32f4xx_tim.o(.text)
    TIM_SetAutoreload                        0x080011b1   Thumb Code     4  stm32f4xx_tim.o(.text)
    TIM_GetCounter                           0x080011b5   Thumb Code     6  stm32f4xx_tim.o(.text)
    TIM_GetPrescaler                         0x080011bb   Thumb Code     6  stm32f4xx_tim.o(.text)
    TIM_UpdateDisableConfig                  0x080011c1   Thumb Code    24  stm32f4xx_tim.o(.text)
    TIM_UpdateRequestConfig                  0x080011d9   Thumb Code    24  stm32f4xx_tim.o(.text)
    TIM_ARRPreloadConfig                     0x080011f1   Thumb Code    24  stm32f4xx_tim.o(.text)
    TIM_SelectOnePulseMode                   0x08001209   Thumb Code    18  stm32f4xx_tim.o(.text)
    TIM_SetClockDivision                     0x0800121b   Thumb Code    18  stm32f4xx_tim.o(.text)
    TIM_Cmd                                  0x0800122d   Thumb Code    24  stm32f4xx_tim.o(.text)
    TIM_OC1Init                              0x08001245   Thumb Code   114  stm32f4xx_tim.o(.text)
    TIM_OC2Init                              0x080012b7   Thumb Code   154  stm32f4xx_tim.o(.text)
    TIM_OC3Init                              0x08001351   Thumb Code   204  stm32f4xx_tim.o(.text)
    TIM_OC4Init                              0x0800141d   Thumb Code   112  stm32f4xx_tim.o(.text)
    TIM_OCStructInit                         0x0800148d   Thumb Code    20  stm32f4xx_tim.o(.text)
    TIM_SelectOCxM                           0x080014a1   Thumb Code    86  stm32f4xx_tim.o(.text)
    TIM_SetCompare1                          0x080014f7   Thumb Code     4  stm32f4xx_tim.o(.text)
    TIM_SetCompare2                          0x080014fb   Thumb Code     4  stm32f4xx_tim.o(.text)
    TIM_SetCompare3                          0x080014ff   Thumb Code     4  stm32f4xx_tim.o(.text)
    TIM_SetCompare4                          0x08001503   Thumb Code     4  stm32f4xx_tim.o(.text)
    TIM_ForcedOC1Config                      0x08001507   Thumb Code    18  stm32f4xx_tim.o(.text)
    TIM_ForcedOC2Config                      0x08001519   Thumb Code    26  stm32f4xx_tim.o(.text)
    TIM_ForcedOC3Config                      0x08001533   Thumb Code    18  stm32f4xx_tim.o(.text)
    TIM_ForcedOC4Config                      0x08001545   Thumb Code    26  stm32f4xx_tim.o(.text)
    TIM_OC1PreloadConfig                     0x0800155f   Thumb Code    18  stm32f4xx_tim.o(.text)
    TIM_OC2PreloadConfig                     0x08001571   Thumb Code    26  stm32f4xx_tim.o(.text)
    TIM_OC3PreloadConfig                     0x0800158b   Thumb Code    18  stm32f4xx_tim.o(.text)
    TIM_OC4PreloadConfig                     0x0800159d   Thumb Code    26  stm32f4xx_tim.o(.text)
    TIM_OC1FastConfig                        0x080015b7   Thumb Code    18  stm32f4xx_tim.o(.text)
    TIM_OC2FastConfig                        0x080015c9   Thumb Code    26  stm32f4xx_tim.o(.text)
    TIM_OC3FastConfig                        0x080015e3   Thumb Code    18  stm32f4xx_tim.o(.text)
    TIM_OC4FastConfig                        0x080015f5   Thumb Code    26  stm32f4xx_tim.o(.text)
    TIM_ClearOC1Ref                          0x0800160f   Thumb Code    18  stm32f4xx_tim.o(.text)
    TIM_ClearOC2Ref                          0x08001621   Thumb Code    24  stm32f4xx_tim.o(.text)
    TIM_ClearOC3Ref                          0x08001639   Thumb Code    18  stm32f4xx_tim.o(.text)
    TIM_ClearOC4Ref                          0x0800164b   Thumb Code    24  stm32f4xx_tim.o(.text)
    TIM_OC1PolarityConfig                    0x08001663   Thumb Code    18  stm32f4xx_tim.o(.text)
    TIM_OC1NPolarityConfig                   0x08001675   Thumb Code    18  stm32f4xx_tim.o(.text)
    TIM_OC2PolarityConfig                    0x08001687   Thumb Code    26  stm32f4xx_tim.o(.text)
    TIM_OC2NPolarityConfig                   0x080016a1   Thumb Code    26  stm32f4xx_tim.o(.text)
    TIM_OC3PolarityConfig                    0x080016bb   Thumb Code    26  stm32f4xx_tim.o(.text)
    TIM_OC3NPolarityConfig                   0x080016d5   Thumb Code    26  stm32f4xx_tim.o(.text)
    TIM_OC4PolarityConfig                    0x080016ef   Thumb Code    26  stm32f4xx_tim.o(.text)
    TIM_CCxCmd                               0x08001709   Thumb Code    30  stm32f4xx_tim.o(.text)
    TIM_CCxNCmd                              0x08001727   Thumb Code    30  stm32f4xx_tim.o(.text)
    TIM_SetIC4Prescaler                      0x08001745   Thumb Code    26  stm32f4xx_tim.o(.text)
    TIM_SetIC3Prescaler                      0x080017af   Thumb Code    18  stm32f4xx_tim.o(.text)
    TIM_SetIC2Prescaler                      0x08001809   Thumb Code    26  stm32f4xx_tim.o(.text)
    TIM_SetIC1Prescaler                      0x0800187d   Thumb Code    18  stm32f4xx_tim.o(.text)
    TIM_ICInit                               0x080018c9   Thumb Code   110  stm32f4xx_tim.o(.text)
    TIM_ICStructInit                         0x08001937   Thumb Code    18  stm32f4xx_tim.o(.text)
    TIM_PWMIConfig                           0x08001949   Thumb Code   124  stm32f4xx_tim.o(.text)
    TIM_GetCapture1                          0x080019c5   Thumb Code     6  stm32f4xx_tim.o(.text)
    TIM_GetCapture2                          0x080019cb   Thumb Code     6  stm32f4xx_tim.o(.text)
    TIM_GetCapture3                          0x080019d1   Thumb Code     6  stm32f4xx_tim.o(.text)
    TIM_GetCapture4                          0x080019d7   Thumb Code     6  stm32f4xx_tim.o(.text)
    TIM_BDTRConfig                           0x080019dd   Thumb Code    32  stm32f4xx_tim.o(.text)
    TIM_BDTRStructInit                       0x080019fd   Thumb Code    18  stm32f4xx_tim.o(.text)
    TIM_CtrlPWMOutputs                       0x08001a0f   Thumb Code    30  stm32f4xx_tim.o(.text)
    TIM_SelectCOM                            0x08001a2d   Thumb Code    24  stm32f4xx_tim.o(.text)
    TIM_CCPreloadControl                     0x08001a45   Thumb Code    24  stm32f4xx_tim.o(.text)
    TIM_ITConfig                             0x08001a5d   Thumb Code    18  stm32f4xx_tim.o(.text)
    TIM_GenerateEvent                        0x08001a6f   Thumb Code     4  stm32f4xx_tim.o(.text)
    TIM_GetFlagStatus                        0x08001a73   Thumb Code    18  stm32f4xx_tim.o(.text)
    TIM_ClearFlag                            0x08001a85   Thumb Code     6  stm32f4xx_tim.o(.text)
    TIM_GetITStatus                          0x08001a8b   Thumb Code    34  stm32f4xx_tim.o(.text)
    TIM_ClearITPendingBit                    0x08001aad   Thumb Code     6  stm32f4xx_tim.o(.text)
    TIM_DMAConfig                            0x08001ab3   Thumb Code    10  stm32f4xx_tim.o(.text)
    TIM_DMACmd                               0x08001abd   Thumb Code    18  stm32f4xx_tim.o(.text)
    TIM_SelectCCDMA                          0x08001acf   Thumb Code    24  stm32f4xx_tim.o(.text)
    TIM_InternalClockConfig                  0x08001ae7   Thumb Code    12  stm32f4xx_tim.o(.text)
    TIM_SelectInputTrigger                   0x08001af3   Thumb Code    18  stm32f4xx_tim.o(.text)
    TIM_ITRxExternalClockConfig              0x08001b05   Thumb Code    24  stm32f4xx_tim.o(.text)
    TIM_TIxExternalClockConfig               0x08001b1d   Thumb Code    62  stm32f4xx_tim.o(.text)
    TIM_ETRConfig                            0x08001b5b   Thumb Code    28  stm32f4xx_tim.o(.text)
    TIM_ETRClockMode1Config                  0x08001b77   Thumb Code    54  stm32f4xx_tim.o(.text)
    TIM_ETRClockMode2Config                  0x08001bad   Thumb Code    32  stm32f4xx_tim.o(.text)
    TIM_SelectOutputTrigger                  0x08001bcd   Thumb Code    18  stm32f4xx_tim.o(.text)
    TIM_SelectSlaveMode                      0x08001bdf   Thumb Code    18  stm32f4xx_tim.o(.text)
    TIM_SelectMasterSlaveMode                0x08001bf1   Thumb Code    18  stm32f4xx_tim.o(.text)
    TIM_EncoderInterfaceConfig               0x08001c03   Thumb Code    66  stm32f4xx_tim.o(.text)
    TIM_SelectHallSensor                     0x08001c45   Thumb Code    24  stm32f4xx_tim.o(.text)
    TIM_RemapConfig                          0x08001c5d   Thumb Code     6  stm32f4xx_tim.o(.text)
    USART_DeInit                             0x08001c65   Thumb Code   206  stm32f4xx_usart.o(.text)
    USART_Init                               0x08001d33   Thumb Code   204  stm32f4xx_usart.o(.text)
    USART_StructInit                         0x08001dff   Thumb Code    24  stm32f4xx_usart.o(.text)
    USART_ClockInit                          0x08001e17   Thumb Code    32  stm32f4xx_usart.o(.text)
    USART_ClockStructInit                    0x08001e37   Thumb Code    12  stm32f4xx_usart.o(.text)
    USART_Cmd                                0x08001e43   Thumb Code    24  stm32f4xx_usart.o(.text)
    USART_SetPrescaler                       0x08001e5b   Thumb Code    16  stm32f4xx_usart.o(.text)
    USART_OverSampling8Cmd                   0x08001e6b   Thumb Code    22  stm32f4xx_usart.o(.text)
    USART_OneBitMethodCmd                    0x08001e81   Thumb Code    24  stm32f4xx_usart.o(.text)
    USART_SendData                           0x08001e99   Thumb Code     8  stm32f4xx_usart.o(.text)
    USART_ReceiveData                        0x08001ea1   Thumb Code    10  stm32f4xx_usart.o(.text)
    USART_SetAddress                         0x08001eab   Thumb Code    18  stm32f4xx_usart.o(.text)
    USART_ReceiverWakeUpCmd                  0x08001ebd   Thumb Code    24  stm32f4xx_usart.o(.text)
    USART_WakeUpConfig                       0x08001ed5   Thumb Code    18  stm32f4xx_usart.o(.text)
    USART_LINBreakDetectLengthConfig         0x08001ee7   Thumb Code    18  stm32f4xx_usart.o(.text)
    USART_LINCmd                             0x08001ef9   Thumb Code    24  stm32f4xx_usart.o(.text)
    USART_SendBreak                          0x08001f11   Thumb Code    10  stm32f4xx_usart.o(.text)
    USART_HalfDuplexCmd                      0x08001f1b   Thumb Code    24  stm32f4xx_usart.o(.text)
    USART_SetGuardTime                       0x08001f33   Thumb Code    16  stm32f4xx_usart.o(.text)
    USART_SmartCardCmd                       0x08001f43   Thumb Code    24  stm32f4xx_usart.o(.text)
    USART_SmartCardNACKCmd                   0x08001f5b   Thumb Code    24  stm32f4xx_usart.o(.text)
    USART_IrDAConfig                         0x08001f73   Thumb Code    18  stm32f4xx_usart.o(.text)
    USART_IrDACmd                            0x08001f85   Thumb Code    24  stm32f4xx_usart.o(.text)
    USART_DMACmd                             0x08001f9d   Thumb Code    18  stm32f4xx_usart.o(.text)
    USART_ITConfig                           0x08001faf   Thumb Code    74  stm32f4xx_usart.o(.text)
    USART_GetFlagStatus                      0x08001ff9   Thumb Code    26  stm32f4xx_usart.o(.text)
    USART_ClearFlag                          0x08002013   Thumb Code    18  stm32f4xx_usart.o(.text)
    USART_GetITStatus                        0x08002025   Thumb Code   118  stm32f4xx_usart.o(.text)
    USART_ClearITPendingBit                  0x0800209b   Thumb Code    30  stm32f4xx_usart.o(.text)
    delay_init                               0x080020b9   Thumb Code    52  delay.o(.text)
    delay_us                                 0x080020ed   Thumb Code    72  delay.o(.text)
    delay_xms                                0x08002135   Thumb Code    72  delay.o(.text)
    delay_ms                                 0x0800217d   Thumb Code    56  delay.o(.text)
    MY_NVIC_SetVectorTable                   0x080021bd   Thumb Code    12  sys.o(.text)
    MY_NVIC_PriorityGroupConfig              0x080021c9   Thumb Code    36  sys.o(.text)
    MY_NVIC_Init                             0x080021ed   Thumb Code   116  sys.o(.text)
    Ex_NVIC_Config                           0x08002261   Thumb Code   168  sys.o(.text)
    GPIO_AF_Set                              0x08002309   Thumb Code    64  sys.o(.text)
    GPIO_Set                                 0x08002349   Thumb Code   222  sys.o(.text)
    WFI_SET                                  0x08002427   Thumb Code     4  sys.o(.text)
    INTX_DISABLE                             0x0800242b   Thumb Code     4  sys.o(.text)
    INTX_ENABLE                              0x0800242f   Thumb Code     4  sys.o(.text)
    Sys_Standby                              0x08002433   Thumb Code    72  sys.o(.text)
    Sys_Soft_Reset                           0x0800247b   Thumb Code    12  sys.o(.text)
    Sys_Clock_Set                            0x08002487   Thumb Code   266  sys.o(.text)
    Stm32_Clock_Init                         0x08002591   Thumb Code   134  sys.o(.text)
    _sys_exit                                0x08002621   Thumb Code     6  usart.o(.text)
    fputc                                    0x08002627   Thumb Code    22  usart.o(.text)
    uart_init                                0x0800263d   Thumb Code   164  usart.o(.text)
    USART1_IRQHandler                        0x080026e1   Thumb Code   122  usart.o(.text)
    MPU_Write_Byte                           0x0800276d   Thumb Code    68  mpu6050.o(.text)
    MPU_Set_LPF                              0x080027b1   Thumb Code    58  mpu6050.o(.text)
    MPU_Set_Rate                             0x080027eb   Thumb Code    58  mpu6050.o(.text)
    MPU_Read_Byte                            0x08002825   Thumb Code    58  mpu6050.o(.text)
    MPU_Set_Accel_Fsr                        0x0800285f   Thumb Code    16  mpu6050.o(.text)
    MPU_Set_Gyro_Fsr                         0x0800286f   Thumb Code    16  mpu6050.o(.text)
    MPU_Init                                 0x0800287f   Thumb Code   122  mpu6050.o(.text)
    MPU_Read_Len                             0x080028f9   Thumb Code   116  mpu6050.o(.text)
    MPU_Get_Temperature                      0x0800296d   Thumb Code   110  mpu6050.o(.text)
    MPU_Get_Gyroscope                        0x080029db   Thumb Code    80  mpu6050.o(.text)
    MPU_Get_Accelerometer                    0x08002a2b   Thumb Code    80  mpu6050.o(.text)
    MPU_Write_Len                            0x08002a7b   Thumb Code    96  mpu6050.o(.text)
    IIC_Init                                 0x08002af1   Thumb Code    50  myiic.o(.text)
    IIC_Start                                0x08002b23   Thumb Code    68  myiic.o(.text)
    IIC_Stop                                 0x08002b67   Thumb Code    62  myiic.o(.text)
    IIC_Wait_Ack                             0x08002ba5   Thumb Code    82  myiic.o(.text)
    IIC_Ack                                  0x08002bf7   Thumb Code    66  myiic.o(.text)
    IIC_NAck                                 0x08002c39   Thumb Code    66  myiic.o(.text)
    IIC_Send_Byte                            0x08002c7b   Thumb Code    90  myiic.o(.text)
    IIC_Read_Byte                            0x08002cd5   Thumb Code    94  myiic.o(.text)
    KalmanFilter                             0x08002d45   Thumb Code   240  imu.o(.text)
    Kalman_Filter_Z                          0x08002e35   Thumb Code  1002  imu.o(.text)
    Kalman_Filter_Y                          0x0800321f   Thumb Code   902  imu.o(.text)
    Kalman_Filter_X                          0x080035a5   Thumb Code   980  imu.o(.text)
    Angle_Calcu                              0x08003979   Thumb Code  1496  imu.o(.text)
    Kalman_biaoding                          0x08003f51   Thumb Code   674  imu.o(.text)
    yijiehubu_P                              0x080041f3   Thumb Code    58  imu.o(.text)
    yijiehubu_R                              0x0800422d   Thumb Code   184  imu.o(.text)
    TIM3_Int_Init                            0x08004381   Thumb Code    88  timer.o(.text)
    usart1_send_char                         0x080043dd   Thumb Code    28  pos_mach.o(.text)
    usart1_niming_report                     0x080043f9   Thumb Code   122  pos_mach.o(.text)
    mpu6050_send_data                        0x08004473   Thumb Code   140  pos_mach.o(.text)
    usart1_report_imu                        0x080044ff   Thumb Code   100  pos_mach.o(.text)
    mpu_reg_dump                             0x080045f3   Thumb Code    84  inv_mpu.o(.text)
    mpu_read_reg                             0x08004647   Thumb Code    66  inv_mpu.o(.text)
    mpu_set_int_latched                      0x08004689   Thumb Code   102  inv_mpu.o(.text)
    mpu_set_sensors                          0x080046ef   Thumb Code   202  inv_mpu.o(.text)
    mpu_set_bypass                           0x080047b9   Thumb Code   328  inv_mpu.o(.text)
    mpu_reset_fifo                           0x08004901   Thumb Code   472  inv_mpu.o(.text)
    mpu_configure_fifo                       0x08004ad9   Thumb Code   106  inv_mpu.o(.text)
    mpu_set_lpf                              0x08004b43   Thumb Code   126  inv_mpu.o(.text)
    mpu_lp_accel_mode                        0x08004bc1   Thumb Code   218  inv_mpu.o(.text)
    mpu_set_sample_rate                      0x08004c9b   Thumb Code   152  inv_mpu.o(.text)
    mpu_set_accel_fsr                        0x08004d33   Thumb Code   132  inv_mpu.o(.text)
    mpu_set_gyro_fsr                         0x08004db7   Thumb Code   132  inv_mpu.o(.text)
    mpu_init                                 0x08004e3b   Thumb Code   416  inv_mpu.o(.text)
    mget_ms                                  0x08004fdb   Thumb Code     2  inv_mpu.o(.text)
    mpu_get_gyro_reg                         0x08004fdd   Thumb Code   110  inv_mpu.o(.text)
    mpu_get_accel_reg                        0x0800504b   Thumb Code   110  inv_mpu.o(.text)
    mpu_get_temperature                      0x080050b9   Thumb Code   142  inv_mpu.o(.text)
    mpu_set_accel_bias                       0x08005147   Thumb Code   472  inv_mpu.o(.text)
    mpu_get_gyro_fsr                         0x0800531f   Thumb Code    64  inv_mpu.o(.text)
    mpu_get_accel_fsr                        0x0800535f   Thumb Code    72  inv_mpu.o(.text)
    mpu_get_lpf                              0x080053a7   Thumb Code    74  inv_mpu.o(.text)
    mpu_get_sample_rate                      0x080053f1   Thumb Code    26  inv_mpu.o(.text)
    mpu_get_compass_sample_rate              0x0800540b   Thumb Code    10  inv_mpu.o(.text)
    mpu_set_compass_sample_rate              0x08005415   Thumb Code     8  inv_mpu.o(.text)
    mpu_get_gyro_sens                        0x0800541d   Thumb Code    74  inv_mpu.o(.text)
    mpu_get_accel_sens                       0x08005467   Thumb Code    78  inv_mpu.o(.text)
    mpu_get_fifo_config                      0x080054b5   Thumb Code    12  inv_mpu.o(.text)
    mpu_get_power_state                      0x080054c1   Thumb Code    22  inv_mpu.o(.text)
    mpu_get_int_status                       0x080054d7   Thumb Code    64  inv_mpu.o(.text)
    mpu_read_fifo                            0x08005517   Thumb Code   520  inv_mpu.o(.text)
    mpu_read_fifo_stream                     0x0800571f   Thumb Code   186  inv_mpu.o(.text)
    mpu_set_int_level                        0x080057d9   Thumb Code    12  inv_mpu.o(.text)
    mpu_set_dmp_state                        0x08005ee9   Thumb Code   138  inv_mpu.o(.text)
    mpu_run_self_test                        0x08005f73   Thumb Code   278  inv_mpu.o(.text)
    mpu_write_mem                            0x08006089   Thumb Code   122  inv_mpu.o(.text)
    mpu_read_mem                             0x08006103   Thumb Code   122  inv_mpu.o(.text)
    mpu_load_firmware                        0x0800617d   Thumb Code   190  inv_mpu.o(.text)
    mpu_get_dmp_state                        0x0800623b   Thumb Code    14  inv_mpu.o(.text)
    setup_compass                            0x08006249   Thumb Code     6  inv_mpu.o(.text)
    mpu_get_compass_reg                      0x0800624f   Thumb Code     8  inv_mpu.o(.text)
    mpu_get_compass_fsr                      0x08006257   Thumb Code     8  inv_mpu.o(.text)
    mpu_lp_motion_interrupt                  0x0800625f   Thumb Code   512  inv_mpu.o(.text)
    run_self_test                            0x0800645f   Thumb Code   154  inv_mpu.o(.text)
    inv_row_2_scale                          0x080064f9   Thumb Code    78  inv_mpu.o(.text)
    inv_orientation_matrix_to_scalar         0x08006547   Thumb Code    40  inv_mpu.o(.text)
    mpu_dmp_init                             0x0800656f   Thumb Code   160  inv_mpu.o(.text)
    mpu_dmp_get_data                         0x0800660f   Thumb Code   520  inv_mpu.o(.text)
    dmp_load_motion_driver_firmware          0x08006829   Thumb Code    20  inv_mpu_dmp_motion_driver.o(.text)
    dmp_set_orientation                      0x0800683d   Thumb Code   290  inv_mpu_dmp_motion_driver.o(.text)
    dmp_set_gyro_bias                        0x0800695f   Thumb Code   294  inv_mpu_dmp_motion_driver.o(.text)
    dmp_set_accel_bias                       0x08006a85   Thumb Code   300  inv_mpu_dmp_motion_driver.o(.text)
    dmp_set_fifo_rate                        0x08006bb1   Thumb Code   136  inv_mpu_dmp_motion_driver.o(.text)
    dmp_get_fifo_rate                        0x08006c39   Thumb Code    12  inv_mpu_dmp_motion_driver.o(.text)
    dmp_set_tap_thresh                       0x08006c45   Thumb Code   412  inv_mpu_dmp_motion_driver.o(.text)
    dmp_set_tap_axes                         0x08006de1   Thumb Code    70  inv_mpu_dmp_motion_driver.o(.text)
    dmp_set_tap_count                        0x08006e27   Thumb Code    38  inv_mpu_dmp_motion_driver.o(.text)
    dmp_set_tap_time                         0x08006e4d   Thumb Code    38  inv_mpu_dmp_motion_driver.o(.text)
    dmp_set_tap_time_multi                   0x08006e73   Thumb Code    38  inv_mpu_dmp_motion_driver.o(.text)
    dmp_set_shake_reject_thresh              0x08006e99   Thumb Code    56  inv_mpu_dmp_motion_driver.o(.text)
    dmp_set_shake_reject_time                0x08006ed1   Thumb Code    38  inv_mpu_dmp_motion_driver.o(.text)
    dmp_set_shake_reject_timeout             0x08006ef7   Thumb Code    38  inv_mpu_dmp_motion_driver.o(.text)
    dmp_get_pedometer_step_count             0x08006f1d   Thumb Code    66  inv_mpu_dmp_motion_driver.o(.text)
    dmp_set_pedometer_step_count             0x08006f5f   Thumb Code    42  inv_mpu_dmp_motion_driver.o(.text)
    dmp_get_pedometer_walk_time              0x08006f89   Thumb Code    72  inv_mpu_dmp_motion_driver.o(.text)
    dmp_set_pedometer_walk_time              0x08006fd1   Thumb Code    48  inv_mpu_dmp_motion_driver.o(.text)
    dmp_enable_6x_lp_quat                    0x08007001   Thumb Code   100  inv_mpu_dmp_motion_driver.o(.text)
    dmp_enable_lp_quat                       0x08007065   Thumb Code    60  inv_mpu_dmp_motion_driver.o(.text)
    dmp_enable_gyro_cal                      0x080070a1   Thumb Code    62  inv_mpu_dmp_motion_driver.o(.text)
    dmp_enable_feature                       0x080070df   Thumb Code   530  inv_mpu_dmp_motion_driver.o(.text)
    dmp_get_enabled_features                 0x080072f1   Thumb Code    12  inv_mpu_dmp_motion_driver.o(.text)
    dmp_set_interrupt_mode                   0x0800735b   Thumb Code    66  inv_mpu_dmp_motion_driver.o(.text)
    dmp_read_fifo                            0x0800739d   Thumb Code   514  inv_mpu_dmp_motion_driver.o(.text)
    dmp_register_tap_cb                      0x0800759f   Thumb Code    10  inv_mpu_dmp_motion_driver.o(.text)
    dmp_register_android_orient_cb           0x080075a9   Thumb Code    10  inv_mpu_dmp_motion_driver.o(.text)
    LED_Init                                 0x080075b9   Thumb Code    60  led.o(.text)
    __use_no_semihosting                     0x080075f9   Thumb Code     2  use_no_semi_2.o(.text)
    __aeabi_ldivmod                          0x080075fb   Thumb Code     0  llsdiv.o(.text)
    _ll_sdiv                                 0x080075fb   Thumb Code    72  llsdiv.o(.text)
    __2printf                                0x08007645   Thumb Code    20  noretval__2printf.o(.text)
    _printf_pre_padding                      0x0800765d   Thumb Code    44  _printf_pad.o(.text)
    _printf_post_padding                     0x08007689   Thumb Code    34  _printf_pad.o(.text)
    _printf_int_dec                          0x080076ad   Thumb Code   104  _printf_dec.o(.text)
    _printf_int_hex                          0x08007725   Thumb Code    84  _printf_hex_int.o(.text)
    _printf_longlong_hex                     0x08007725   Thumb Code     0  _printf_hex_int.o(.text)
    __printf                                 0x0800777d   Thumb Code   308  __printf_flags_wp.o(.text)
    memcmp                                   0x080078b5   Thumb Code    88  memcmp.o(.text)
    __aeabi_memset                           0x0800790d   Thumb Code    16  aeabi_memset.o(.text)
    __use_two_region_memory                  0x0800791d   Thumb Code     2  heapauxi.o(.text)
    __rt_heap_escrow$2region                 0x0800791f   Thumb Code     2  heapauxi.o(.text)
    __rt_heap_expand$2region                 0x08007921   Thumb Code     2  heapauxi.o(.text)
    __I$use$semihosting                      0x08007923   Thumb Code     0  use_no_semi.o(.text)
    __use_no_semihosting_swi                 0x08007923   Thumb Code     2  use_no_semi.o(.text)
    __aeabi_uldivmod                         0x08007925   Thumb Code     0  lludivv7m.o(.text)
    _ll_udiv                                 0x08007925   Thumb Code   238  lludivv7m.o(.text)
    __read_errno                             0x08007a13   Thumb Code    10  _rserrno.o(.text)
    __set_errno                              0x08007a1d   Thumb Code    12  _rserrno.o(.text)
    _printf_int_common                       0x08007a29   Thumb Code   178  _printf_intcommon.o(.text)
    _printf_char_file                        0x08007add   Thumb Code    32  _printf_char_file.o(.text)
    __aeabi_memclr                           0x08007b01   Thumb Code     0  rt_memclr.o(.text)
    __rt_memclr                              0x08007b01   Thumb Code    68  rt_memclr.o(.text)
    _memset                                  0x08007b05   Thumb Code     0  rt_memclr.o(.text)
    __aeabi_errno_addr                       0x08007b45   Thumb Code     8  rt_errno_addr_intlibspace.o(.text)
    __errno$intlibspace                      0x08007b45   Thumb Code     0  rt_errno_addr_intlibspace.o(.text)
    __rt_errno_addr$intlibspace              0x08007b45   Thumb Code     0  rt_errno_addr_intlibspace.o(.text)
    _printf_char_common                      0x08007b57   Thumb Code    32  _printf_char_common.o(.text)
    ferror                                   0x08007b7d   Thumb Code     8  ferror.o(.text)
    __aeabi_memclr4                          0x08007b85   Thumb Code     0  rt_memclr_w.o(.text)
    __aeabi_memclr8                          0x08007b85   Thumb Code     0  rt_memclr_w.o(.text)
    __rt_memclr_w                            0x08007b85   Thumb Code    78  rt_memclr_w.o(.text)
    _memset_w                                0x08007b89   Thumb Code     0  rt_memclr_w.o(.text)
    __user_libspace                          0x08007bd5   Thumb Code     8  libspace.o(.text)
    __user_perproc_libspace                  0x08007bd5   Thumb Code     0  libspace.o(.text)
    __user_perthread_libspace                0x08007bd5   Thumb Code     0  libspace.o(.text)
    __user_setup_stackheap                   0x08007bdd   Thumb Code    74  sys_stackheap_outer.o(.text)
    exit                                     0x08007c27   Thumb Code    12  exit.o(.text)
    __ARM_fpclassify                         0x08007c33   Thumb Code    48  fpclassify.o(i.__ARM_fpclassify)
    __hardfp_asin                            0x08007c69   Thumb Code   770  asin.o(i.__hardfp_asin)
    __hardfp_atan                            0x08007fc9   Thumb Code   622  atan.o(i.__hardfp_atan)
    __hardfp_atan2                           0x080082a1   Thumb Code   432  atan2.o(i.__hardfp_atan2)
    __kernel_poly                            0x08008491   Thumb Code   248  poly.o(i.__kernel_poly)
    __mathlib_dbl_infnan                     0x08008589   Thumb Code    20  dunder.o(i.__mathlib_dbl_infnan)
    __mathlib_dbl_infnan2                    0x0800859d   Thumb Code    20  dunder.o(i.__mathlib_dbl_infnan2)
    __mathlib_dbl_invalid                    0x080085b1   Thumb Code    24  dunder.o(i.__mathlib_dbl_invalid)
    __mathlib_dbl_underflow                  0x080085d1   Thumb Code    24  dunder.o(i.__mathlib_dbl_underflow)
    _is_digit                                0x080085f1   Thumb Code    14  __printf_wp.o(i._is_digit)
    atan                                     0x080085ff   Thumb Code    16  atan.o(i.atan)
    fabs                                     0x0800860f   Thumb Code    24  fabs.o(i.fabs)
    sqrt                                     0x08008627   Thumb Code   110  sqrt.o(i.sqrt)
    __aeabi_dneg                             0x08008695   Thumb Code     0  basic.o(x$fpl$basic)
    _dneg                                    0x08008695   Thumb Code     6  basic.o(x$fpl$basic)
    __aeabi_fneg                             0x0800869b   Thumb Code     0  basic.o(x$fpl$basic)
    _fneg                                    0x0800869b   Thumb Code     6  basic.o(x$fpl$basic)
    _dabs                                    0x080086a1   Thumb Code     6  basic.o(x$fpl$basic)
    _fabs                                    0x080086a7   Thumb Code     6  basic.o(x$fpl$basic)
    __aeabi_d2f                              0x080086ad   Thumb Code     0  d2f.o(x$fpl$d2f)
    _d2f                                     0x080086ad   Thumb Code    98  d2f.o(x$fpl$d2f)
    __aeabi_dadd                             0x08008711   Thumb Code     0  daddsub_clz.o(x$fpl$dadd)
    _dadd                                    0x08008711   Thumb Code   332  daddsub_clz.o(x$fpl$dadd)
    __fpl_dcmp_Inf                           0x08008861   Thumb Code    24  dcmpi.o(x$fpl$dcmpinf)
    __aeabi_ddiv                             0x08008879   Thumb Code     0  ddiv.o(x$fpl$ddiv)
    _ddiv                                    0x08008879   Thumb Code   552  ddiv.o(x$fpl$ddiv)
    __aeabi_i2d                              0x08008b29   Thumb Code     0  dflt_clz.o(x$fpl$dflt)
    _dflt                                    0x08008b29   Thumb Code    46  dflt_clz.o(x$fpl$dflt)
    __aeabi_cdcmple                          0x08008b59   Thumb Code     0  dleqf.o(x$fpl$dleqf)
    _dcmple                                  0x08008b59   Thumb Code   120  dleqf.o(x$fpl$dleqf)
    __fpl_dcmple_InfNaN                      0x08008bbb   Thumb Code     0  dleqf.o(x$fpl$dleqf)
    __aeabi_dmul                             0x08008bd1   Thumb Code     0  dmul.o(x$fpl$dmul)
    _dmul                                    0x08008bd1   Thumb Code   332  dmul.o(x$fpl$dmul)
    __fpl_dnaninf                            0x08008d25   Thumb Code   156  dnaninf.o(x$fpl$dnaninf)
    __fpl_dretinf                            0x08008dc1   Thumb Code    12  dretinf.o(x$fpl$dretinf)
    __aeabi_cdrcmple                         0x08008dcd   Thumb Code     0  drleqf.o(x$fpl$drleqf)
    _drcmple                                 0x08008dcd   Thumb Code   108  drleqf.o(x$fpl$drleqf)
    __aeabi_drsub                            0x08008e39   Thumb Code     0  daddsub_clz.o(x$fpl$drsb)
    _drsb                                    0x08008e39   Thumb Code    22  daddsub_clz.o(x$fpl$drsb)
    _dsqrt                                   0x08008e51   Thumb Code   404  dsqrt_umaal.o(x$fpl$dsqrt)
    __aeabi_dsub                             0x08008fe9   Thumb Code     0  daddsub_clz.o(x$fpl$dsub)
    _dsub                                    0x08008fe9   Thumb Code   464  daddsub_clz.o(x$fpl$dsub)
    __aeabi_f2d                              0x080091bd   Thumb Code     0  f2d.o(x$fpl$f2d)
    _f2d                                     0x080091bd   Thumb Code    86  f2d.o(x$fpl$f2d)
    __fpl_fnaninf                            0x08009213   Thumb Code   140  fnaninf.o(x$fpl$fnaninf)
    _fp_init                                 0x0800929f   Thumb Code    10  fpinit.o(x$fpl$fpinit)
    __fplib_config_fpu_vfp                   0x080092a7   Thumb Code     0  fpinit.o(x$fpl$fpinit)
    __fplib_config_pureend_doubles           0x080092a7   Thumb Code     0  fpinit.o(x$fpl$fpinit)
    __fpl_fretinf                            0x080092a9   Thumb Code    10  fretinf.o(x$fpl$fretinf)
    __I$use$fp                               0x080092b2   Number         0  usenofp.o(x$fpl$usenofp)
    reg                                      0x080092b4   Data          27  inv_mpu.o(.constdata)
    hw                                       0x080092d0   Data          12  inv_mpu.o(.constdata)
    test                                     0x080092dc   Data          40  inv_mpu.o(.constdata)
    __mathlib_zero                           0x0800a020   Data           8  qnan.o(.constdata)
    Region$$Table$$Base                      0x0800a078   Number         0  anon$$obj.o(Region$$Table)
    Region$$Table$$Limit                     0x0800a098   Number         0  anon$$obj.o(Region$$Table)
    pitch                                    0x20000000   Data           4  main.o(.data)
    roll                                     0x20000004   Data           4  main.o(.data)
    yaw                                      0x20000008   Data           4  main.o(.data)
    aacx                                     0x2000000c   Data           2  main.o(.data)
    aacy                                     0x2000000e   Data           2  main.o(.data)
    aacz                                     0x20000010   Data           2  main.o(.data)
    gyrox                                    0x20000012   Data           2  main.o(.data)
    gyroy                                    0x20000014   Data           2  main.o(.data)
    gyroz                                    0x20000016   Data           2  main.o(.data)
    SystemCoreClock                          0x20000018   Data           4  system_stm32f4xx.o(.data)
    AHBPrescTable                            0x2000001c   Data          16  system_stm32f4xx.o(.data)
    __stdout                                 0x20000040   Data           4  usart.o(.data)
    USART_RX_STA                             0x20000044   Data           2  usart.o(.data)
    Accel_x                                  0x20000048   Data           4  imu.o(.data)
    Accel_y                                  0x2000004c   Data           4  imu.o(.data)
    Accel_z                                  0x20000050   Data           4  imu.o(.data)
    Gyro_x                                   0x20000054   Data           4  imu.o(.data)
    Gyro_y                                   0x20000058   Data           4  imu.o(.data)
    Gyro_z                                   0x2000005c   Data           4  imu.o(.data)
    Angle_x_temp                             0x20000060   Data           4  imu.o(.data)
    Angle_y_temp                             0x20000064   Data           4  imu.o(.data)
    Angle_z_temp                             0x20000068   Data           4  imu.o(.data)
    Angle_X_Final                            0x2000006c   Data           4  imu.o(.data)
    Angle_Y_Final                            0x20000070   Data           4  imu.o(.data)
    Angle_Z_Final                            0x20000074   Data           4  imu.o(.data)
    C_0                                      0x20000078   Data           1  imu.o(.data)
    Q_bias_x                                 0x2000007c   Data           4  imu.o(.data)
    Q_bias_y                                 0x20000080   Data           4  imu.o(.data)
    Q_bias_z                                 0x20000084   Data           4  imu.o(.data)
    Angle_err_x                              0x20000088   Data           4  imu.o(.data)
    Angle_err_y                              0x2000008c   Data           4  imu.o(.data)
    Angle_err_z                              0x20000090   Data           4  imu.o(.data)
    PCt_0                                    0x20000094   Data           4  imu.o(.data)
    PCt_1                                    0x20000098   Data           4  imu.o(.data)
    E                                        0x2000009c   Data           4  imu.o(.data)
    K_0                                      0x200000a0   Data           4  imu.o(.data)
    K_1                                      0x200000a4   Data           4  imu.o(.data)
    t_0                                      0x200000a8   Data           4  imu.o(.data)
    t_1                                      0x200000ac   Data           4  imu.o(.data)
    PP                                       0x200000b0   Data          16  imu.o(.data)
    Angle_X_1_sum                            0x200000c0   Data           4  imu.o(.data)
    Angle_Y_1_sum                            0x200000c4   Data           4  imu.o(.data)
    Angle_Z_1_sum                            0x200000c8   Data           4  imu.o(.data)
    Angle_X_1                                0x200000cc   Data           4  imu.o(.data)
    Angle_Y_1                                0x200000d0   Data           4  imu.o(.data)
    Angle_Z_1                                0x200000d4   Data           4  imu.o(.data)
    Angle_X_2_sum                            0x200000d8   Data           4  imu.o(.data)
    Angle_Y_2_sum                            0x200000dc   Data           4  imu.o(.data)
    Angle_Z_2_sum                            0x200000e0   Data           4  imu.o(.data)
    Angle_X_2                                0x200000e4   Data           4  imu.o(.data)
    Angle_Y_2                                0x200000e8   Data           4  imu.o(.data)
    Angle_Z_2                                0x200000ec   Data           4  imu.o(.data)
    Angle_X_static                           0x200000f0   Data           4  imu.o(.data)
    Angle_Y_static                           0x200000f4   Data           4  imu.o(.data)
    Angle_Z_static                           0x200000f8   Data           4  imu.o(.data)
    Angle_X                                  0x200000fc   Data           4  imu.o(.data)
    Angle_Y                                  0x20000100   Data           4  imu.o(.data)
    Angle_Z                                  0x20000104   Data           4  imu.o(.data)
    Xstaticflag                              0x20000108   Data           1  imu.o(.data)
    Ystaticflag                              0x20000109   Data           1  imu.o(.data)
    Zstaticflag                              0x2000010a   Data           1  imu.o(.data)
    staticflag                               0x2000010b   Data           1  imu.o(.data)
    st                                       0x2000010c   Data           4  imu.o(.data)
    angle_P                                  0x20000110   Data           4  imu.o(.data)
    angle_R                                  0x20000114   Data           4  imu.o(.data)
    A_P                                      0x20000118   Data           4  imu.o(.data)
    A_R                                      0x2000011c   Data           4  imu.o(.data)
    A2_P                                     0x20000120   Data           4  imu.o(.data)
    USART_RX_BUF                             0x20000170   Data         200  usart.o(.bss)
    Pdot                                     0x20000238   Data          16  imu.o(.bss)
    __libspace_start                         0x20000258   Data          96  libspace.o(.bss)
    __temporary_stack_top$libspace           0x200002b8   Data           0  libspace.o(.bss)



==============================================================================

Memory Map of the image

  Image Entry point : 0x08000189

  Load Region LR_IROM1 (Base: 0x08000000, Size: 0x0000a208, Max: 0x00100000, ABSOLUTE, COMPRESSED[0x0000a0c8])

    Execution Region ER_IROM1 (Base: 0x08000000, Size: 0x0000a098, Max: 0x00100000, ABSOLUTE)

    Base Addr    Size         Type   Attr      Idx    E Section Name        Object

    0x08000000   0x00000188   Data   RO          225    RESET               startup_stm32f40_41xxx.o
    0x08000188   0x00000008   Code   RO         1334  * !!!main             c_w.l(__main.o)
    0x08000190   0x00000034   Code   RO         1644    !!!scatter          c_w.l(__scatter.o)
    0x080001c4   0x0000005a   Code   RO         1642    !!dczerorl2         c_w.l(__dczerorl2.o)
    0x0800021e   0x00000002   PAD
    0x08000220   0x0000001c   Code   RO         1646    !!handler_zi        c_w.l(__scatter_zi.o)
    0x0800023c   0x00000000   Code   RO         1327    .ARM.Collect$$_printf_percent$$00000000  c_w.l(_printf_percent.o)
    0x0800023c   0x00000006   Code   RO         1326    .ARM.Collect$$_printf_percent$$00000009  c_w.l(_printf_d.o)
    0x08000242   0x00000006   Code   RO         1325    .ARM.Collect$$_printf_percent$$0000000C  c_w.l(_printf_x.o)
    0x08000248   0x00000004   Code   RO         1401    .ARM.Collect$$_printf_percent$$00000017  c_w.l(_printf_percent_end.o)
    0x0800024c   0x00000002   Code   RO         1516    .ARM.Collect$$libinit$$00000000  c_w.l(libinit.o)
    0x0800024e   0x00000004   Code   RO         1523    .ARM.Collect$$libinit$$00000001  c_w.l(libinit2.o)
    0x08000252   0x00000000   Code   RO         1526    .ARM.Collect$$libinit$$00000004  c_w.l(libinit2.o)
    0x08000252   0x00000000   Code   RO         1529    .ARM.Collect$$libinit$$0000000A  c_w.l(libinit2.o)
    0x08000252   0x00000000   Code   RO         1531    .ARM.Collect$$libinit$$0000000C  c_w.l(libinit2.o)
    0x08000252   0x00000000   Code   RO         1533    .ARM.Collect$$libinit$$0000000E  c_w.l(libinit2.o)
    0x08000252   0x00000000   Code   RO         1536    .ARM.Collect$$libinit$$00000011  c_w.l(libinit2.o)
    0x08000252   0x00000000   Code   RO         1538    .ARM.Collect$$libinit$$00000013  c_w.l(libinit2.o)
    0x08000252   0x00000000   Code   RO         1540    .ARM.Collect$$libinit$$00000015  c_w.l(libinit2.o)
    0x08000252   0x00000000   Code   RO         1542    .ARM.Collect$$libinit$$00000017  c_w.l(libinit2.o)
    0x08000252   0x00000000   Code   RO         1544    .ARM.Collect$$libinit$$00000019  c_w.l(libinit2.o)
    0x08000252   0x00000000   Code   RO         1546    .ARM.Collect$$libinit$$0000001B  c_w.l(libinit2.o)
    0x08000252   0x00000000   Code   RO         1548    .ARM.Collect$$libinit$$0000001D  c_w.l(libinit2.o)
    0x08000252   0x00000000   Code   RO         1550    .ARM.Collect$$libinit$$0000001F  c_w.l(libinit2.o)
    0x08000252   0x00000000   Code   RO         1552    .ARM.Collect$$libinit$$00000021  c_w.l(libinit2.o)
    0x08000252   0x00000000   Code   RO         1554    .ARM.Collect$$libinit$$00000023  c_w.l(libinit2.o)
    0x08000252   0x00000000   Code   RO         1556    .ARM.Collect$$libinit$$00000025  c_w.l(libinit2.o)
    0x08000252   0x00000000   Code   RO         1560    .ARM.Collect$$libinit$$0000002C  c_w.l(libinit2.o)
    0x08000252   0x00000000   Code   RO         1562    .ARM.Collect$$libinit$$0000002E  c_w.l(libinit2.o)
    0x08000252   0x00000000   Code   RO         1564    .ARM.Collect$$libinit$$00000030  c_w.l(libinit2.o)
    0x08000252   0x00000000   Code   RO         1566    .ARM.Collect$$libinit$$00000032  c_w.l(libinit2.o)
    0x08000252   0x00000002   Code   RO         1567    .ARM.Collect$$libinit$$00000033  c_w.l(libinit2.o)
    0x08000254   0x00000002   Code   RO         1595    .ARM.Collect$$libshutdown$$00000000  c_w.l(libshutdown.o)
    0x08000256   0x00000000   Code   RO         1610    .ARM.Collect$$libshutdown$$00000003  c_w.l(libshutdown2.o)
    0x08000256   0x00000000   Code   RO         1613    .ARM.Collect$$libshutdown$$00000006  c_w.l(libshutdown2.o)
    0x08000256   0x00000000   Code   RO         1616    .ARM.Collect$$libshutdown$$00000009  c_w.l(libshutdown2.o)
    0x08000256   0x00000000   Code   RO         1618    .ARM.Collect$$libshutdown$$0000000B  c_w.l(libshutdown2.o)
    0x08000256   0x00000000   Code   RO         1621    .ARM.Collect$$libshutdown$$0000000E  c_w.l(libshutdown2.o)
    0x08000256   0x00000002   Code   RO         1622    .ARM.Collect$$libshutdown$$0000000F  c_w.l(libshutdown2.o)
    0x08000258   0x00000000   Code   RO         1392    .ARM.Collect$$rtentry$$00000000  c_w.l(__rtentry.o)
    0x08000258   0x00000000   Code   RO         1467    .ARM.Collect$$rtentry$$00000002  c_w.l(__rtentry2.o)
    0x08000258   0x00000006   Code   RO         1479    .ARM.Collect$$rtentry$$00000004  c_w.l(__rtentry4.o)
    0x0800025e   0x00000000   Code   RO         1469    .ARM.Collect$$rtentry$$00000009  c_w.l(__rtentry2.o)
    0x0800025e   0x00000004   Code   RO         1470    .ARM.Collect$$rtentry$$0000000A  c_w.l(__rtentry2.o)
    0x08000262   0x00000000   Code   RO         1472    .ARM.Collect$$rtentry$$0000000C  c_w.l(__rtentry2.o)
    0x08000262   0x00000008   Code   RO         1473    .ARM.Collect$$rtentry$$0000000D  c_w.l(__rtentry2.o)
    0x0800026a   0x00000002   Code   RO         1517    .ARM.Collect$$rtexit$$00000000  c_w.l(rtexit.o)
    0x0800026c   0x00000000   Code   RO         1569    .ARM.Collect$$rtexit$$00000002  c_w.l(rtexit2.o)
    0x0800026c   0x00000004   Code   RO         1570    .ARM.Collect$$rtexit$$00000003  c_w.l(rtexit2.o)
    0x08000270   0x00000006   Code   RO         1571    .ARM.Collect$$rtexit$$00000004  c_w.l(rtexit2.o)
    0x08000276   0x00000002   PAD
    0x08000278   0x0000010c   Code   RO            3    .text               main.o
    0x08000384   0x0000001a   Code   RO          176    .text               stm32f4xx_it.o
    0x0800039e   0x00000002   PAD
    0x080003a0   0x00000210   Code   RO          199    .text               system_stm32f4xx.o
    0x080005b0   0x00000040   Code   RO          226    .text               startup_stm32f40_41xxx.o
    0x080005f0   0x000000e0   Code   RO          232    .text               misc.o
    0x080006d0   0x00000294   Code   RO          607    .text               stm32f4xx_gpio.o
    0x08000964   0x0000065c   Code   RO          770    .text               stm32f4xx_rcc.o
    0x08000fc0   0x00000ca2   Code   RO          915    .text               stm32f4xx_tim.o
    0x08001c62   0x00000002   PAD
    0x08001c64   0x00000454   Code   RO          935    .text               stm32f4xx_usart.o
    0x080020b8   0x00000104   Code   RO          975    .text               delay.o
    0x080021bc   0x00000464   Code   RO          998    .text               sys.o
    0x08002620   0x0000014c   Code   RO         1021    .text               usart.o
    0x0800276c   0x00000384   Code   RO         1052    .text               mpu6050.o
    0x08002af0   0x00000254   Code   RO         1076    .text               myiic.o
    0x08002d44   0x0000163c   Code   RO         1094    .text               imu.o
    0x08004380   0x0000005c   Code   RO         1120    .text               timer.o
    0x080043dc   0x0000018c   Code   RO         1140    .text               pos_mach.o
    0x08004568   0x000022c0   Code   RO         1160    .text               inv_mpu.o
    0x08006828   0x00000d90   Code   RO         1198    .text               inv_mpu_dmp_motion_driver.o
    0x080075b8   0x00000040   Code   RO         1250    .text               led.o
    0x080075f8   0x00000002   Code   RO         1270    .text               c_w.l(use_no_semi_2.o)
    0x080075fa   0x00000048   Code   RO         1272    .text               c_w.l(llsdiv.o)
    0x08007642   0x00000002   PAD
    0x08007644   0x00000018   Code   RO         1276    .text               c_w.l(noretval__2printf.o)
    0x0800765c   0x0000004e   Code   RO         1280    .text               c_w.l(_printf_pad.o)
    0x080076aa   0x00000002   PAD
    0x080076ac   0x00000078   Code   RO         1282    .text               c_w.l(_printf_dec.o)
    0x08007724   0x00000058   Code   RO         1287    .text               c_w.l(_printf_hex_int.o)
    0x0800777c   0x00000138   Code   RO         1317    .text               c_w.l(__printf_flags_wp.o)
    0x080078b4   0x00000058   Code   RO         1328    .text               c_w.l(memcmp.o)
    0x0800790c   0x00000010   Code   RO         1330    .text               c_w.l(aeabi_memset.o)
    0x0800791c   0x00000006   Code   RO         1332    .text               c_w.l(heapauxi.o)
    0x08007922   0x00000002   Code   RO         1390    .text               c_w.l(use_no_semi.o)
    0x08007924   0x000000ee   Code   RO         1393    .text               c_w.l(lludivv7m.o)
    0x08007a12   0x00000016   Code   RO         1395    .text               c_w.l(_rserrno.o)
    0x08007a28   0x000000b2   Code   RO         1397    .text               c_w.l(_printf_intcommon.o)
    0x08007ada   0x00000002   PAD
    0x08007adc   0x00000024   Code   RO         1399    .text               c_w.l(_printf_char_file.o)
    0x08007b00   0x00000044   Code   RO         1402    .text               c_w.l(rt_memclr.o)
    0x08007b44   0x00000008   Code   RO         1488    .text               c_w.l(rt_errno_addr_intlibspace.o)
    0x08007b4c   0x00000030   Code   RO         1490    .text               c_w.l(_printf_char_common.o)
    0x08007b7c   0x00000008   Code   RO         1492    .text               c_w.l(ferror.o)
    0x08007b84   0x0000004e   Code   RO         1496    .text               c_w.l(rt_memclr_w.o)
    0x08007bd2   0x00000002   PAD
    0x08007bd4   0x00000008   Code   RO         1500    .text               c_w.l(libspace.o)
    0x08007bdc   0x0000004a   Code   RO         1503    .text               c_w.l(sys_stackheap_outer.o)
    0x08007c26   0x0000000c   Code   RO         1509    .text               c_w.l(exit.o)
    0x08007c32   0x00000030   Code   RO         1449    i.__ARM_fpclassify  m_wm.l(fpclassify.o)
    0x08007c62   0x00000006   PAD
    0x08007c68   0x00000360   Code   RO         1364    i.__hardfp_asin     m_wm.l(asin.o)
    0x08007fc8   0x000002d8   Code   RO         1415    i.__hardfp_atan     m_wm.l(atan.o)
    0x080082a0   0x000001f0   Code   RO         1378    i.__hardfp_atan2    m_wm.l(atan2.o)
    0x08008490   0x000000f8   Code   RO         1451    i.__kernel_poly     m_wm.l(poly.o)
    0x08008588   0x00000014   Code   RO         1430    i.__mathlib_dbl_infnan  m_wm.l(dunder.o)
    0x0800859c   0x00000014   Code   RO         1431    i.__mathlib_dbl_infnan2  m_wm.l(dunder.o)
    0x080085b0   0x00000020   Code   RO         1432    i.__mathlib_dbl_invalid  m_wm.l(dunder.o)
    0x080085d0   0x00000020   Code   RO         1435    i.__mathlib_dbl_underflow  m_wm.l(dunder.o)
    0x080085f0   0x0000000e   Code   RO         1315    i._is_digit         c_w.l(__printf_wp.o)
    0x080085fe   0x00000010   Code   RO         1417    i.atan              m_wm.l(atan.o)
    0x0800860e   0x00000018   Code   RO         1445    i.fabs              m_wm.l(fabs.o)
    0x08008626   0x0000006e   Code   RO         1456    i.sqrt              m_wm.l(sqrt.o)
    0x08008694   0x00000018   Code   RO         1336    x$fpl$basic         fz_wm.l(basic.o)
    0x080086ac   0x00000062   Code   RO         1338    x$fpl$d2f           fz_wm.l(d2f.o)
    0x0800870e   0x00000002   PAD
    0x08008710   0x00000150   Code   RO         1340    x$fpl$dadd          fz_wm.l(daddsub_clz.o)
    0x08008860   0x00000018   Code   RO         1404    x$fpl$dcmpinf       fz_wm.l(dcmpi.o)
    0x08008878   0x000002b0   Code   RO         1347    x$fpl$ddiv          fz_wm.l(ddiv.o)
    0x08008b28   0x0000002e   Code   RO         1351    x$fpl$dflt          fz_wm.l(dflt_clz.o)
    0x08008b56   0x00000002   PAD
    0x08008b58   0x00000078   Code   RO         1356    x$fpl$dleqf         fz_wm.l(dleqf.o)
    0x08008bd0   0x00000154   Code   RO         1358    x$fpl$dmul          fz_wm.l(dmul.o)
    0x08008d24   0x0000009c   Code   RO         1406    x$fpl$dnaninf       fz_wm.l(dnaninf.o)
    0x08008dc0   0x0000000c   Code   RO         1408    x$fpl$dretinf       fz_wm.l(dretinf.o)
    0x08008dcc   0x0000006c   Code   RO         1360    x$fpl$drleqf        fz_wm.l(drleqf.o)
    0x08008e38   0x00000016   Code   RO         1341    x$fpl$drsb          fz_wm.l(daddsub_clz.o)
    0x08008e4e   0x00000002   PAD
    0x08008e50   0x00000198   Code   RO         1498    x$fpl$dsqrt         fz_wm.l(dsqrt_umaal.o)
    0x08008fe8   0x000001d4   Code   RO         1342    x$fpl$dsub          fz_wm.l(daddsub_clz.o)
    0x080091bc   0x00000056   Code   RO         1362    x$fpl$f2d           fz_wm.l(f2d.o)
    0x08009212   0x0000008c   Code   RO         1410    x$fpl$fnaninf       fz_wm.l(fnaninf.o)
    0x0800929e   0x0000000a   Code   RO         1583    x$fpl$fpinit        fz_wm.l(fpinit.o)
    0x080092a8   0x0000000a   Code   RO         1412    x$fpl$fretinf       fz_wm.l(fretinf.o)
    0x080092b2   0x00000000   Code   RO         1414    x$fpl$usenofp       fz_wm.l(usenofp.o)
    0x080092b2   0x00000002   PAD
    0x080092b4   0x00000050   Data   RO         1161    .constdata          inv_mpu.o
    0x08009304   0x00000bf6   Data   RO         1200    .constdata          inv_mpu_dmp_motion_driver.o
    0x08009efa   0x00000028   Data   RO         1288    .constdata          c_w.l(_printf_hex_int.o)
    0x08009f22   0x00000011   Data   RO         1318    .constdata          c_w.l(__printf_flags_wp.o)
    0x08009f33   0x00000005   PAD
    0x08009f38   0x00000050   Data   RO         1367    .constdata          m_wm.l(asin.o)
    0x08009f88   0x00000098   Data   RO         1418    .constdata          m_wm.l(atan.o)
    0x0800a020   0x00000008   Data   RO         1453    .constdata          m_wm.l(qnan.o)
    0x0800a028   0x0000004d   Data   RO         1162    .conststring        inv_mpu.o
    0x0800a075   0x00000003   PAD
    0x0800a078   0x00000020   Data   RO         1640    Region$$Table       anon$$obj.o


    Execution Region RW_IRAM1 (Base: 0x20000000, Size: 0x000008b8, Max: 0x00020000, ABSOLUTE, COMPRESSED[0x00000030])

    Base Addr    Size         Type   Attr      Idx    E Section Name        Object

    0x20000000   0x00000018   Data   RW            5    .data               main.o
    0x20000018   0x00000014   Data   RW          200    .data               system_stm32f4xx.o
    0x2000002c   0x00000010   Data   RW          771    .data               stm32f4xx_rcc.o
    0x2000003c   0x00000004   Data   RW          976    .data               delay.o
    0x20000040   0x00000006   Data   RW         1023    .data               usart.o
    0x20000046   0x00000002   PAD
    0x20000048   0x000000f0   Data   RW         1096    .data               imu.o
    0x20000138   0x00000035   Data   RW         1163    .data               inv_mpu.o
    0x2000016d   0x00000003   PAD
    0x20000170   0x000000c8   Zero   RW         1022    .bss                usart.o
    0x20000238   0x00000010   Zero   RW         1095    .bss                imu.o
    0x20000248   0x00000010   Zero   RW         1199    .bss                inv_mpu_dmp_motion_driver.o
    0x20000258   0x00000060   Zero   RW         1501    .bss                c_w.l(libspace.o)
    0x200002b8   0x00000200   Zero   RW          224    HEAP                startup_stm32f40_41xxx.o
    0x200004b8   0x00000400   Zero   RW          223    STACK               startup_stm32f40_41xxx.o


==============================================================================

Image component sizes


      Code (inc. data)   RO Data    RW Data    ZI Data      Debug   Object Name

       260          8          0          4          0       1425   delay.o
      5692        546          0        240         16       6100   imu.o
      8896        222        157         53          0      23817   inv_mpu.o
      3472        142       3062          0         16      15195   inv_mpu_dmp_motion_driver.o
        64          4          0          0          0        519   led.o
       268         52          0         24          0     281914   main.o
       224         20          0          0          0     230941   misc.o
       900         22          0          0          0       4239   mpu6050.o
       596         18          0          0          0       1840   myiic.o
       396          6          0          0          0       2104   pos_mach.o
        64         26        392          0       1536        832   startup_stm32f40_41xxx.o
       660         44          0          0          0       4085   stm32f4xx_gpio.o
        26          0          0          0          0       1218   stm32f4xx_it.o
      1628         52          0         16          0      12868   stm32f4xx_rcc.o
      3234         60          0          0          0      22288   stm32f4xx_tim.o
      1108         34          0          0          0       7784   stm32f4xx_usart.o
      1124         46          0          0          0       3809   sys.o
       528         46          0         20          0       1763   system_stm32f4xx.o
        92          4          0          0          0        668   timer.o
       332         18          0          6        200       3298   usart.o

    ----------------------------------------------------------------------
     29568       1370       3646        368       1768     626707   Object Totals
         0          0         32          0          0          0   (incl. Generated)
         4          0          3          5          0          0   (incl. Padding)

    ----------------------------------------------------------------------

      Code (inc. data)   RO Data    RW Data    ZI Data      Debug   Library Member Name

        90          0          0          0          0          0   __dczerorl2.o
         8          0          0          0          0         68   __main.o
       312          4         17          0          0         92   __printf_flags_wp.o
        14          0          0          0          0         68   __printf_wp.o
         0          0          0          0          0          0   __rtentry.o
        12          0          0          0          0          0   __rtentry2.o
         6          0          0          0          0          0   __rtentry4.o
        52          8          0          0          0          0   __scatter.o
        28          0          0          0          0          0   __scatter_zi.o
        48          6          0          0          0         96   _printf_char_common.o
        36          4          0          0          0         80   _printf_char_file.o
         6          0          0          0          0          0   _printf_d.o
       120         16          0          0          0         92   _printf_dec.o
        88          4         40          0          0         88   _printf_hex_int.o
       178          0          0          0          0         88   _printf_intcommon.o
        78          0          0          0          0        108   _printf_pad.o
         0          0          0          0          0          0   _printf_percent.o
         4          0          0          0          0          0   _printf_percent_end.o
         6          0          0          0          0          0   _printf_x.o
        22          0          0          0          0        100   _rserrno.o
        16          0          0          0          0         68   aeabi_memset.o
        12          0          0          0          0         72   exit.o
         8          0          0          0          0         68   ferror.o
         6          0          0          0          0        152   heapauxi.o
         2          0          0          0          0          0   libinit.o
         6          0          0          0          0          0   libinit2.o
         2          0          0          0          0          0   libshutdown.o
         2          0          0          0          0          0   libshutdown2.o
         8          4          0          0         96         68   libspace.o
        72          0          0          0          0         76   llsdiv.o
       238          0          0          0          0        100   lludivv7m.o
        88          0          0          0          0         76   memcmp.o
        24          4          0          0          0         84   noretval__2printf.o
         8          4          0          0          0         68   rt_errno_addr_intlibspace.o
        68          0          0          0          0         68   rt_memclr.o
        78          0          0          0          0         80   rt_memclr_w.o
         2          0          0          0          0          0   rtexit.o
        10          0          0          0          0          0   rtexit2.o
        74          0          0          0          0         80   sys_stackheap_outer.o
         2          0          0          0          0         68   use_no_semi.o
         2          0          0          0          0         68   use_no_semi_2.o
        24          0          0          0          0        164   basic.o
        98          4          0          0          0        140   d2f.o
       826         16          0          0          0        492   daddsub_clz.o
        24          0          0          0          0        116   dcmpi.o
       688        140          0          0          0        256   ddiv.o
        46          0          0          0          0        116   dflt_clz.o
       120          4          0          0          0        140   dleqf.o
       340         12          0          0          0        152   dmul.o
       156          4          0          0          0        140   dnaninf.o
        12          0          0          0          0        116   dretinf.o
       108          0          0          0          0        128   drleqf.o
       408         56          0          0          0        168   dsqrt_umaal.o
        86          4          0          0          0        132   f2d.o
       140          4          0          0          0        132   fnaninf.o
        10          0          0          0          0        116   fpinit.o
        10          0          0          0          0        116   fretinf.o
         0          0          0          0          0          0   usenofp.o
       864         94         80          0          0        280   asin.o
       744        106        152          0          0        352   atan.o
       496         64          0          0          0        192   atan2.o
       104         16          0          0          0        496   dunder.o
        24          0          0          0          0        124   fabs.o
        48          0          0          0          0        124   fpclassify.o
       248          0          0          0          0        152   poly.o
         0          0          8          0          0          0   qnan.o
       110          0          0          0          0        148   sqrt.o

    ----------------------------------------------------------------------
      7596        578        302          0         96       6568   Library Totals
        26          0          5          0          0          0   (incl. Padding)

    ----------------------------------------------------------------------

      Code (inc. data)   RO Data    RW Data    ZI Data      Debug   Library Name

      1836         54         57          0         96       2076   c_w.l
      3096        244          0          0          0       2624   fz_wm.l
      2638        280        240          0          0       1868   m_wm.l

    ----------------------------------------------------------------------
      7596        578        302          0         96       6568   Library Totals

    ----------------------------------------------------------------------

==============================================================================


      Code (inc. data)   RO Data    RW Data    ZI Data      Debug   

     37164       1948       3948        368       1864     625583   Grand Totals
     37164       1948       3948         48       1864     625583   ELF Image Totals (compressed)
     37164       1948       3948         48          0          0   ROM Totals

==============================================================================

    Total RO  Size (Code + RO Data)                41112 (  40.15kB)
    Total RW  Size (RW Data + ZI Data)              2232 (   2.18kB)
    Total ROM Size (Code + RO Data + RW Data)      41160 (  40.20kB)

==============================================================================

