Component: ARM Compiler 5.05 update 1 (build 106) Tool: armlink [4d0efa]

==============================================================================

Section Cross References

    main.o(.text) refers to oled.o(.text) for OLED_Clear
    main.o(.text) refers to delay.o(.text) for delay_ms
    main.o(.text) refers to main.o(.data) for x_now
    main.o(.text) refers to key.o(.text) for DIP_scan
    main.o(.text) refers to pwm_out.o(.text) for SetPwm_dj
    main.o(.text) refers to misc.o(.text) for NVIC_PriorityGroupConfig
    main.o(.text) refers to sys.o(.text) for Stm32_Clock_Init
    main.o(.text) refers to usart.o(.text) for uart_init
    main.o(.text) refers to uart2.o(.text) for uart2_init
    main.o(.text) refers to uart3.o(.text) for uart3_init
    main.o(.text) refers to led.o(.text) for LED_Init
    main.o(.text) refers to timer.o(.text) for TIM3_Int_Init
    main.o(.text) refers to stm32f4xx_tim.o(.text) for TIM_GetITStatus
    main.o(.text) refers to ctrl.o(.text) for Ctrl_N1
    main.o(.text) refers to stm32f4xx_usart.o(.text) for USART_GetITStatus
    main.o(.text) refers to pos_mach.o(.text) for usart1_receive_char
    main.o(.text) refers to ctrl.o(.data) for iii
    system_stm32f4xx.o(.text) refers to system_stm32f4xx.o(.data) for SystemCoreClock
    startup_stm32f40_41xxx.o(STACK) refers (Special) to heapauxi.o(.text) for __use_two_region_memory
    startup_stm32f40_41xxx.o(HEAP) refers (Special) to heapauxi.o(.text) for __use_two_region_memory
    startup_stm32f40_41xxx.o(RESET) refers (Special) to heapauxi.o(.text) for __use_two_region_memory
    startup_stm32f40_41xxx.o(RESET) refers to startup_stm32f40_41xxx.o(STACK) for __initial_sp
    startup_stm32f40_41xxx.o(RESET) refers to startup_stm32f40_41xxx.o(.text) for Reset_Handler
    startup_stm32f40_41xxx.o(RESET) refers to stm32f4xx_it.o(.text) for NMI_Handler
    startup_stm32f40_41xxx.o(RESET) refers to main.o(.text) for TIM3_IRQHandler
    startup_stm32f40_41xxx.o(.text) refers (Special) to heapauxi.o(.text) for __use_two_region_memory
    startup_stm32f40_41xxx.o(.text) refers to system_stm32f4xx.o(.text) for SystemInit
    startup_stm32f40_41xxx.o(.text) refers to __main.o(!!!main) for __main
    startup_stm32f40_41xxx.o(.text) refers to startup_stm32f40_41xxx.o(HEAP) for Heap_Mem
    startup_stm32f40_41xxx.o(.text) refers to startup_stm32f40_41xxx.o(STACK) for Stack_Mem
    stm32f4xx_gpio.o(.text) refers to stm32f4xx_rcc.o(.text) for RCC_AHB1PeriphResetCmd
    stm32f4xx_rcc.o(.text) refers to stm32f4xx_rcc.o(.data) for APBAHBPrescTable
    stm32f4xx_syscfg.o(.text) refers to stm32f4xx_rcc.o(.text) for RCC_APB2PeriphResetCmd
    stm32f4xx_tim.o(.text) refers to stm32f4xx_rcc.o(.text) for RCC_APB2PeriphResetCmd
    stm32f4xx_usart.o(.text) refers to stm32f4xx_rcc.o(.text) for RCC_APB2PeriphResetCmd
    pwm_out.o(.text) refers to stm32f4xx_tim.o(.text) for TIM_TimeBaseStructInit
    pwm_out.o(.text) refers to stm32f4xx_rcc.o(.text) for RCC_APB1PeriphClockCmd
    pwm_out.o(.text) refers to stm32f4xx_gpio.o(.text) for GPIO_Init
    pwm_out.o(.text) refers to system_stm32f4xx.o(.data) for SystemCoreClock
    delay.o(.text) refers to misc.o(.text) for SysTick_CLKSourceConfig
    delay.o(.text) refers to delay.o(.data) for fac_us
    usart.o(.rev16_text) refers (Special) to use_no_semi_2.o(.text) for __use_no_semihosting
    usart.o(.revsh_text) refers (Special) to use_no_semi_2.o(.text) for __use_no_semihosting
    usart.o(.text) refers (Special) to use_no_semi_2.o(.text) for __use_no_semihosting
    usart.o(.text) refers to stm32f4xx_rcc.o(.text) for RCC_AHB1PeriphClockCmd
    usart.o(.text) refers to stm32f4xx_gpio.o(.text) for GPIO_PinAFConfig
    usart.o(.text) refers to misc.o(.text) for NVIC_Init
    usart.o(.text) refers to stm32f4xx_usart.o(.text) for USART_Init
    usart.o(.bss) refers (Special) to use_no_semi_2.o(.text) for __use_no_semihosting
    usart.o(.data) refers (Special) to use_no_semi_2.o(.text) for __use_no_semihosting
    timer.o(.text) refers to stm32f4xx_rcc.o(.text) for RCC_APB1PeriphClockCmd
    timer.o(.text) refers to stm32f4xx_tim.o(.text) for TIM_TimeBaseInit
    timer.o(.text) refers to misc.o(.text) for NVIC_Init
    pos_mach.o(.text) refers to stm32f4xx_usart.o(.text) for USART_GetFlagStatus
    pos_mach.o(.text) refers to dflt_clz.o(x$fpl$dflt) for __aeabi_i2d
    pos_mach.o(.text) refers to dmul.o(x$fpl$dmul) for __aeabi_dmul
    pos_mach.o(.text) refers to d2f.o(x$fpl$d2f) for __aeabi_d2f
    pos_mach.o(.text) refers to pid.o(.data) for Kp_x
    pos_mach.o(.text) refers to pos_mach.o(.data) for state
    pos_mach.o(.text) refers to pos_mach.o(.bss) for RxBuffer
    led.o(.text) refers to stm32f4xx_rcc.o(.text) for RCC_AHB1PeriphClockCmd
    led.o(.text) refers to stm32f4xx_gpio.o(.text) for GPIO_Init
    ctrl.o(.text) refers to filter.o(.text) for Kalman_Filter_X
    ctrl.o(.text) refers to pos_mach.o(.text) for mpu6050_send_data
    ctrl.o(.text) refers to pid.o(.text) for PID_CAL_x
[...]
    ../clib/signal.c                         0x00000000   Number         0  defsig_rtmem_inner.o ABSOLUTE
    ../clib/signal.c                         0x00000000   Number         0  defsig_exit.o ABSOLUTE
    ../clib/signal.c                         0x00000000   Number         0  defsig_abrt_inner.o ABSOLUTE
    ../clib/signal.c                         0x00000000   Number         0  __raise.o ABSOLUTE
    ../clib/signal.c                         0x00000000   Number         0  defsig_cppl_inner.o ABSOLUTE
    ../clib/signal.c                         0x00000000   Number         0  defsig_other.o ABSOLUTE
    ../clib/signal.c                         0x00000000   Number         0  defsig_general.o ABSOLUTE
    ../clib/signal.c                         0x00000000   Number         0  defsig_segv_inner.o ABSOLUTE
    ../clib/signal.c                         0x00000000   Number         0  defsig_rtmem_formal.o ABSOLUTE
    ../clib/signal.c                         0x00000000   Number         0  defsig_pvfn_inner.o ABSOLUTE
    ../clib/signal.c                         0x00000000   Number         0  defsig_stak_inner.o ABSOLUTE
    ../clib/signal.c                         0x00000000   Number         0  defsig_rtred_inner.o ABSOLUTE
    ../clib/signal.c                         0x00000000   Number         0  defsig_fpe_inner.o ABSOLUTE
    ../clib/signal.c                         0x00000000   Number         0  defsig_rtmem_outer.o ABSOLUTE
    ../clib/signal.s                         0x00000000   Number         0  defsig.o ABSOLUTE
    ../clib/stdlib.c                         0x00000000   Number         0  exit.o ABSOLUTE
    ../fplib/d2f.s                           0x00000000   Number         0  d2f.o ABSOLUTE
    ../fplib/dflt.s                          0x00000000   Number         0  dflt_clz.o ABSOLUTE
    ../fplib/dmul.s                          0x00000000   Number         0  dmul.o ABSOLUTE
    ../fplib/dnaninf.s                       0x00000000   Number         0  dnaninf.o ABSOLUTE
    ../fplib/dretinf.s                       0x00000000   Number         0  dretinf.o ABSOLUTE
    ../fplib/fpinit.s                        0x00000000   Number         0  fpinit.o ABSOLUTE
    ../fplib/fretinf.s                       0x00000000   Number         0  fretinf.o ABSOLUTE
    ../fplib/usenofp.s                       0x00000000   Number         0  usenofp.o ABSOLUTE
    ..\CORE\startup_stm32f40_41xxx.s         0x00000000   Number         0  startup_stm32f40_41xxx.o ABSOLUTE
    ..\FWLIB\src\misc.c                      0x00000000   Number         0  misc.o ABSOLUTE
    ..\FWLIB\src\stm32f4xx_exti.c            0x00000000   Number         0  stm32f4xx_exti.o ABSOLUTE
    ..\FWLIB\src\stm32f4xx_gpio.c            0x00000000   Number         0  stm32f4xx_gpio.o ABSOLUTE
    ..\FWLIB\src\stm32f4xx_rcc.c             0x00000000   Number         0  stm32f4xx_rcc.o ABSOLUTE
    ..\FWLIB\src\stm32f4xx_syscfg.c          0x00000000   Number         0  stm32f4xx_syscfg.o ABSOLUTE
    ..\FWLIB\src\stm32f4xx_tim.c             0x00000000   Number         0  stm32f4xx_tim.o ABSOLUTE
    ..\FWLIB\src\stm32f4xx_usart.c           0x00000000   Number         0  stm32f4xx_usart.o ABSOLUTE
    ..\HARDWARE\CTRL\ctrl.c                  0x00000000   Number         0  ctrl.o ABSOLUTE
    ..\HARDWARE\FILTER\FILTER.C              0x00000000   Number         0  filter.o ABSOLUTE
    ..\HARDWARE\KEY\key.c                    0x00000000   Number         0  key.o ABSOLUTE
    ..\HARDWARE\LED\led.c                    0x00000000   Number         0  led.o ABSOLUTE
    ..\HARDWARE\OLED\oled.c                  0x00000000   Number         0  oled.o ABSOLUTE
    ..\HARDWARE\PID\FUZZY_PID.C              0x00000000   Number         0  fuzzy_pid.o ABSOLUTE
    ..\HARDWARE\PID\pid.c                    0x00000000   Number         0  pid.o ABSOLUTE
    ..\HARDWARE\POS_MACH\pos_mach.c          0x00000000   Number         0  pos_mach.o ABSOLUTE
    ..\HARDWARE\PWM\pwm_out.c                0x00000000   Number         0  pwm_out.o ABSOLUTE
    ..\HARDWARE\TIMER\timer.c                0x00000000   Number         0  timer.o ABSOLUTE
    ..\HARDWARE\UART2\UART2.c                0x00000000   Number         0  uart2.o ABSOLUTE
    ..\HARDWARE\UART3\UART3.c                0x00000000   Number         0  uart3.o ABSOLUTE
    ..\SYSTEM\delay\delay.c                  0x00000000   Number         0  delay.o ABSOLUTE
    ..\SYSTEM\sys\sys.c                      0x00000000   Number         0  sys.o ABSOLUTE
    ..\SYSTEM\usart\usart.c                  0x00000000   Number         0  usart.o ABSOLUTE
    ..\\FWLIB\\src\\misc.c                   0x00000000   Number         0  misc.o ABSOLUTE
    ..\\FWLIB\\src\\stm32f4xx_exti.c         0x00000000   Number         0  stm32f4xx_exti.o ABSOLUTE
    ..\\FWLIB\\src\\stm32f4xx_gpio.c         0x00000000   Number         0  stm32f4xx_gpio.o ABSOLUTE
    ..\\FWLIB\\src\\stm32f4xx_rcc.c          0x00000000   Number         0  stm32f4xx_rcc.o ABSOLUTE
    ..\\FWLIB\\src\\stm32f4xx_syscfg.c       0x00000000   Number         0  stm32f4xx_syscfg.o ABSOLUTE
    ..\\FWLIB\\src\\stm32f4xx_tim.c          0x00000000   Number         0  stm32f4xx_tim.o ABSOLUTE
    ..\\FWLIB\\src\\stm32f4xx_usart.c        0x00000000   Number         0  stm32f4xx_usart.o ABSOLUTE
    ..\\HARDWARE\\CTRL\\ctrl.c               0x00000000   Number         0  ctrl.o ABSOLUTE
    ..\\HARDWARE\\FILTER\\FILTER.C           0x00000000   Number         0  filter.o ABSOLUTE
    ..\\HARDWARE\\KEY\\key.c                 0x00000000   Number         0  key.o ABSOLUTE
    ..\\HARDWARE\\LED\\led.c                 0x00000000   Number         0  led.o ABSOLUTE
    ..\\HARDWARE\\OLED\\oled.c               0x00000000   Number         0  oled.o ABSOLUTE
    ..\\HARDWARE\\PID\\FUZZY_PID.C           0x00000000   Number         0  fuzzy_pid.o ABSOLUTE
    ..\\HARDWARE\\PID\\pid.c                 0x00000000   Number         0  pid.o ABSOLUTE
    ..\\HARDWARE\\POS_MACH\\pos_mach.c       0x00000000   Number         0  pos_mach.o ABSOLUTE
    ..\\HARDWARE\\PWM\\pwm_out.c             0x00000000   Number         0  pwm_out.o ABSOLUTE
    ..\\HARDWARE\\TIMER\\timer.c             0x00000000   Number         0  timer.o ABSOLUTE
    ..\\HARDWARE\\UART2\\UART2.c             0x00000000   Number         0  uart2.o ABSOLUTE
    ..\\HARDWARE\\UART3\\UART3.c             0x00000000   Number         0  uart3.o ABSOLUTE
    ..\\SYSTEM\\delay\\delay.c               0x00000000   Number         0  delay.o ABSOLUTE
    ..\\SYSTEM\\sys\\sys.c                   0x00000000   Number         0  sys.o ABSOLUTE
    ..\\SYSTEM\\usart\\usart.c               0x00000000   Number         0  usart.o ABSOLUTE
    dc.s                                     0x00000000   Number         0  dc.o ABSOLUTE
    main.c                                   0x00000000   Number         0  main.o ABSOLUTE
    main.c                                   0x00000000   Number         0  main.o ABSOLUTE
    stm32f4xx_it.c                           0x00000000   Number         0  stm32f4xx_it.o ABSOLUTE
    stm32f4xx_it.c                           0x00000000   Number         0  stm32f4xx_it.o ABSOLUTE
    system_stm32f4xx.c                       0x00000000   Number         0  system_stm32f4xx.o ABSOLUTE
    system_stm32f4xx.c                       0x00000000   Number         0  system_stm32f4xx.o ABSOLUTE
    RESET                                    0x08000000   Section      392  startup_stm32f40_41xxx.o(RESET)
    !!!main                                  0x08000188   Section        8  __main.o(!!!main)
    !!!scatter                               0x08000190   Section       52  __scatter.o(!!!scatter)
    !!dczerorl2                              0x080001c4   Section       90  __dczerorl2.o(!!dczerorl2)
    !!handler_zi                             0x08000220   Section       28  __scatter_zi.o(!!handler_zi)
    .ARM.Collect$$libinit$$00000000          0x0800023c   Section        2  libinit.o(.ARM.Collect$$libinit$$00000000)
    .ARM.Collect$$libinit$$00000001          0x0800023e   Section        4  libinit2.o(.ARM.Collect$$libinit$$00000001)
    .ARM.Collect$$libinit$$00000004          0x08000242   Section        0  libinit2.o(.ARM.Collect$$libinit$$00000004)
    .ARM.Collect$$libinit$$0000000A          0x08000242   Section        0  libinit2.o(.ARM.Collect$$libinit$$0000000A)
    .ARM.Collect$$libinit$$0000000C          0x08000242   Section        0  libinit2.o(.ARM.Collect$$libinit$$0000000C)
    .ARM.Collect$$libinit$$0000000E          0x08000242   Section        0  libinit2.o(.ARM.Collect$$libinit$$0000000E)
    .ARM.Collect$$libinit$$00000011          0x08000242   Section        0  libinit2.o(.ARM.Collect$$libinit$$00000011)
    .ARM.Collect$$libinit$$00000013          0x08000242   Section        0  libinit2.o(.ARM.Collect$$libinit$$00000013)
    .ARM.Collect$$libinit$$00000015          0x08000242   Section        0  libinit2.o(.ARM.Collect$$libinit$$00000015)
    .ARM.Collect$$libinit$$00000017          0x08000242   Section        0  libinit2.o(.ARM.Collect$$libinit$$00000017)
    .ARM.Collect$$libinit$$00000019          0x08000242   Section        0  libinit2.o(.ARM.Collect$$libinit$$00000019)
    .ARM.Collect$$libinit$$0000001B          0x08000242   Section        0  libinit2.o(.ARM.Collect$$libinit$$0000001B)
    .ARM.Collect$$libinit$$0000001D          0x08000242   Section        0  libinit2.o(.ARM.Collect$$libinit$$0000001D)
    .ARM.Collect$$libinit$$0000001F          0x08000242   Section        0  libinit2.o(.ARM.Collect$$libinit$$0000001F)
    .ARM.Collect$$libinit$$00000021          0x08000242   Section        0  libinit2.o(.ARM.Collect$$libinit$$00000021)
    .ARM.Collect$$libinit$$00000023          0x08000242   Section        0  libinit2.o(.ARM.Collect$$libinit$$00000023)
    .ARM.Collect$$libinit$$00000025          0x08000242   Section        0  libinit2.o(.ARM.Collect$$libinit$$00000025)
    .ARM.Collect$$libinit$$0000002C          0x08000242   Section        0  libinit2.o(.ARM.Collect$$libinit$$0000002C)
    .ARM.Collect$$libinit$$0000002E          0x08000242   Section        0  libinit2.o(.ARM.Collect$$libinit$$0000002E)
    .ARM.Collect$$libinit$$00000030          0x08000242   Section        0  libinit2.o(.ARM.Collect$$libinit$$00000030)
    .ARM.Collect$$libinit$$00000032          0x08000242   Section        0  libinit2.o(.ARM.Collect$$libinit$$00000032)
    .ARM.Collect$$libinit$$00000033          0x08000242   Section        2  libinit2.o(.ARM.Collect$$libinit$$00000033)
    .ARM.Collect$$libshutdown$$00000000      0x08000244   Section        2  libshutdown.o(.ARM.Collect$$libshutdown$$00000000)
    .ARM.Collect$$libshutdown$$00000003      0x08000246   Section        0  libshutdown2.o(.ARM.Collect$$libshutdown$$00000003)
    .ARM.Collect$$libshutdown$$00000006      0x08000246   Section        0  libshutdown2.o(.ARM.Collect$$libshutdown$$00000006)
    .ARM.Collect$$libshutdown$$00000009      0x08000246   Section        0  libshutdown2.o(.ARM.Collect$$libshutdown$$00000009)
    .ARM.Collect$$libshutdown$$0000000B      0x08000246   Section        0  libshutdown2.o(.ARM.Collect$$libshutdown$$0000000B)
    .ARM.Collect$$libshutdown$$0000000E      0x08000246   Section        0  libshutdown2.o(.ARM.Collect$$libshutdown$$0000000E)
    .ARM.Collect$$libshutdown$$0000000F      0x08000246   Section        2  libshutdown2.o(.ARM.Collect$$libshutdown$$0000000F)
    .ARM.Collect$$rtentry$$00000000          0x08000248   Section        0  __rtentry.o(.ARM.Collect$$rtentry$$00000000)
    .ARM.Collect$$rtentry$$00000002          0x08000248   Section        0  __rtentry2.o(.ARM.Collect$$rtentry$$00000002)
    .ARM.Collect$$rtentry$$00000004          0x08000248   Section        6  __rtentry4.o(.ARM.Collect$$rtentry$$00000004)
    .ARM.Collect$$rtentry$$00000009          0x0800024e   Section        0  __rtentry2.o(.ARM.Collect$$rtentry$$00000009)
    .ARM.Collect$$rtentry$$0000000A          0x0800024e   Section        4  __rtentry2.o(.ARM.Collect$$rtentry$$0000000A)
    .ARM.Collect$$rtentry$$0000000C          0x08000252   Section        0  __rtentry2.o(.ARM.Collect$$rtentry$$0000000C)
    .ARM.Collect$$rtentry$$0000000D          0x08000252   Section        8  __rtentry2.o(.ARM.Collect$$rtentry$$0000000D)
    .ARM.Collect$$rtexit$$00000000           0x0800025a   Section        2  rtexit.o(.ARM.Collect$$rtexit$$00000000)
    .ARM.Collect$$rtexit$$00000002           0x0800025c   Section        0  rtexit2.o(.ARM.Collect$$rtexit$$00000002)
    .ARM.Collect$$rtexit$$00000003           0x0800025c   Section        4  rtexit2.o(.ARM.Collect$$rtexit$$00000003)
    .ARM.Collect$$rtexit$$00000004           0x08000260   Section        6  rtexit2.o(.ARM.Collect$$rtexit$$00000004)
    .text                                    0x08000268   Section        0  main.o(.text)
    .text                                    0x08000ab4   Section        0  stm32f4xx_it.o(.text)
    .text                                    0x08000ad0   Section        0  system_stm32f4xx.o(.text)
    SetSysClock                              0x08000ad1   Thumb Code   220  system_stm32f4xx.o(.text)
    .text                                    0x08000ce0   Section       64  startup_stm32f40_41xxx.o(.text)
    $v0                                      0x08000ce0   Number         0  startup_stm32f40_41xxx.o(.text)
    .text                                    0x08000d20   Section        0  misc.o(.text)
    .text                                    0x08000e00   Section        0  stm32f4xx_gpio.o(.text)
    .text                                    0x08001094   Section        0  stm32f4xx_rcc.o(.text)
    .text                                    0x080016f0   Section        0  stm32f4xx_tim.o(.text)
    TI4_Config                               0x08001e8f   Thumb Code    80  stm32f4xx_tim.o(.text)
    TI3_Config                               0x08001ef1   Thumb Code    72  stm32f4xx_tim.o(.text)
    TI2_Config                               0x08001f53   Thumb Code    90  stm32f4xx_tim.o(.text)
    TI1_Config                               0x08001fbf   Thumb Code    58  stm32f4xx_tim.o(.text)
    .text                                    0x08002394   Section        0  stm32f4xx_usart.o(.text)
    .text                                    0x080027e8   Section        0  pwm_out.o(.text)
    .text                                    0x08002ddc   Section        0  delay.o(.text)
    .text                                    0x08002ee0   Section        0  sys.o(.text)
    .text                                    0x08003344   Section        0  usart.o(.text)
    .text                                    0x0800340c   Section        0  timer.o(.text)
    .text                                    0x08003468   Section        0  pos_mach.o(.text)
    .text                                    0x0800395c   Section        0  led.o(.text)
    .text                                    0x0800399c   Section        0  ctrl.o(.text)
    .text                                    0x08004a88   Section        0  pid.o(.text)
    .text                                    0x08004bec   Section        0  oled.o(.text)
    .text                                    0x080051d4   Section        0  key.o(.text)
    .text                                    0x08005410   Section        0  uart3.o(.text)
    .text                                    0x08005668   Section        0  uart2.o(.text)
    .text                                    0x08005714   Section        0  filter.o(.text)
    .text                                    0x080061a0   Section        2  use_no_semi_2.o(.text)
    .text                                    0x080061a2   Section        0  heapauxi.o(.text)
    .text                                    0x080061a8   Section        2  use_no_semi.o(.text)
    .text                                    0x080061aa   Section       74  sys_stackheap_outer.o(.text)
    .text                                    0x080061f4   Section        0  exit.o(.text)
    .text                                    0x08006200   Section        8  libspace.o(.text)
    x$fpl$d2f                                0x08006208   Section       98  d2f.o(x$fpl$d2f)
    $v0                                      0x08006208   Number         0  d2f.o(x$fpl$d2f)
    x$fpl$dflt                               0x0800626a   Section       46  dflt_clz.o(x$fpl$dflt)
    $v0                                      0x0800626a   Number         0  dflt_clz.o(x$fpl$dflt)
    x$fpl$dmul                               0x08006298   Section      340  dmul.o(x$fpl$dmul)
    $v0                                      0x08006298   Number         0  dmul.o(x$fpl$dmul)
    x$fpl$dnaninf                            0x080063ec   Section      156  dnaninf.o(x$fpl$dnaninf)
    $v0                                      0x080063ec   Number         0  dnaninf.o(x$fpl$dnaninf)
    x$fpl$dretinf                            0x08006488   Section       12  dretinf.o(x$fpl$dretinf)
    $v0                                      0x08006488   Number         0  dretinf.o(x$fpl$dretinf)
    x$fpl$fpinit                             0x08006494   Section       10  fpinit.o(x$fpl$fpinit)
    $v0                                      0x08006494   Number         0  fpinit.o(x$fpl$fpinit)
    x$fpl$fretinf                            0x0800649e   Section       10  fretinf.o(x$fpl$fretinf)
    $v0                                      0x0800649e   Number         0  fretinf.o(x$fpl$fretinf)
    .constdata                               0x080064a8   Section     6621  oled.o(.constdata)
    x$fpl$usenofp                            0x080064a8   Section        0  usenofp.o(x$fpl$usenofp)
    .data                                    0x20000000   Section       31  main.o(.data)
    .data                                    0x20000020   Section       20  system_stm32f4xx.o(.data)
    .data                                    0x20000034   Section       16  stm32f4xx_rcc.o(.data)
    APBAHBPrescTable                         0x20000034   Data          16  stm32f4xx_rcc.o(.data)
    .data                                    0x20000044   Section        4  delay.o(.data)
    fac_us                                   0x20000044   Data           1  delay.o(.data)
    fac_ms                                   0x20000046   Data           2  delay.o(.data)
    .data                                    0x20000048   Section        3  pos_mach.o(.data)
    _data_len                                0x20000048   Data           1  pos_mach.o(.data)
    _data_cnt                                0x20000049   Data           1  pos_mach.o(.data)
    state                                    0x2000004a   Data           1  pos_mach.o(.data)
    .data                                    0x2000004c   Section       74  ctrl.o(.data)
    .data                                    0x20000098   Section       80  pid.o(.data)
    .data                                    0x200000e8   Section        1  key.o(.data)
    key_up                                   0x200000e8   Data           1  key.o(.data)
    .data                                    0x200000e9   Section        3  uart3.o(.data)
    _data_len3                               0x200000e9   Data           1  uart3.o(.data)
    _data_cnt3                               0x200000ea   Data           1  uart3.o(.data)
    state3                                   0x200000eb   Data           1  uart3.o(.data)
    .data                                    0x200000ec   Section       96  filter.o(.data)
    out                                      0x2000013c   Data           4  filter.o(.data)
    out                                      0x20000140   Data           4  filter.o(.data)
    out                                      0x20000144   Data           4  filter.o(.data)
    out                                      0x20000148   Data           4  filter.o(.data)
    .bss                                     0x2000014c   Section       50  pos_mach.o(.bss)
    RxBuffer                                 0x2000014c   Data          50  pos_mach.o(.bss)
    .bss                                     0x2000017e   Section     1024  oled.o(.bss)
    .bss                                     0x2000057e   Section       50  uart3.o(.bss)
    RxBuffer3                                0x2000057e   Data          50  uart3.o(.bss)
    .bss                                     0x200005b0   Section       96  filter.o(.bss)
    .bss                                     0x20000610   Section       96  libspace.o(.bss)
    HEAP                                     0x20000670   Section      512  startup_stm32f40_41xxx.o(HEAP)
    Heap_Mem                                 0x20000670   Data         512  startup_stm32f40_41xxx.o(HEAP)
    STACK                                    0x20000870   Section     1024  startup_stm32f40_41xxx.o(STACK)
    Stack_Mem                                0x20000870   Data        1024  startup_stm32f40_41xxx.o(STACK)
    __initial_sp                             0x20000c70   Data           0  startup_stm32f40_41xxx.o(STACK)

    Global Symbols

    Symbol Name                              Value     Ov Type        Size  Object(Section)

    BuildAttributes$$THM_ISAv4$E$P$D$K$B$S$7EM$VFPi3$EXTD16$VFPS$VFMA$PE$A:L22UL41UL21$X:L11$S22US41US21$IEEE1$IW$USESV6$~STKCKD$USESV7$~SHL$OSPACE$ROPI$EBA8$UX$STANDARDLIB$REQ8$PRES8$EABIv2 0x00000000   Number         0  anon$$obj.o ABSOLUTE
    __ARM_use_no_argv                        0x00000000   Number         0  main.o ABSOLUTE
    __ARM_exceptions_init                     - Undefined Weak Reference
    __alloca_initialize                       - Undefined Weak Reference
    __arm_preinit_                            - Undefined Weak Reference
    __cpp_initialize__aeabi_                  - Undefined Weak Reference
    __cxa_finalize                            - Undefined Weak Reference
    __rt_locale                               - Undefined Weak Reference
    __sigvec_lookup                           - Undefined Weak Reference
    _atexit_init                              - Undefined Weak Reference
    _call_atexit_fns                          - Undefined Weak Reference
    _clock_init                               - Undefined Weak Reference
    _fp_trap_init                             - Undefined Weak Reference
    _fp_trap_shutdown                         - Undefined Weak Reference
    _get_lc_collate                           - Undefined Weak Reference
    _get_lc_ctype                             - Undefined Weak Reference
    _get_lc_monetary                          - Undefined Weak Reference
    _get_lc_numeric                           - Undefined Weak Reference
    _get_lc_time                              - Undefined Weak Reference
    _getenv_init                              - Undefined Weak Reference
    _handle_redirection                       - Undefined Weak Reference
    _init_alloc                               - Undefined Weak Reference
    _init_user_alloc                          - Undefined Weak Reference
    _initio                                   - Undefined Weak Reference
    _rand_init                                - Undefined Weak Reference
    _signal_finish                            - Undefined Weak Reference
    _signal_init                              - Undefined Weak Reference
    _terminate_alloc                          - Undefined Weak Reference
    _terminate_user_alloc                     - Undefined Weak Reference
    _terminateio                              - Undefined Weak Reference
    __Vectors_Size                           0x00000188   Number         0  startup_stm32f40_41xxx.o ABSOLUTE
    __Vectors                                0x08000000   Data           4  startup_stm32f40_41xxx.o(RESET)
    __Vectors_End                            0x08000188   Data           0  startup_stm32f40_41xxx.o(RESET)
    __main                                   0x08000189   Thumb Code     8  __main.o(!!!main)
    __scatterload                            0x08000191   Thumb Code     0  __scatter.o(!!!scatter)
    __scatterload_rt2                        0x08000191   Thumb Code    44  __scatter.o(!!!scatter)
    __scatterload_rt2_thumb_only             0x08000191   Thumb Code     0  __scatter.o(!!!scatter)
    __scatterload_null                       0x0800019f   Thumb Code     0  __scatter.o(!!!scatter)
    __decompress                             0x080001c5   Thumb Code    90  __dczerorl2.o(!!dczerorl2)
    __decompress1                            0x080001c5   Thumb Code     0  __dczerorl2.o(!!dczerorl2)
    __scatterload_zeroinit                   0x08000221   Thumb Code    28  __scatter_zi.o(!!handler_zi)
    __rt_lib_init                            0x0800023d   Thumb Code     0  libinit.o(.ARM.Collect$$libinit$$00000000)
    __rt_lib_init_fp_1                       0x0800023f   Thumb Code     0  libinit2.o(.ARM.Collect$$libinit$$00000001)
    __rt_lib_init_alloca_1                   0x08000243   Thumb Code     0  libinit2.o(.ARM.Collect$$libinit$$0000002E)
    __rt_lib_init_argv_1                     0x08000243   Thumb Code     0  libinit2.o(.ARM.Collect$$libinit$$0000002C)
    __rt_lib_init_atexit_1                   0x08000243   Thumb Code     0  libinit2.o(.ARM.Collect$$libinit$$0000001B)
    __rt_lib_init_clock_1                    0x08000243   Thumb Code     0  libinit2.o(.ARM.Collect$$libinit$$00000021)
    __rt_lib_init_cpp_1                      0x08000243   Thumb Code     0  libinit2.o(.ARM.Collect$$libinit$$00000032)
    __rt_lib_init_exceptions_1               0x08000243   Thumb Code     0  libinit2.o(.ARM.Collect$$libinit$$00000030)
    __rt_lib_init_fp_trap_1                  0x08000243   Thumb Code     0  libinit2.o(.ARM.Collect$$libinit$$0000001F)
    __rt_lib_init_getenv_1                   0x08000243   Thumb Code     0  libinit2.o(.ARM.Collect$$libinit$$00000023)
    __rt_lib_init_heap_1                     0x08000243   Thumb Code     0  libinit2.o(.ARM.Collect$$libinit$$0000000A)
    __rt_lib_init_lc_collate_1               0x08000243   Thumb Code     0  libinit2.o(.ARM.Collect$$libinit$$00000011)
    __rt_lib_init_lc_ctype_1                 0x08000243   Thumb Code     0  libinit2.o(.ARM.Collect$$libinit$$00000013)
    __rt_lib_init_lc_monetary_1              0x08000243   Thumb Code     0  libinit2.o(.ARM.Collect$$libinit$$00000015)
    __rt_lib_init_lc_numeric_1               0x08000243   Thumb Code     0  libinit2.o(.ARM.Collect$$libinit$$00000017)
    __rt_lib_init_lc_time_1                  0x08000243   Thumb Code     0  libinit2.o(.ARM.Collect$$libinit$$00000019)
    __rt_lib_init_preinit_1                  0x08000243   Thumb Code     0  libinit2.o(.ARM.Collect$$libinit$$00000004)
    __rt_lib_init_rand_1                     0x08000243   Thumb Code     0  libinit2.o(.ARM.Collect$$libinit$$0000000E)
    __rt_lib_init_return                     0x08000243   Thumb Code     0  libinit2.o(.ARM.Collect$$libinit$$00000033)
    __rt_lib_init_signal_1                   0x08000243   Thumb Code     0  libinit2.o(.ARM.Collect$$libinit$$0000001D)
    __rt_lib_init_stdio_1                    0x08000243   Thumb Code     0  libinit2.o(.ARM.Collect$$libinit$$00000025)
    __rt_lib_init_user_alloc_1               0x08000243   Thumb Code     0  libinit2.o(.ARM.Collect$$libinit$$0000000C)
    __rt_lib_shutdown                        0x08000245   Thumb Code     0  libshutdown.o(.ARM.Collect$$libshutdown$$00000000)
    __rt_lib_shutdown_fp_trap_1              0x08000247   Thumb Code     0  libshutdown2.o(.ARM.Collect$$libshutdown$$00000006)
    __rt_lib_shutdown_heap_1                 0x08000247   Thumb Code     0  libshutdown2.o(.ARM.Collect$$libshutdown$$0000000E)
    __rt_lib_shutdown_return                 0x08000247   Thumb Code     0  libshutdown2.o(.ARM.Collect$$libshutdown$$0000000F)
    __rt_lib_shutdown_signal_1               0x08000247   Thumb Code     0  libshutdown2.o(.ARM.Collect$$libshutdown$$00000009)
    __rt_lib_shutdown_stdio_1                0x08000247   Thumb Code     0  libshutdown2.o(.ARM.Collect$$libshutdown$$00000003)
    __rt_lib_shutdown_user_alloc_1           0x08000247   Thumb Code     0  libshutdown2.o(.ARM.Collect$$libshutdown$$0000000B)
    __rt_entry                               0x08000249   Thumb Code     0  __rtentry.o(.ARM.Collect$$rtentry$$00000000)
    __rt_entry_presh_1                       0x08000249   Thumb Code     0  __rtentry2.o(.ARM.Collect$$rtentry$$00000002)
    __rt_entry_sh                            0x08000249   Thumb Code     0  __rtentry4.o(.ARM.Collect$$rtentry$$00000004)
    __rt_entry_li                            0x0800024f   Thumb Code     0  __rtentry2.o(.ARM.Collect$$rtentry$$0000000A)
    __rt_entry_postsh_1                      0x0800024f   Thumb Code     0  __rtentry2.o(.ARM.Collect$$rtentry$$00000009)
    __rt_entry_main                          0x08000253   Thumb Code     0  __rtentry2.o(.ARM.Collect$$rtentry$$0000000D)
    __rt_entry_postli_1                      0x08000253   Thumb Code     0  __rtentry2.o(.ARM.Collect$$rtentry$$0000000C)
    __rt_exit                                0x0800025b   Thumb Code     0  rtexit.o(.ARM.Collect$$rtexit$$00000000)
    __rt_exit_ls                             0x0800025d   Thumb Code     0  rtexit2.o(.ARM.Collect$$rtexit$$00000003)
    __rt_exit_prels_1                        0x0800025d   Thumb Code     0  rtexit2.o(.ARM.Collect$$rtexit$$00000002)
    __rt_exit_exit                           0x08000261   Thumb Code     0  rtexit2.o(.ARM.Collect$$rtexit$$00000004)
    self_check                               0x08000269   Thumb Code   122  main.o(.text)
    mode6_set                                0x080002e3   Thumb Code  1248  main.o(.text)
    mode_select                              0x080007c3   Thumb Code   254  main.o(.text)
    All_init                                 0x080008c1   Thumb Code   104  main.o(.text)
    main                                     0x08000929   Thumb Code    34  main.o(.text)
    TIM3_IRQHandler                          0x0800094b   Thumb Code   116  main.o(.text)
    USART1_IRQHandler                        0x080009bf   Thumb Code    30  main.o(.text)
    USART2_IRQHandler                        0x080009dd   Thumb Code    28  main.o(.text)
    USART3_IRQHandler                        0x080009f9   Thumb Code    28  main.o(.text)
    NMI_Handler                              0x08000ab5   Thumb Code     2  stm32f4xx_it.o(.text)
    HardFault_Handler                        0x08000ab7   Thumb Code     4  stm32f4xx_it.o(.text)
    MemManage_Handler                        0x08000abb   Thumb Code     4  stm32f4xx_it.o(.text)
    BusFault_Handler                         0x08000abf   Thumb Code     4  stm32f4xx_it.o(.text)
    UsageFault_Handler                       0x08000ac3   Thumb Code     4  stm32f4xx_it.o(.text)
    SVC_Handler                              0x08000ac7   Thumb Code     2  stm32f4xx_it.o(.text)
    DebugMon_Handler                         0x08000ac9   Thumb Code     2  stm32f4xx_it.o(.text)
    PendSV_Handler                           0x08000acb   Thumb Code     2  stm32f4xx_it.o(.text)
    SysTick_Handler                          0x08000acd   Thumb Code     2  stm32f4xx_it.o(.text)
    SystemInit                               0x08000bad   Thumb Code    88  system_stm32f4xx.o(.text)
    SystemCoreClockUpdate                    0x08000c05   Thumb Code   174  system_stm32f4xx.o(.text)
    Reset_Handler                            0x08000ce1   Thumb Code     8  startup_stm32f40_41xxx.o(.text)
    ADC_IRQHandler                           0x08000cfb   Thumb Code     0  startup_stm32f40_41xxx.o(.text)
    CAN1_RX0_IRQHandler                      0x08000cfb   Thumb Code     0  startup_stm32f40_41xxx.o(.text)
    CAN1_RX1_IRQHandler                      0x08000cfb   Thumb Code     0  startup_stm32f40_41xxx.o(.text)
    CAN1_SCE_IRQHandler                      0x08000cfb   Thumb Code     0  startup_stm32f40_41xxx.o(.text)
    CAN1_TX_IRQHandler                       0x08000cfb   Thumb Code     0  startup_stm32f40_41xxx.o(.text)
    CAN2_RX0_IRQHandler                      0x08000cfb   Thumb Code     0  startup_stm32f40_41xxx.o(.text)
    CAN2_RX1_IRQHandler                      0x08000cfb   Thumb Code     0  startup_stm32f40_41xxx.o(.text)
    CAN2_SCE_IRQHandler                      0x08000cfb   Thumb Code     0  startup_stm32f40_41xxx.o(.text)
    CAN2_TX_IRQHandler                       0x08000cfb   Thumb Code     0  startup_stm32f40_41xxx.o(.text)
    CRYP_IRQHandler                          0x08000cfb   Thumb Code     0  startup_stm32f40_41xxx.o(.text)
    DCMI_IRQHandler                          0x08000cfb   Thumb Code     0  startup_stm32f40_41xxx.o(.text)
    DMA1_Stream0_IRQHandler                  0x08000cfb   Thumb Code     0  startup_stm32f40_41xxx.o(.text)
    DMA1_Stream1_IRQHandler                  0x08000cfb   Thumb Code     0  startup_stm32f40_41xxx.o(.text)
    DMA1_Stream2_IRQHandler                  0x08000cfb   Thumb Code     0  startup_stm32f40_41xxx.o(.text)
    DMA1_Stream3_IRQHandler                  0x08000cfb   Thumb Code     0  startup_stm32f40_41xxx.o(.text)
    DMA1_Stream4_IRQHandler                  0x08000cfb   Thumb Code     0  startup_stm32f40_41xxx.o(.text)
    DMA1_Stream5_IRQHandler                  0x08000cfb   Thumb Code     0  startup_stm32f40_41xxx.o(.text)
    DMA1_Stream6_IRQHandler                  0x08000cfb   Thumb Code     0  startup_stm32f40_41xxx.o(.text)
    DMA1_Stream7_IRQHandler                  0x08000cfb   Thumb Code     0  startup_stm32f40_41xxx.o(.text)
    DMA2_Stream0_IRQHandler                  0x08000cfb   Thumb Code     0  startup_stm32f40_41xxx.o(.text)
    DMA2_Stream1_IRQHandler                  0x08000cfb   Thumb Code     0  startup_stm32f40_41xxx.o(.text)
    DMA2_Stream2_IRQHandler                  0x08000cfb   Thumb Code     0  startup_stm32f40_41xxx.o(.text)
    DMA2_Stream3_IRQHandler                  0x08000cfb   Thumb Code     0  startup_stm32f40_41xxx.o(.text)
    DMA2_Stream4_IRQHandler                  0x08000cfb   Thumb Code     0  startup_stm32f40_41xxx.o(.text)
    DMA2_Stream5_IRQHandler                  0x08000cfb   Thumb Code     0  startup_stm32f40_41xxx.o(.text)
    DMA2_Stream6_IRQHandler                  0x08000cfb   Thumb Code     0  startup_stm32f40_41xxx.o(.text)
    DMA2_Stream7_IRQHandler                  0x08000cfb   Thumb Code     0  startup_stm32f40_41xxx.o(.text)
    ETH_IRQHandler                           0x08000cfb   Thumb Code     0  startup_stm32f40_41xxx.o(.text)
    ETH_WKUP_IRQHandler                      0x08000cfb   Thumb Code     0  startup_stm32f40_41xxx.o(.text)
    EXTI0_IRQHandler                         0x08000cfb   Thumb Code     0  startup_stm32f40_41xxx.o(.text)
    EXTI15_10_IRQHandler                     0x08000cfb   Thumb Code     0  startup_stm32f40_41xxx.o(.text)
    EXTI1_IRQHandler                         0x08000cfb   Thumb Code     0  startup_stm32f40_41xxx.o(.text)
    EXTI2_IRQHandler                         0x08000cfb   Thumb Code     0  startup_stm32f40_41xxx.o(.text)
    EXTI3_IRQHandler                         0x08000cfb   Thumb Code     0  startup_stm32f40_41xxx.o(.text)
    EXTI4_IRQHandler                         0x08000cfb   Thumb Code     0  startup_stm32f40_41xxx.o(.text)
    EXTI9_5_IRQHandler                       0x08000cfb   Thumb Code     0  startup_stm32f40_41xxx.o(.text)
    FLASH_IRQHandler                         0x08000cfb   Thumb Code     0  startup_stm32f40_41xxx.o(.text)
    FPU_IRQHandler                           0x08000cfb   Thumb Code     0  startup_stm32f40_41xxx.o(.text)
    FSMC_IRQHandler                          0x08000cfb   Thumb Code     0  startup_stm32f40_41xxx.o(.text)
    HASH_RNG_IRQHandler                      0x08000cfb   Thumb Code     0  startup_stm32f40_41xxx.o(.text)
    I2C1_ER_IRQHandler                       0x08000cfb   Thumb Code     0  startup_stm32f40_41xxx.o(.text)
    I2C1_EV_IRQHandler                       0x08000cfb   Thumb Code     0  startup_stm32f40_41xxx.o(.text)
    I2C2_ER_IRQHandler                       0x08000cfb   Thumb Code     0  startup_stm32f40_41xxx.o(.text)
    I2C2_EV_IRQHandler                       0x08000cfb   Thumb Code     0  startup_stm32f40_41xxx.o(.text)
    I2C3_ER_IRQHandler                       0x08000cfb   Thumb Code     0  startup_stm32f40_41xxx.o(.text)
    I2C3_EV_IRQHandler                       0x08000cfb   Thumb Code     0  startup_stm32f40_41xxx.o(.text)
    OTG_FS_IRQHandler                        0x08000cfb   Thumb Code     0  startup_stm32f40_41xxx.o(.text)
    OTG_FS_WKUP_IRQHandler                   0x08000cfb   Thumb Code     0  startup_stm32f40_41xxx.o(.text)
    OTG_HS_EP1_IN_IRQHandler                 0x08000cfb   Thumb Code     0  startup_stm32f40_41xxx.o(.text)
    OTG_HS_EP1_OUT_IRQHandler                0x08000cfb   Thumb Code     0  startup_stm32f40_41xxx.o(.text)
    OTG_HS_IRQHandler                        0x08000cfb   Thumb Code     0  startup_stm32f40_41xxx.o(.text)
    OTG_HS_WKUP_IRQHandler                   0x08000cfb   Thumb Code     0  startup_stm32f40_41xxx.o(.text)
    PVD_IRQHandler                           0x08000cfb   Thumb Code     0  startup_stm32f40_41xxx.o(.text)
    RCC_IRQHandler                           0x08000cfb   Thumb Code     0  startup_stm32f40_41xxx.o(.text)
    RTC_Alarm_IRQHandler                     0x08000cfb   Thumb Code     0  startup_stm32f40_41xxx.o(.text)
    RTC_WKUP_IRQHandler                      0x08000cfb   Thumb Code     0  startup_stm32f40_41xxx.o(.text)
    SDIO_IRQHandler                          0x08000cfb   Thumb Code     0  startup_stm32f40_41xxx.o(.text)
    SPI1_IRQHandler                          0x08000cfb   Thumb Code     0  startup_stm32f40_41xxx.o(.text)
    SPI2_IRQHandler                          0x08000cfb   Thumb Code     0  startup_stm32f40_41xxx.o(.text)
    SPI3_IRQHandler                          0x08000cfb   Thumb Code     0  startup_stm32f40_41xxx.o(.text)
    TAMP_STAMP_IRQHandler                    0x08000cfb   Thumb Code     0  startup_stm32f40_41xxx.o(.text)
    TIM1_BRK_TIM9_IRQHandler                 0x08000cfb   Thumb Code     0  startup_stm32f40_41xxx.o(.text)
    TIM1_CC_IRQHandler                       0x08000cfb   Thumb Code     0  startup_stm32f40_41xxx.o(.text)
    TIM1_TRG_COM_TIM11_IRQHandler            0x08000cfb   Thumb Code     0  startup_stm32f40_41xxx.o(.text)
    TIM1_UP_TIM10_IRQHandler                 0x08000cfb   Thumb Code     0  startup_stm32f40_41xxx.o(.text)
    TIM2_IRQHandler                          0x08000cfb   Thumb Code     0  startup_stm32f40_41xxx.o(.text)
    TIM4_IRQHandler                          0x08000cfb   Thumb Code     0  startup_stm32f40_41xxx.o(.text)
    TIM5_IRQHandler                          0x08000cfb   Thumb Code     0  startup_stm32f40_41xxx.o(.text)
    TIM6_DAC_IRQHandler                      0x08000cfb   Thumb Code     0  startup_stm32f40_41xxx.o(.text)
    TIM7_IRQHandler                          0x08000cfb   Thumb Code     0  startup_stm32f40_41xxx.o(.text)
    TIM8_BRK_TIM12_IRQHandler                0x08000cfb   Thumb Code     0  startup_stm32f40_41xxx.o(.text)
    TIM8_CC_IRQHandler                       0x08000cfb   Thumb Code     0  startup_stm32f40_41xxx.o(.text)
    TIM8_TRG_COM_TIM14_IRQHandler            0x08000cfb   Thumb Code     0  startup_stm32f40_41xxx.o(.text)
    TIM8_UP_TIM13_IRQHandler                 0x08000cfb   Thumb Code     0  startup_stm32f40_41xxx.o(.text)
    UART4_IRQHandler                         0x08000cfb   Thumb Code     0  startup_stm32f40_41xxx.o(.text)
    UART5_IRQHandler                         0x08000cfb   Thumb Code     0  startup_stm32f40_41xxx.o(.text)
    USART6_IRQHandler                        0x08000cfb   Thumb Code     0  startup_stm32f40_41xxx.o(.text)
    WWDG_IRQHandler                          0x08000cfb   Thumb Code     0  startup_stm32f40_41xxx.o(.text)
    __user_initial_stackheap                 0x08000cfd   Thumb Code     0  startup_stm32f40_41xxx.o(.text)
    NVIC_PriorityGroupConfig                 0x08000d21   Thumb Code    10  misc.o(.text)
    NVIC_Init                                0x08000d2b   Thumb Code   106  misc.o(.text)
    NVIC_SetVectorTable                      0x08000d95   Thumb Code    14  misc.o(.text)
    NVIC_SystemLPConfig                      0x08000da3   Thumb Code    34  misc.o(.text)
    SysTick_CLKSourceConfig                  0x08000dc5   Thumb Code    40  misc.o(.text)
    GPIO_DeInit                              0x08000e01   Thumb Code   268  stm32f4xx_gpio.o(.text)
    GPIO_Init                                0x08000f0d   Thumb Code   144  stm32f4xx_gpio.o(.text)
    GPIO_StructInit                          0x08000f9d   Thumb Code    18  stm32f4xx_gpio.o(.text)
    GPIO_PinLockConfig                       0x08000faf   Thumb Code    34  stm32f4xx_gpio.o(.text)
    GPIO_ReadInputDataBit                    0x08000fd1   Thumb Code    18  stm32f4xx_gpio.o(.text)
    GPIO_ReadInputData                       0x08000fe3   Thumb Code     8  stm32f4xx_gpio.o(.text)
    GPIO_ReadOutputDataBit                   0x08000feb   Thumb Code    18  stm32f4xx_gpio.o(.text)
    GPIO_ReadOutputData                      0x08000ffd   Thumb Code     8  stm32f4xx_gpio.o(.text)
    GPIO_SetBits                             0x08001005   Thumb Code     4  stm32f4xx_gpio.o(.text)
    GPIO_ResetBits                           0x08001009   Thumb Code     4  stm32f4xx_gpio.o(.text)
    GPIO_WriteBit                            0x0800100d   Thumb Code    10  stm32f4xx_gpio.o(.text)
    GPIO_Write                               0x08001017   Thumb Code     4  stm32f4xx_gpio.o(.text)
    GPIO_ToggleBits                          0x0800101b   Thumb Code     8  stm32f4xx_gpio.o(.text)
    GPIO_PinAFConfig                         0x08001023   Thumb Code    70  stm32f4xx_gpio.o(.text)
    RCC_DeInit                               0x08001095   Thumb Code    82  stm32f4xx_rcc.o(.text)
    RCC_HSEConfig                            0x080010e7   Thumb Code    14  stm32f4xx_rcc.o(.text)
    RCC_GetFlagStatus                        0x080010f5   Thumb Code    60  stm32f4xx_rcc.o(.text)
    RCC_WaitForHSEStartUp                    0x08001131   Thumb Code    56  stm32f4xx_rcc.o(.text)
    RCC_AdjustHSICalibrationValue            0x08001169   Thumb Code    20  stm32f4xx_rcc.o(.text)
    RCC_HSICmd                               0x0800117d   Thumb Code     6  stm32f4xx_rcc.o(.text)
    RCC_LSEConfig                            0x08001183   Thumb Code    46  stm32f4xx_rcc.o(.text)
    RCC_LSICmd                               0x080011b1   Thumb Code     6  stm32f4xx_rcc.o(.text)
    RCC_PLLConfig                            0x080011b7   Thumb Code    32  stm32f4xx_rcc.o(.text)
    RCC_PLLCmd                               0x080011d7   Thumb Code     6  stm32f4xx_rcc.o(.text)
    RCC_PLLI2SConfig                         0x080011dd   Thumb Code    14  stm32f4xx_rcc.o(.text)
    RCC_PLLI2SCmd                            0x080011eb   Thumb Code     6  stm32f4xx_rcc.o(.text)
    RCC_PLLSAIConfig                         0x080011f1   Thumb Code    20  stm32f4xx_rcc.o(.text)
    RCC_PLLSAICmd                            0x08001205   Thumb Code     6  stm32f4xx_rcc.o(.text)
    RCC_ClockSecuritySystemCmd               0x0800120b   Thumb Code     6  stm32f4xx_rcc.o(.text)
    RCC_MCO1Config                           0x08001211   Thumb Code    28  stm32f4xx_rcc.o(.text)
    RCC_MCO2Config                           0x0800122d   Thumb Code    28  stm32f4xx_rcc.o(.text)
    RCC_SYSCLKConfig                         0x08001249   Thumb Code    20  stm32f4xx_rcc.o(.text)
    RCC_GetSYSCLKSource                      0x0800125d   Thumb Code    12  stm32f4xx_rcc.o(.text)
    RCC_HCLKConfig                           0x08001269   Thumb Code    20  stm32f4xx_rcc.o(.text)
    RCC_PCLK1Config                          0x0800127d   Thumb Code    20  stm32f4xx_rcc.o(.text)
    RCC_PCLK2Config                          0x08001291   Thumb Code    22  stm32f4xx_rcc.o(.text)
    RCC_GetClocksFreq                        0x080012a7   Thumb Code   222  stm32f4xx_rcc.o(.text)
    RCC_RTCCLKConfig                         0x08001385   Thumb Code    54  stm32f4xx_rcc.o(.text)
    RCC_RTCCLKCmd                            0x080013bb   Thumb Code     8  stm32f4xx_rcc.o(.text)
    RCC_BackupResetCmd                       0x080013c3   Thumb Code     8  stm32f4xx_rcc.o(.text)
    RCC_I2SCLKConfig                         0x080013cb   Thumb Code     6  stm32f4xx_rcc.o(.text)
    RCC_SAIPLLI2SClkDivConfig                0x080013d1   Thumb Code    26  stm32f4xx_rcc.o(.text)
    RCC_SAIPLLSAIClkDivConfig                0x080013eb   Thumb Code    28  stm32f4xx_rcc.o(.text)
    RCC_SAIBlockACLKConfig                   0x08001407   Thumb Code    20  stm32f4xx_rcc.o(.text)
    RCC_SAIBlockBCLKConfig                   0x0800141b   Thumb Code    20  stm32f4xx_rcc.o(.text)
    RCC_LTDCCLKDivConfig                     0x0800142f   Thumb Code    20  stm32f4xx_rcc.o(.text)
    RCC_TIMCLKPresConfig                     0x08001443   Thumb Code     6  stm32f4xx_rcc.o(.text)
    RCC_AHB1PeriphClockCmd                   0x08001449   Thumb Code    34  stm32f4xx_rcc.o(.text)
    RCC_AHB2PeriphClockCmd                   0x0800146b   Thumb Code    78  stm32f4xx_rcc.o(.text)
    RCC_AHB3PeriphClockCmd                   0x080014b9   Thumb Code    34  stm32f4xx_rcc.o(.text)
    RCC_APB1PeriphClockCmd                   0x080014db   Thumb Code    34  stm32f4xx_rcc.o(.text)
    RCC_APB2PeriphClockCmd                   0x080014fd   Thumb Code    34  stm32f4xx_rcc.o(.text)
    RCC_AHB1PeriphResetCmd                   0x0800151f   Thumb Code    34  stm32f4xx_rcc.o(.text)
    RCC_AHB2PeriphResetCmd                   0x08001541   Thumb Code    34  stm32f4xx_rcc.o(.text)
    RCC_AHB3PeriphResetCmd                   0x08001563   Thumb Code    34  stm32f4xx_rcc.o(.text)
    RCC_APB1PeriphResetCmd                   0x08001585   Thumb Code    34  stm32f4xx_rcc.o(.text)
    RCC_APB2PeriphResetCmd                   0x080015a7   Thumb Code    34  stm32f4xx_rcc.o(.text)
    RCC_AHB1PeriphClockLPModeCmd             0x080015c9   Thumb Code    34  stm32f4xx_rcc.o(.text)
    RCC_AHB2PeriphClockLPModeCmd             0x080015eb   Thumb Code    34  stm32f4xx_rcc.o(.text)
    RCC_AHB3PeriphClockLPModeCmd             0x0800160d   Thumb Code    34  stm32f4xx_rcc.o(.text)
    RCC_APB1PeriphClockLPModeCmd             0x0800162f   Thumb Code    34  stm32f4xx_rcc.o(.text)
    RCC_APB2PeriphClockLPModeCmd             0x08001651   Thumb Code    34  stm32f4xx_rcc.o(.text)
    RCC_LSEModeConfig                        0x08001673   Thumb Code    40  stm32f4xx_rcc.o(.text)
    RCC_ITConfig                             0x0800169b   Thumb Code    34  stm32f4xx_rcc.o(.text)
    RCC_ClearFlag                            0x080016bd   Thumb Code    18  stm32f4xx_rcc.o(.text)
    RCC_GetITStatus                          0x080016cf   Thumb Code    22  stm32f4xx_rcc.o(.text)
    RCC_ClearITPendingBit                    0x080016e5   Thumb Code     8  stm32f4xx_rcc.o(.text)
    TIM_DeInit                               0x080016f1   Thumb Code   346  stm32f4xx_tim.o(.text)
    TIM_TimeBaseInit                         0x0800184b   Thumb Code   104  stm32f4xx_tim.o(.text)
    TIM_TimeBaseStructInit                   0x080018b3   Thumb Code    18  stm32f4xx_tim.o(.text)
    TIM_PrescalerConfig                      0x080018c5   Thumb Code     6  stm32f4xx_tim.o(.text)
    TIM_CounterModeConfig                    0x080018cb   Thumb Code    18  stm32f4xx_tim.o(.text)
    TIM_SetCounter                           0x080018dd   Thumb Code     4  stm32f4xx_tim.o(.text)
    TIM_SetAutoreload                        0x080018e1   Thumb Code     4  stm32f4xx_tim.o(.text)
    TIM_GetCounter                           0x080018e5   Thumb Code     6  stm32f4xx_tim.o(.text)
    TIM_GetPrescaler                         0x080018eb   Thumb Code     6  stm32f4xx_tim.o(.text)
    TIM_UpdateDisableConfig                  0x080018f1   Thumb Code    24  stm32f4xx_tim.o(.text)
    TIM_UpdateRequestConfig                  0x08001909   Thumb Code    24  stm32f4xx_tim.o(.text)
    TIM_ARRPreloadConfig                     0x08001921   Thumb Code    24  stm32f4xx_tim.o(.text)
    TIM_SelectOnePulseMode                   0x08001939   Thumb Code    18  stm32f4xx_tim.o(.text)
    TIM_SetClockDivision                     0x0800194b   Thumb Code    18  stm32f4xx_tim.o(.text)
    TIM_Cmd                                  0x0800195d   Thumb Code    24  stm32f4xx_tim.o(.text)
    TIM_OC1Init                              0x08001975   Thumb Code   114  stm32f4xx_tim.o(.text)
    TIM_OC2Init                              0x080019e7   Thumb Code   154  stm32f4xx_tim.o(.text)
    TIM_OC3Init                              0x08001a81   Thumb Code   204  stm32f4xx_tim.o(.text)
    TIM_OC4Init                              0x08001b4d   Thumb Code   112  stm32f4xx_tim.o(.text)
    TIM_OCStructInit                         0x08001bbd   Thumb Code    20  stm32f4xx_tim.o(.text)
    TIM_SelectOCxM                           0x08001bd1   Thumb Code    86  stm32f4xx_tim.o(.text)
    TIM_SetCompare1                          0x08001c27   Thumb Code     4  stm32f4xx_tim.o(.text)
    TIM_SetCompare2                          0x08001c2b   Thumb Code     4  stm32f4xx_tim.o(.text)
    TIM_SetCompare3                          0x08001c2f   Thumb Code     4  stm32f4xx_tim.o(.text)
    TIM_SetCompare4                          0x08001c33   Thumb Code     4  stm32f4xx_tim.o(.text)
    TIM_ForcedOC1Config                      0x08001c37   Thumb Code    18  stm32f4xx_tim.o(.text)
    TIM_ForcedOC2Config                      0x08001c49   Thumb Code    26  stm32f4xx_tim.o(.text)
    TIM_ForcedOC3Config                      0x08001c63   Thumb Code    18  stm32f4xx_tim.o(.text)
    TIM_ForcedOC4Config                      0x08001c75   Thumb Code    26  stm32f4xx_tim.o(.text)
    TIM_OC1PreloadConfig                     0x08001c8f   Thumb Code    18  stm32f4xx_tim.o(.text)
    TIM_OC2PreloadConfig                     0x08001ca1   Thumb Code    26  stm32f4xx_tim.o(.text)
    TIM_OC3PreloadConfig                     0x08001cbb   Thumb Code    18  stm32f4xx_tim.o(.text)
    TIM_OC4PreloadConfig                     0x08001ccd   Thumb Code    26  stm32f4xx_tim.o(.text)
    TIM_OC1FastConfig                        0x08001ce7   Thumb Code    18  stm32f4xx_tim.o(.text)
    TIM_OC2FastConfig                        0x08001cf9   Thumb Code    26  stm32f4xx_tim.o(.text)
    TIM_OC3FastConfig                        0x08001d13   Thumb Code    18  stm32f4xx_tim.o(.text)
    TIM_OC4FastConfig                        0x08001d25   Thumb Code    26  stm32f4xx_tim.o(.text)
    TIM_ClearOC1Ref                          0x08001d3f   Thumb Code    18  stm32f4xx_tim.o(.text)
    TIM_ClearOC2Ref                          0x08001d51   Thumb Code    24  stm32f4xx_tim.o(.text)
    TIM_ClearOC3Ref                          0x08001d69   Thumb Code    18  stm32f4xx_tim.o(.text)
    TIM_ClearOC4Ref                          0x08001d7b   Thumb Code    24  stm32f4xx_tim.o(.text)
    TIM_OC1PolarityConfig                    0x08001d93   Thumb Code    18  stm32f4xx_tim.o(.text)
    TIM_OC1NPolarityConfig                   0x08001da5   Thumb Code    18  stm32f4xx_tim.o(.text)
    TIM_OC2PolarityConfig                    0x08001db7   Thumb Code    26  stm32f4xx_tim.o(.text)
    TIM_OC2NPolarityConfig                   0x08001dd1   Thumb Code    26  stm32f4xx_tim.o(.text)
    TIM_OC3PolarityConfig                    0x08001deb   Thumb Code    26  stm32f4xx_tim.o(.text)
    TIM_OC3NPolarityConfig                   0x08001e05   Thumb Code    26  stm32f4xx_tim.o(.text)
    TIM_OC4PolarityConfig                    0x08001e1f   Thumb Code    26  stm32f4xx_tim.o(.text)
    TIM_CCxCmd                               0x08001e39   Thumb Code    30  stm32f4xx_tim.o(.text)
    TIM_CCxNCmd                              0x08001e57   Thumb Code    30  stm32f4xx_tim.o(.text)
    TIM_SetIC4Prescaler                      0x08001e75   Thumb Code    26  stm32f4xx_tim.o(.text)
    TIM_SetIC3Prescaler                      0x08001edf   Thumb Code    18  stm32f4xx_tim.o(.text)
    TIM_SetIC2Prescaler                      0x08001f39   Thumb Code    26  stm32f4xx_tim.o(.text)
    TIM_SetIC1Prescaler                      0x08001fad   Thumb Code    18  stm32f4xx_tim.o(.text)
    TIM_ICInit                               0x08001ff9   Thumb Code   110  stm32f4xx_tim.o(.text)
    TIM_ICStructInit                         0x08002067   Thumb Code    18  stm32f4xx_tim.o(.text)
    TIM_PWMIConfig                           0x08002079   Thumb Code   124  stm32f4xx_tim.o(.text)
    TIM_GetCapture1                          0x080020f5   Thumb Code     6  stm32f4xx_tim.o(.text)
    TIM_GetCapture2                          0x080020fb   Thumb Code     6  stm32f4xx_tim.o(.text)
    TIM_GetCapture3                          0x08002101   Thumb Code     6  stm32f4xx_tim.o(.text)
    TIM_GetCapture4                          0x08002107   Thumb Code     6  stm32f4xx_tim.o(.text)
    TIM_BDTRConfig                           0x0800210d   Thumb Code    32  stm32f4xx_tim.o(.text)
    TIM_BDTRStructInit                       0x0800212d   Thumb Code    18  stm32f4xx_tim.o(.text)
    TIM_CtrlPWMOutputs                       0x0800213f   Thumb Code    30  stm32f4xx_tim.o(.text)
    TIM_SelectCOM                            0x0800215d   Thumb Code    24  stm32f4xx_tim.o(.text)
    TIM_CCPreloadControl                     0x08002175   Thumb Code    24  stm32f4xx_tim.o(.text)
    TIM_ITConfig                             0x0800218d   Thumb Code    18  stm32f4xx_tim.o(.text)
    TIM_GenerateEvent                        0x0800219f   Thumb Code     4  stm32f4xx_tim.o(.text)
    TIM_GetFlagStatus                        0x080021a3   Thumb Code    18  stm32f4xx_tim.o(.text)
    TIM_ClearFlag                            0x080021b5   Thumb Code     6  stm32f4xx_tim.o(.text)
    TIM_GetITStatus                          0x080021bb   Thumb Code    34  stm32f4xx_tim.o(.text)
    TIM_ClearITPendingBit                    0x080021dd   Thumb Code     6  stm32f4xx_tim.o(.text)
    TIM_DMAConfig                            0x080021e3   Thumb Code    10  stm32f4xx_tim.o(.text)
    TIM_DMACmd                               0x080021ed   Thumb Code    18  stm32f4xx_tim.o(.text)
    TIM_SelectCCDMA                          0x080021ff   Thumb Code    24  stm32f4xx_tim.o(.text)
    TIM_InternalClockConfig                  0x08002217   Thumb Code    12  stm32f4xx_tim.o(.text)
    TIM_SelectInputTrigger                   0x08002223   Thumb Code    18  stm32f4xx_tim.o(.text)
    TIM_ITRxExternalClockConfig              0x08002235   Thumb Code    24  stm32f4xx_tim.o(.text)
    TIM_TIxExternalClockConfig               0x0800224d   Thumb Code    62  stm32f4xx_tim.o(.text)
    TIM_ETRConfig                            0x0800228b   Thumb Code    28  stm32f4xx_tim.o(.text)
    TIM_ETRClockMode1Config                  0x080022a7   Thumb Code    54  stm32f4xx_tim.o(.text)
    TIM_ETRClockMode2Config                  0x080022dd   Thumb Code    32  stm32f4xx_tim.o(.text)
    TIM_SelectOutputTrigger                  0x080022fd   Thumb Code    18  stm32f4xx_tim.o(.text)
    TIM_SelectSlaveMode                      0x0800230f   Thumb Code    18  stm32f4xx_tim.o(.text)
    TIM_SelectMasterSlaveMode                0x08002321   Thumb Code    18  stm32f4xx_tim.o(.text)
    TIM_EncoderInterfaceConfig               0x08002333   Thumb Code    66  stm32f4xx_tim.o(.text)
    TIM_SelectHallSensor                     0x08002375   Thumb Code    24  stm32f4xx_tim.o(.text)
    TIM_RemapConfig                          0x0800238d   Thumb Code     6  stm32f4xx_tim.o(.text)
    USART_DeInit                             0x08002395   Thumb Code   206  stm32f4xx_usart.o(.text)
    USART_Init                               0x08002463   Thumb Code   204  stm32f4xx_usart.o(.text)
    USART_StructInit                         0x0800252f   Thumb Code    24  stm32f4xx_usart.o(.text)
    USART_ClockInit                          0x08002547   Thumb Code    32  stm32f4xx_usart.o(.text)
    USART_ClockStructInit                    0x08002567   Thumb Code    12  stm32f4xx_usart.o(.text)
    USART_Cmd                                0x08002573   Thumb Code    24  stm32f4xx_usart.o(.text)
    USART_SetPrescaler                       0x0800258b   Thumb Code    16  stm32f4xx_usart.o(.text)
    USART_OverSampling8Cmd                   0x0800259b   Thumb Code    22  stm32f4xx_usart.o(.text)
    USART_OneBitMethodCmd                    0x080025b1   Thumb Code    24  stm32f4xx_usart.o(.text)
    USART_SendData                           0x080025c9   Thumb Code     8  stm32f4xx_usart.o(.text)
    USART_ReceiveData                        0x080025d1   Thumb Code    10  stm32f4xx_usart.o(.text)
    USART_SetAddress                         0x080025db   Thumb Code    18  stm32f4xx_usart.o(.text)
    USART_ReceiverWakeUpCmd                  0x080025ed   Thumb Code    24  stm32f4xx_usart.o(.text)
    USART_WakeUpConfig                       0x08002605   Thumb Code    18  stm32f4xx_usart.o(.text)
    USART_LINBreakDetectLengthConfig         0x08002617   Thumb Code    18  stm32f4xx_usart.o(.text)
    USART_LINCmd                             0x08002629   Thumb Code    24  stm32f4xx_usart.o(.text)
    USART_SendBreak                          0x08002641   Thumb Code    10  stm32f4xx_usart.o(.text)
    USART_HalfDuplexCmd                      0x0800264b   Thumb Code    24  stm32f4xx_usart.o(.text)
    USART_SetGuardTime                       0x08002663   Thumb Code    16  stm32f4xx_usart.o(.text)
    USART_SmartCardCmd                       0x08002673   Thumb Code    24  stm32f4xx_usart.o(.text)
    USART_SmartCardNACKCmd                   0x0800268b   Thumb Code    24  stm32f4xx_usart.o(.text)
    USART_IrDAConfig                         0x080026a3   Thumb Code    18  stm32f4xx_usart.o(.text)
    USART_IrDACmd                            0x080026b5   Thumb Code    24  stm32f4xx_usart.o(.text)
    USART_DMACmd                             0x080026cd   Thumb Code    18  stm32f4xx_usart.o(.text)
    USART_ITConfig                           0x080026df   Thumb Code    74  stm32f4xx_usart.o(.text)
    USART_GetFlagStatus                      0x08002729   Thumb Code    26  stm32f4xx_usart.o(.text)
    USART_ClearFlag                          0x08002743   Thumb Code    18  stm32f4xx_usart.o(.text)
    USART_GetITStatus                        0x08002755   Thumb Code   118  stm32f4xx_usart.o(.text)
    USART_ClearITPendingBit                  0x080027cb   Thumb Code    30  stm32f4xx_usart.o(.text)
    PWM_Out_Init                             0x080027e9   Thumb Code   786  pwm_out.o(.text)
    SetPwm                                   0x08002afb   Thumb Code    72  pwm_out.o(.text)
    Step_PWM_init                            0x08002b43   Thumb Code   152  pwm_out.o(.text)
    step_PWM                                 0x08002bdb   Thumb Code    48  pwm_out.o(.text)
    PWM_init_20ms                            0x08002c0b   Thumb Code   354  pwm_out.o(.text)
    SetPwm_dj                                0x08002d6d   Thumb Code   102  pwm_out.o(.text)
    delay_init                               0x08002ddd   Thumb Code    52  delay.o(.text)
    delay_us                                 0x08002e11   Thumb Code    72  delay.o(.text)
    delay_xms                                0x08002e59   Thumb Code    72  delay.o(.text)
    delay_ms                                 0x08002ea1   Thumb Code    56  delay.o(.text)
    MY_NVIC_SetVectorTable                   0x08002ee1   Thumb Code    12  sys.o(.text)
    MY_NVIC_PriorityGroupConfig              0x08002eed   Thumb Code    36  sys.o(.text)
    MY_NVIC_Init                             0x08002f11   Thumb Code   116  sys.o(.text)
    Ex_NVIC_Config                           0x08002f85   Thumb Code   168  sys.o(.text)
    GPIO_AF_Set                              0x0800302d   Thumb Code    64  sys.o(.text)
    GPIO_Set                                 0x0800306d   Thumb Code   222  sys.o(.text)
    WFI_SET                                  0x0800314b   Thumb Code     4  sys.o(.text)
    INTX_DISABLE                             0x0800314f   Thumb Code     4  sys.o(.text)
    INTX_ENABLE                              0x08003153   Thumb Code     4  sys.o(.text)
    Sys_Standby                              0x08003157   Thumb Code    72  sys.o(.text)
    Sys_Soft_Reset                           0x0800319f   Thumb Code    12  sys.o(.text)
    Sys_Clock_Set                            0x080031ab   Thumb Code   266  sys.o(.text)
    Stm32_Clock_Init                         0x080032b5   Thumb Code   134  sys.o(.text)
    _sys_exit                                0x08003345   Thumb Code     6  usart.o(.text)
    fputc                                    0x0800334b   Thumb Code    22  usart.o(.text)
    uart_init                                0x08003361   Thumb Code   162  usart.o(.text)
    TIM3_Int_Init                            0x0800340d   Thumb Code    86  timer.o(.text)
    usart1_send_char                         0x08003469   Thumb Code    28  pos_mach.o(.text)
    usart1_niming_report                     0x08003485   Thumb Code   122  pos_mach.o(.text)
    mpu6050_send_data                        0x080034ff   Thumb Code   140  pos_mach.o(.text)
    usart1_report_imu                        0x0800358b   Thumb Code   100  pos_mach.o(.text)
    Data_send_MotoPWM                        0x080035ef   Thumb Code   108  pos_mach.o(.text)
    send_receive_check                       0x0800365b   Thumb Code    58  pos_mach.o(.text)
    Data_Receive_Anl                         0x08003695   Thumb Code   480  pos_mach.o(.text)
    usart1_receive_char                      0x08003875   Thumb Code   216  pos_mach.o(.text)
    LED_Init                                 0x0800395d   Thumb Code    60  led.o(.text)
    kerman                                   0x0800399d   Thumb Code   270  ctrl.o(.text)
    Ctrl_1                                   0x08003aab   Thumb Code   156  ctrl.o(.text)
    Ctrl_2                                   0x08003b47   Thumb Code   156  ctrl.o(.text)
    Ctrl_3                                   0x08003be3   Thumb Code   534  ctrl.o(.text)
    Ctrl_4                                   0x08003df9   Thumb Code   156  ctrl.o(.text)
    Ctrl_5                                   0x08003e95   Thumb Code   674  ctrl.o(.text)
    set0                                     0x08004137   Thumb Code   380  ctrl.o(.text)
    Ctrl_N1                                  0x080042b3   Thumb Code    48  ctrl.o(.text)
    Ctrl_N2                                  0x080042e3   Thumb Code    48  ctrl.o(.text)
    Ctrl_N3                                  0x08004313   Thumb Code   192  ctrl.o(.text)
    Ctrl_N4                                  0x080043d3   Thumb Code   100  ctrl.o(.text)
    Ctrl_N5                                  0x08004437   Thumb Code   286  ctrl.o(.text)
    Ctrl_N6                                  0x08004555   Thumb Code   188  ctrl.o(.text)
    Ctrl_N7                                  0x08004611   Thumb Code  1136  ctrl.o(.text)
    PID_CAL_x                                0x08004a89   Thumb Code   142  pid.o(.text)
    PID_CAL_y                                0x08004b17   Thumb Code   142  pid.o(.text)
    OLED_WR_Byte                             0x08004bed   Thumb Code    86  oled.o(.text)
    OLED_Refresh_Gram                        0x08004c43   Thumb Code    70  oled.o(.text)
    OLED_Display_On                          0x08004c89   Thumb Code    28  oled.o(.text)
    OLED_Display_Off                         0x08004ca5   Thumb Code    28  oled.o(.text)
    OLED_Clear                               0x08004cc1   Thumb Code    42  oled.o(.text)
    OLED_DrawPoint                           0x08004ceb   Thumb Code   100  oled.o(.text)
    OLED_Fill                                0x08004d4f   Thumb Code    58  oled.o(.text)
    OLED_ShowChar                            0x08004d89   Thumb Code   254  oled.o(.text)
    mypow                                    0x08004e87   Thumb Code    22  oled.o(.text)
    OLED_ShowNum                             0x08004e9d   Thumb Code   148  oled.o(.text)
    OLED_ShowString                          0x08004f31   Thumb Code    94  oled.o(.text)
    OLED_Showhz                              0x08004f8f   Thumb Code   158  oled.o(.text)
    OLED_Showhzstring                        0x0800502d   Thumb Code   112  oled.o(.text)
    OLED_Init                                0x0800509d   Thumb Code   296  oled.o(.text)
    KEY_Init                                 0x080051d5   Thumb Code    44  key.o(.text)
    DIP_scan                                 0x08005201   Thumb Code   334  key.o(.text)
    KEY_scan                                 0x0800534f   Thumb Code   186  key.o(.text)
    uart3_init                               0x08005411   Thumb Code   166  uart3.o(.text)
    usart3_send_char                         0x080054b7   Thumb Code    28  uart3.o(.text)
    usart3_niming_report                     0x080054d3   Thumb Code   102  uart3.o(.text)
    usart3_send_data                         0x08005539   Thumb Code    72  uart3.o(.text)
    Data_Receive_Anl3                        0x08005581   Thumb Code    50  uart3.o(.text)
    usart3_receive_char                      0x080055b3   Thumb Code   158  uart3.o(.text)
    uart2_init                               0x08005669   Thumb Code   164  uart2.o(.text)
    filter_huadong                           0x08005715   Thumb Code    88  filter.o(.text)
    filter_huadong1                          0x0800576d   Thumb Code    88  filter.o(.text)
    filter_guanxing                          0x080057c5   Thumb Code    32  filter.o(.text)
    Kalman_Filter_X                          0x080057e5   Thumb Code   568  filter.o(.text)
    Kalman_Filter_Y                          0x08005a1d   Thumb Code   664  filter.o(.text)
    Kalman_Filter_UX                         0x08005cb5   Thumb Code   568  filter.o(.text)
    Kalman_Filter_UY                         0x08005eed   Thumb Code   638  filter.o(.text)
    __use_no_semihosting                     0x080061a1   Thumb Code     2  use_no_semi_2.o(.text)
    __use_two_region_memory                  0x080061a3   Thumb Code     2  heapauxi.o(.text)
    __rt_heap_escrow$2region                 0x080061a5   Thumb Code     2  heapauxi.o(.text)
    __rt_heap_expand$2region                 0x080061a7   Thumb Code     2  heapauxi.o(.text)
    __I$use$semihosting                      0x080061a9   Thumb Code     0  use_no_semi.o(.text)
    __use_no_semihosting_swi                 0x080061a9   Thumb Code     2  use_no_semi.o(.text)
    __user_setup_stackheap                   0x080061ab   Thumb Code    74  sys_stackheap_outer.o(.text)
    exit                                     0x080061f5   Thumb Code    12  exit.o(.text)
    __user_libspace                          0x08006201   Thumb Code     8  libspace.o(.text)
    __user_perproc_libspace                  0x08006201   Thumb Code     0  libspace.o(.text)
    __user_perthread_libspace                0x08006201   Thumb Code     0  libspace.o(.text)
    __aeabi_d2f                              0x08006209   Thumb Code     0  d2f.o(x$fpl$d2f)
    _d2f                                     0x08006209   Thumb Code    98  d2f.o(x$fpl$d2f)
    __aeabi_i2d                              0x0800626b   Thumb Code     0  dflt_clz.o(x$fpl$dflt)
    _dflt                                    0x0800626b   Thumb Code    46  dflt_clz.o(x$fpl$dflt)
    __aeabi_dmul                             0x08006299   Thumb Code     0  dmul.o(x$fpl$dmul)
    _dmul                                    0x08006299   Thumb Code   332  dmul.o(x$fpl$dmul)
    __fpl_dnaninf                            0x080063ed   Thumb Code   156  dnaninf.o(x$fpl$dnaninf)
    __fpl_dretinf                            0x08006489   Thumb Code    12  dretinf.o(x$fpl$dretinf)
    _fp_init                                 0x08006495   Thumb Code    10  fpinit.o(x$fpl$fpinit)
    __fplib_config_fpu_vfp                   0x0800649d   Thumb Code     0  fpinit.o(x$fpl$fpinit)
    __fplib_config_pureend_doubles           0x0800649d   Thumb Code     0  fpinit.o(x$fpl$fpinit)
    __fpl_fretinf                            0x0800649f   Thumb Code    10  fretinf.o(x$fpl$fretinf)
    __I$use$fp                               0x080064a8   Number         0  usenofp.o(x$fpl$usenofp)
    hz_index                                 0x080064a8   Data          37  oled.o(.constdata)
    hz_14x16                                 0x080064cd   Data         504  oled.o(.constdata)
    asc2_1206                                0x080066c5   Data        1140  oled.o(.constdata)
    asc2_1608                                0x08006b39   Data        1520  oled.o(.constdata)
    asc2_2412                                0x08007129   Data        3420  oled.o(.constdata)
    Region$$Table$$Base                      0x08007e88   Number         0  anon$$obj.o(Region$$Table)
    Region$$Table$$Limit                     0x08007ea8   Number         0  anon$$obj.o(Region$$Table)
    mode                                     0x20000000   Data           1  main.o(.data)
    keyvalue                                 0x20000001   Data           1  main.o(.data)
    modelast                                 0x20000002   Data           1  main.o(.data)
    x_now                                    0x20000004   Data           2  main.o(.data)
    y_now                                    0x20000006   Data           2  main.o(.data)
    pwmp0                                    0x20000008   Data           2  main.o(.data)
    pwmp1                                    0x2000000a   Data           2  main.o(.data)
    pwmp2                                    0x2000000c   Data           2  main.o(.data)
    pwmp3                                    0x2000000e   Data           2  main.o(.data)
    A6                                       0x20000010   Data           1  main.o(.data)
    B6                                       0x20000011   Data           1  main.o(.data)
    C6                                       0x20000012   Data           1  main.o(.data)
    D6                                       0x20000013   Data           1  main.o(.data)
    I6                                       0x20000014   Data           1  main.o(.data)
    S6                                       0x20000015   Data           1  main.o(.data)
    Ax                                       0x20000016   Data           1  main.o(.data)
    Ay                                       0x20000017   Data           1  main.o(.data)
    Bx                                       0x20000018   Data           1  main.o(.data)
    By                                       0x20000019   Data           1  main.o(.data)
    Cx                                       0x2000001a   Data           1  main.o(.data)
    Cy                                       0x2000001b   Data           1  main.o(.data)
    Dx                                       0x2000001c   Data           1  main.o(.data)
    Dy                                       0x2000001d   Data           1  main.o(.data)
    mode6flag                                0x2000001e   Data           1  main.o(.data)
    SystemCoreClock                          0x20000020   Data           4  system_stm32f4xx.o(.data)
    AHBPrescTable                            0x20000024   Data          16  system_stm32f4xx.o(.data)
    x_pwm_inc                                0x2000004c   Data           4  ctrl.o(.data)
    y_pwm_inc                                0x20000050   Data           4  ctrl.o(.data)
    x_pwm0                                   0x20000054   Data           2  ctrl.o(.data)
    x_pwm1                                   0x20000056   Data           2  ctrl.o(.data)
    y_pwm0                                   0x20000058   Data           2  ctrl.o(.data)
    y_pwm1                                   0x2000005a   Data           2  ctrl.o(.data)
    x_k                                      0x2000005c   Data           4  ctrl.o(.data)
    y_k                                      0x20000060   Data           4  ctrl.o(.data)
    x_1                                      0x20000064   Data           4  ctrl.o(.data)
    y_1                                      0x20000068   Data           4  ctrl.o(.data)
    x_2                                      0x2000006c   Data           4  ctrl.o(.data)
    y_2                                      0x20000070   Data           4  ctrl.o(.data)
    x_final                                  0x20000074   Data           4  ctrl.o(.data)
    y_final                                  0x20000078   Data           4  ctrl.o(.data)
    iii                                      0x2000007c   Data           4  ctrl.o(.data)
    flag3                                    0x20000080   Data           1  ctrl.o(.data)
    jj3                                      0x20000081   Data           1  ctrl.o(.data)
    flag5_1                                  0x20000082   Data           1  ctrl.o(.data)
    flag5_2                                  0x20000083   Data           1  ctrl.o(.data)
    jj5_1                                    0x20000084   Data           1  ctrl.o(.data)
    jj5_2                                    0x20000085   Data           1  ctrl.o(.data)
    tts                                      0x20000088   Data           4  ctrl.o(.data)
    setx                                     0x2000008c   Data           4  ctrl.o(.data)
    sety                                     0x20000090   Data           4  ctrl.o(.data)
    flagn3                                   0x20000094   Data           1  ctrl.o(.data)
    jjn3                                     0x20000095   Data           1  ctrl.o(.data)
    Kp_x                                     0x20000098   Data           4  pid.o(.data)
    Ki_x                                     0x2000009c   Data           4  pid.o(.data)
    Kd_x                                     0x200000a0   Data           4  pid.o(.data)
    Kp_y                                     0x200000a4   Data           4  pid.o(.data)
    Ki_y                                     0x200000a8   Data           4  pid.o(.data)
    Kd_y                                     0x200000ac   Data           4  pid.o(.data)
    err_x_Angle                              0x200000b0   Data           4  pid.o(.data)
    err_x_Angle_last                         0x200000b4   Data           4  pid.o(.data)
    err_x_Angle_last_next                    0x200000b8   Data           4  pid.o(.data)
    err_y_Angle                              0x200000bc   Data           4  pid.o(.data)
    err_y_Angle_last                         0x200000c0   Data           4  pid.o(.data)
    err_y_Angle_last_next                    0x200000c4   Data           4  pid.o(.data)
    Kp_err_x                                 0x200000c8   Data           4  pid.o(.data)
    Ki_err_x                                 0x200000cc   Data           4  pid.o(.data)
    Kd_err_x                                 0x200000d0   Data           4  pid.o(.data)
    Kp_err_y                                 0x200000d4   Data           4  pid.o(.data)
    Ki_err_y                                 0x200000d8   Data           4  pid.o(.data)
    Kd_err_y                                 0x200000dc   Data           4  pid.o(.data)
    inc_x_PWM                                0x200000e0   Data           4  pid.o(.data)
    inc_y_PWM                                0x200000e4   Data           4  pid.o(.data)
    i                                        0x200000ec   Data           1  filter.o(.data)
    i1                                       0x200000ed   Data           1  filter.o(.data)
    value                                    0x200000f0   Data           4  filter.o(.data)
    C_0                                      0x200000f4   Data           1  filter.o(.data)
    Q_bias_x                                 0x200000f8   Data           4  filter.o(.data)
    Q_bias_y                                 0x200000fc   Data           4  filter.o(.data)
    Q_bias_z                                 0x20000100   Data           4  filter.o(.data)
    Angle_err_x                              0x20000104   Data           4  filter.o(.data)
    Angle_err_y                              0x20000108   Data           4  filter.o(.data)
    Angle_err_z                              0x2000010c   Data           4  filter.o(.data)
    PCt_0                                    0x20000110   Data           4  filter.o(.data)
    PCt_1                                    0x20000114   Data           4  filter.o(.data)
    E                                        0x20000118   Data           4  filter.o(.data)
    K_0                                      0x2000011c   Data           4  filter.o(.data)
    K_1                                      0x20000120   Data           4  filter.o(.data)
    t_0                                      0x20000124   Data           4  filter.o(.data)
    t_1                                      0x20000128   Data           4  filter.o(.data)
    PP                                       0x2000012c   Data          16  filter.o(.data)
    OLED_GRAM                                0x2000017e   Data        1024  oled.o(.bss)
    value_buff                               0x200005b0   Data          40  filter.o(.bss)
    value_buff1                              0x200005d8   Data          40  filter.o(.bss)
    Pdot                                     0x20000600   Data          16  filter.o(.bss)
    __libspace_start                         0x20000610   Data          96  libspace.o(.bss)
    __temporary_stack_top$libspace           0x20000670   Data           0  libspace.o(.bss)



==============================================================================

Memory Map of the image

  Image Entry point : 0x08000189

  Load Region LR_IROM1 (Base: 0x08000000, Size: 0x00007ff4, Max: 0x00100000, ABSOLUTE, COMPRESSED[0x00007ee4])

    Execution Region ER_IROM1 (Base: 0x08000000, Size: 0x00007ea8, Max: 0x00100000, ABSOLUTE)

    Base Addr    Size         Type   Attr      Idx    E Section Name        Object

    0x08000000   0x00000188   Data   RO          230    RESET               startup_stm32f40_41xxx.o
    0x08000188   0x00000008   Code   RO          771  * !!!main             c_w.l(__main.o)
    0x08000190   0x00000034   Code   RO          944    !!!scatter          c_w.l(__scatter.o)
    0x080001c4   0x0000005a   Code   RO          942    !!dczerorl2         c_w.l(__dczerorl2.o)
    0x0800021e   0x00000002   PAD
    0x08000220   0x0000001c   Code   RO          946    !!handler_zi        c_w.l(__scatter_zi.o)
    0x0800023c   0x00000002   Code   RO          817    .ARM.Collect$$libinit$$00000000  c_w.l(libinit.o)
    0x0800023e   0x00000004   Code   RO          823    .ARM.Collect$$libinit$$00000001  c_w.l(libinit2.o)
    0x08000242   0x00000000   Code   RO          826    .ARM.Collect$$libinit$$00000004  c_w.l(libinit2.o)
    0x08000242   0x00000000   Code   RO          829    .ARM.Collect$$libinit$$0000000A  c_w.l(libinit2.o)
    0x08000242   0x00000000   Code   RO          831    .ARM.Collect$$libinit$$0000000C  c_w.l(libinit2.o)
    0x08000242   0x00000000   Code   RO          833    .ARM.Collect$$libinit$$0000000E  c_w.l(libinit2.o)
    0x08000242   0x00000000   Code   RO          836    .ARM.Collect$$libinit$$00000011  c_w.l(libinit2.o)
    0x08000242   0x00000000   Code   RO          838    .ARM.Collect$$libinit$$00000013  c_w.l(libinit2.o)
    0x08000242   0x00000000   Code   RO          840    .ARM.Collect$$libinit$$00000015  c_w.l(libinit2.o)
    0x08000242   0x00000000   Code   RO          842    .ARM.Collect$$libinit$$00000017  c_w.l(libinit2.o)
    0x08000242   0x00000000   Code   RO          844    .ARM.Collect$$libinit$$00000019  c_w.l(libinit2.o)
    0x08000242   0x00000000   Code   RO          846    .ARM.Collect$$libinit$$0000001B  c_w.l(libinit2.o)
    0x08000242   0x00000000   Code   RO          848    .ARM.Collect$$libinit$$0000001D  c_w.l(libinit2.o)
    0x08000242   0x00000000   Code   RO          850    .ARM.Collect$$libinit$$0000001F  c_w.l(libinit2.o)
    0x08000242   0x00000000   Code   RO          852    .ARM.Collect$$libinit$$00000021  c_w.l(libinit2.o)
    0x08000242   0x00000000   Code   RO          854    .ARM.Collect$$libinit$$00000023  c_w.l(libinit2.o)
    0x08000242   0x00000000   Code   RO          856    .ARM.Collect$$libinit$$00000025  c_w.l(libinit2.o)
    0x08000242   0x00000000   Code   RO          860    .ARM.Collect$$libinit$$0000002C  c_w.l(libinit2.o)
    0x08000242   0x00000000   Code   RO          862    .ARM.Collect$$libinit$$0000002E  c_w.l(libinit2.o)
    0x08000242   0x00000000   Code   RO          864    .ARM.Collect$$libinit$$00000030  c_w.l(libinit2.o)
    0x08000242   0x00000000   Code   RO          866    .ARM.Collect$$libinit$$00000032  c_w.l(libinit2.o)
    0x08000242   0x00000002   Code   RO          867    .ARM.Collect$$libinit$$00000033  c_w.l(libinit2.o)
    0x08000244   0x00000002   Code   RO          885    .ARM.Collect$$libshutdown$$00000000  c_w.l(libshutdown.o)
    0x08000246   0x00000000   Code   RO          896    .ARM.Collect$$libshutdown$$00000003  c_w.l(libshutdown2.o)
    0x08000246   0x00000000   Code   RO          899    .ARM.Collect$$libshutdown$$00000006  c_w.l(libshutdown2.o)
    0x08000246   0x00000000   Code   RO          902    .ARM.Collect$$libshutdown$$00000009  c_w.l(libshutdown2.o)
    0x08000246   0x00000000   Code   RO          904    .ARM.Collect$$libshutdown$$0000000B  c_w.l(libshutdown2.o)
    0x08000246   0x00000000   Code   RO          907    .ARM.Collect$$libshutdown$$0000000E  c_w.l(libshutdown2.o)
    0x08000246   0x00000002   Code   RO          908    .ARM.Collect$$libshutdown$$0000000F  c_w.l(libshutdown2.o)
    0x08000248   0x00000000   Code   RO          785    .ARM.Collect$$rtentry$$00000000  c_w.l(__rtentry.o)
    0x08000248   0x00000000   Code   RO          794    .ARM.Collect$$rtentry$$00000002  c_w.l(__rtentry2.o)
    0x08000248   0x00000006   Code   RO          806    .ARM.Collect$$rtentry$$00000004  c_w.l(__rtentry4.o)
    0x0800024e   0x00000000   Code   RO          796    .ARM.Collect$$rtentry$$00000009  c_w.l(__rtentry2.o)
    0x0800024e   0x00000004   Code   RO          797    .ARM.Collect$$rtentry$$0000000A  c_w.l(__rtentry2.o)
    0x08000252   0x00000000   Code   RO          799    .ARM.Collect$$rtentry$$0000000C  c_w.l(__rtentry2.o)
    0x08000252   0x00000008   Code   RO          800    .ARM.Collect$$rtentry$$0000000D  c_w.l(__rtentry2.o)
    0x0800025a   0x00000002   Code   RO          821    .ARM.Collect$$rtexit$$00000000  c_w.l(rtexit.o)
    0x0800025c   0x00000000   Code   RO          869    .ARM.Collect$$rtexit$$00000002  c_w.l(rtexit2.o)
    0x0800025c   0x00000004   Code   RO          870    .ARM.Collect$$rtexit$$00000003  c_w.l(rtexit2.o)
    0x08000260   0x00000006   Code   RO          871    .ARM.Collect$$rtexit$$00000004  c_w.l(rtexit2.o)
    0x08000266   0x00000002   PAD
    0x08000268   0x0000084c   Code   RO            3    .text               main.o
    0x08000ab4   0x0000001a   Code   RO          181    .text               stm32f4xx_it.o
    0x08000ace   0x00000002   PAD
    0x08000ad0   0x00000210   Code   RO          204    .text               system_stm32f4xx.o
    0x08000ce0   0x00000040   Code   RO          231    .text               startup_stm32f40_41xxx.o
    0x08000d20   0x000000e0   Code   RO          237    .text               misc.o
    0x08000e00   0x00000294   Code   RO          303    .text               stm32f4xx_gpio.o
    0x08001094   0x0000065c   Code   RO          323    .text               stm32f4xx_rcc.o
    0x080016f0   0x00000ca2   Code   RO          365    .text               stm32f4xx_tim.o
    0x08002392   0x00000002   PAD
    0x08002394   0x00000454   Code   RO          385    .text               stm32f4xx_usart.o
    0x080027e8   0x000005f4   Code   RO          405    .text               pwm_out.o
    0x08002ddc   0x00000104   Code   RO          428    .text               delay.o
    0x08002ee0   0x00000464   Code   RO          451    .text               sys.o
    0x08003344   0x000000c8   Code   RO          474    .text               usart.o
    0x0800340c   0x0000005c   Code   RO          505    .text               timer.o
    0x08003468   0x000004f4   Code   RO          525    .text               pos_mach.o
    0x0800395c   0x00000040   Code   RO          548    .text               led.o
    0x0800399c   0x000010ec   Code   RO          568    .text               ctrl.o
    0x08004a88   0x00000164   Code   RO          599    .text               pid.o
    0x08004bec   0x000005e8   Code   RO          626    .text               oled.o
    0x080051d4   0x0000023c   Code   RO          656    .text               key.o
    0x08005410   0x00000258   Code   RO          677    .text               uart3.o
    0x08005668   0x000000ac   Code   RO          699    .text               uart2.o
    0x08005714   0x00000a8c   Code   RO          719    .text               filter.o
    0x080061a0   0x00000002   Code   RO          767    .text               c_w.l(use_no_semi_2.o)
    0x080061a2   0x00000006   Code   RO          769    .text               c_w.l(heapauxi.o)
    0x080061a8   0x00000002   Code   RO          783    .text               c_w.l(use_no_semi.o)
    0x080061aa   0x0000004a   Code   RO          808    .text               c_w.l(sys_stackheap_outer.o)
    0x080061f4   0x0000000c   Code   RO          810    .text               c_w.l(exit.o)
    0x08006200   0x00000008   Code   RO          818    .text               c_w.l(libspace.o)
    0x08006208   0x00000062   Code   RO          773    x$fpl$d2f           fz_wm.l(d2f.o)
    0x0800626a   0x0000002e   Code   RO          776    x$fpl$dflt          fz_wm.l(dflt_clz.o)
    0x08006298   0x00000154   Code   RO          781    x$fpl$dmul          fz_wm.l(dmul.o)
    0x080063ec   0x0000009c   Code   RO          786    x$fpl$dnaninf       fz_wm.l(dnaninf.o)
    0x08006488   0x0000000c   Code   RO          788    x$fpl$dretinf       fz_wm.l(dretinf.o)
    0x08006494   0x0000000a   Code   RO          877    x$fpl$fpinit        fz_wm.l(fpinit.o)
    0x0800649e   0x0000000a   Code   RO          790    x$fpl$fretinf       fz_wm.l(fretinf.o)
    0x080064a8   0x00000000   Code   RO          792    x$fpl$usenofp       fz_wm.l(usenofp.o)
    0x080064a8   0x000019dd   Data   RO          628    .constdata          oled.o
    0x08007e85   0x00000003   PAD
    0x08007e88   0x00000020   Data   RO          940    Region$$Table       anon$$obj.o


    Execution Region RW_IRAM1 (Base: 0x20000000, Size: 0x00000c70, Max: 0x00020000, ABSOLUTE, COMPRESSED[0x0000003c])

    Base Addr    Size         Type   Attr      Idx    E Section Name        Object

    0x20000000   0x0000001f   Data   RW            4    .data               main.o
    0x2000001f   0x00000001   PAD
    0x20000020   0x00000014   Data   RW          205    .data               system_stm32f4xx.o
    0x20000034   0x00000010   Data   RW          324    .data               stm32f4xx_rcc.o
    0x20000044   0x00000004   Data   RW          429    .data               delay.o
    0x20000048   0x00000003   Data   RW          527    .data               pos_mach.o
    0x2000004b   0x00000001   PAD
    0x2000004c   0x0000004a   Data   RW          569    .data               ctrl.o
    0x20000096   0x00000002   PAD
    0x20000098   0x00000050   Data   RW          601    .data               pid.o
    0x200000e8   0x00000001   Data   RW          657    .data               key.o
    0x200000e9   0x00000003   Data   RW          679    .data               uart3.o
    0x200000ec   0x00000060   Data   RW          721    .data               filter.o
    0x2000014c   0x00000032   Zero   RW          526    .bss                pos_mach.o
    0x2000017e   0x00000400   Zero   RW          627    .bss                oled.o
    0x2000057e   0x00000032   Zero   RW          678    .bss                uart3.o
    0x200005b0   0x00000060   Zero   RW          720    .bss                filter.o
    0x20000610   0x00000060   Zero   RW          819    .bss                c_w.l(libspace.o)
    0x20000670   0x00000200   Zero   RW          229    HEAP                startup_stm32f40_41xxx.o
    0x20000870   0x00000400   Zero   RW          228    STACK               startup_stm32f40_41xxx.o


==============================================================================

Image component sizes


      Code (inc. data)   RO Data    RW Data    ZI Data      Debug   Object Name

      4332        350          0         74          0       4443   ctrl.o
       260          8          0          4          0       1425   delay.o
      2700        216          0         96         96       3856   filter.o
       572          8          0          1          0       1141   key.o
        64          4          0          0          0        519   led.o
      2124        298          0         31          0     283220   main.o
       224         20          0          0          0     230937   misc.o
      1512         44       6621          0       1024       5891   oled.o
       356         72          0         80          0       2596   pid.o
      1268         52          0          3         50       3850   pos_mach.o
      1524         44          0          0          0       3037   pwm_out.o
        64         26        392          0       1536        832   startup_stm32f40_41xxx.o
       660         44          0          0          0       4081   stm32f4xx_gpio.o
        26          0          0          0          0       1218   stm32f4xx_it.o
      1628         52          0         16          0      12864   stm32f4xx_rcc.o
      3234         60          0          0          0      22288   stm32f4xx_tim.o
      1108         34          0          0          0       7784   stm32f4xx_usart.o
      1124         46          0          0          0       3809   sys.o
       528         46          0         20          0       1759   system_stm32f4xx.o
        92          6          0          0          0        664   timer.o
       172          8          0          0          0        721   uart2.o
       600         24          0          3         50       2570   uart3.o
       200         10          0          0          0       2767   usart.o

    ----------------------------------------------------------------------
     24376       1472       7048        332       2756     602272   Object Totals
         0          0         32          0          0          0   (incl. Generated)
         4          0          3          4          0          0   (incl. Padding)

    ----------------------------------------------------------------------

      Code (inc. data)   RO Data    RW Data    ZI Data      Debug   Library Member Name

        90          0          0          0          0          0   __dczerorl2.o
         8          0          0          0          0         68   __main.o
         0          0          0          0          0          0   __rtentry.o
        12          0          0          0          0          0   __rtentry2.o
         6          0          0          0          0          0   __rtentry4.o
        52          8          0          0          0          0   __scatter.o
        28          0          0          0          0          0   __scatter_zi.o
        12          0          0          0          0         72   exit.o
         6          0          0          0          0        152   heapauxi.o
         2          0          0          0          0          0   libinit.o
         6          0          0          0          0          0   libinit2.o
         2          0          0          0          0          0   libshutdown.o
         2          0          0          0          0          0   libshutdown2.o
         8          4          0          0         96         68   libspace.o
         2          0          0          0          0          0   rtexit.o
        10          0          0          0          0          0   rtexit2.o
        74          0          0          0          0         80   sys_stackheap_outer.o
         2          0          0          0          0         68   use_no_semi.o
         2          0          0          0          0         68   use_no_semi_2.o
        98          4          0          0          0        140   d2f.o
        46          0          0          0          0        116   dflt_clz.o
       340         12          0          0          0        152   dmul.o
       156          4          0          0          0        140   dnaninf.o
        12          0          0          0          0        116   dretinf.o
        10          0          0          0          0        116   fpinit.o
        10          0          0          0          0        116   fretinf.o
         0          0          0          0          0          0   usenofp.o

    ----------------------------------------------------------------------
      1000         32          0          0         96       1472   Library Totals
         4          0          0          0          0          0   (incl. Padding)

    ----------------------------------------------------------------------

      Code (inc. data)   RO Data    RW Data    ZI Data      Debug   Library Name

       324         12          0          0         96        576   c_w.l
       672         20          0          0          0        896   fz_wm.l

    ----------------------------------------------------------------------
      1000         32          0          0         96       1472   Library Totals

    ----------------------------------------------------------------------

==============================================================================


      Code (inc. data)   RO Data    RW Data    ZI Data      Debug   

     25376       1504       7048        332       2852     599288   Grand Totals
     25376       1504       7048         60       2852     599288   ELF Image Totals (compressed)
     25376       1504       7048         60          0          0   ROM Totals

==============================================================================

    Total RO  Size (Code + RO Data)                32424 (  31.66kB)
    Total RW  Size (RW Data + ZI Data)              3184 (   3.11kB)
    Total ROM Size (Code + RO Data + RW Data)      32484 (  31.72kB)

==============================================================================

